../App/app_network_connect.c:307:6:NetConThreadInit	16	static
../App/app_network_connect.c:2265:6:BroadCastMyID	88	static
../App/app_network_connect.c:2390:6:ConfirmPairing	40	static
../App/app_network_connect.c:2537:6:ConfirmDataReceived	0	static
../App/app_network_connect.c:2692:9:IdenticalIDs	8	static
../App/app_network_connect.c:324:6:StartNetConThread	128	static
../App/app_network_connect.c:2704:6:app_netw_con_notify_fromISR	24	static
../App/app_network_connect.c:2715:6:NwConThreadNotify	16	static
