C:/Users/jonac/Documents/GitHub/Plant-Sensor/V2/Software/test2/System/Modules/ble_timer.c:55:6:BLE_TIMER_Init	8	static
C:/Users/jonac/Documents/GitHub/Plant-Sensor/V2/Software/test2/System/Modules/ble_timer.c:67:9:BLE_TIMER_Start	32	static
C:/Users/jonac/Documents/GitHub/Plant-Sensor/V2/Software/test2/System/Modules/ble_timer.c:102:6:BLE_TIMER_Stop	24	static
C:/Users/jonac/Documents/GitHub/Plant-Sensor/V2/Software/test2/System/Modules/ble_timer.c:116:13:BLE_TIMER_Background	8	static
C:/Users/jonac/Documents/GitHub/Plant-Sensor/V2/Software/test2/System/Modules/ble_timer.c:127:13:BLE_TIMER_Callback	16	static
C:/Users/jonac/Documents/GitHub/Plant-Sensor/V2/Software/test2/System/Modules/ble_timer.c:134:21:BLE_TIMER_GetFromList	24	static
