../Middlewares/ST/STM32_WPAN/link_layer/ll_sys/src/ll_sys_intf.c:29:6:ll_sys_init	8	static
../Middlewares/ST/STM32_WPAN/link_layer/ll_sys/src/ll_sys_intf.c:39:6:ll_sys_delay_us	16	static
../Middlewares/ST/STM32_WPAN/link_layer/ll_sys/src/ll_sys_intf.c:49:6:ll_sys_assert	16	static
../Middlewares/ST/STM32_WPAN/link_layer/ll_sys/src/ll_sys_intf.c:59:6:ll_sys_radio_ack_ctrl	16	static
../Middlewares/ST/STM32_WPAN/link_layer/ll_sys/src/ll_sys_intf.c:69:6:ll_sys_radio_wait_for_busclkrdy	8	static
../Middlewares/ST/STM32_WPAN/link_layer/ll_sys/src/ll_sys_intf.c:79:6:ll_sys_get_rng	16	static
../Middlewares/ST/STM32_WPAN/link_layer/ll_sys/src/ll_sys_intf.c:89:6:ll_sys_setup_radio_intr	16	static
../Middlewares/ST/STM32_WPAN/link_layer/ll_sys/src/ll_sys_intf.c:100:6:ll_sys_setup_radio_sw_low_intr	16	static
../Middlewares/ST/STM32_WPAN/link_layer/ll_sys/src/ll_sys_intf.c:110:6:ll_sys_radio_sw_low_intr_trigger	16	static
../Middlewares/ST/STM32_WPAN/link_layer/ll_sys/src/ll_sys_intf.c:120:6:ll_sys_radio_evt_not	16	static
../Middlewares/ST/STM32_WPAN/link_layer/ll_sys/src/ll_sys_intf.c:138:6:ll_sys_request_temperature	8	static
../Middlewares/ST/STM32_WPAN/link_layer/ll_sys/src/ll_sys_intf.c:148:6:ll_sys_bg_process	8	static
../Middlewares/ST/STM32_WPAN/link_layer/ll_sys/src/ll_sys_intf.c:164:13:HostStack_Process	4	static
