../STM32_WPAN/Target/linklayer_plat.c:66:6:LINKLAYER_PLAT_ClockInit	8	static
../STM32_WPAN/Target/linklayer_plat.c:80:6:LINKLAYER_PLAT_DelayUs	8	static,ignoring_inline_asm
../STM32_WPAN/Target/linklayer_plat.c:95:6:LINKLAYER_PLAT_Assert	0	static
../STM32_WPAN/Target/linklayer_plat.c:105:6:LINKLAYER_PLAT_WaitHclkRdy	8	static
../STM32_WPAN/Target/linklayer_plat.c:116:6:LINKLAYER_PLAT_AclkCtrl	8	static
../STM32_WPAN/Target/linklayer_plat.c:138:6:LINKLAYER_PLAT_GetRNG	32	static
../STM32_WPAN/Target/linklayer_plat.c:165:6:LINKLAYER_PLAT_SetupRadioIT	8	static
../STM32_WPAN/Target/linklayer_plat.c:177:6:LINKLAYER_PLAT_SetupSwLowIT	8	static
../STM32_WPAN/Target/linklayer_plat.c:190:6:LINKLAYER_PLAT_TriggerSwLowIT	8	static
../STM32_WPAN/Target/linklayer_plat.c:231:6:LINKLAYER_PLAT_EnableIRQ	0	static,ignoring_inline_asm
../STM32_WPAN/Target/linklayer_plat.c:247:6:LINKLAYER_PLAT_DisableIRQ	0	static,ignoring_inline_asm
../STM32_WPAN/Target/linklayer_plat.c:268:6:LINKLAYER_PLAT_EnableSpecificIRQ	8	static,ignoring_inline_asm
../STM32_WPAN/Target/linklayer_plat.c:315:6:LINKLAYER_PLAT_DisableSpecificIRQ	8	static,ignoring_inline_asm
../STM32_WPAN/Target/linklayer_plat.c:359:6:LINKLAYER_PLAT_EnableRadioIT	0	static
../STM32_WPAN/Target/linklayer_plat.c:377:6:LINKLAYER_PLAT_DisableRadioIT	0	static
../STM32_WPAN/Target/linklayer_plat.c:395:6:LINKLAYER_PLAT_StartRadioEvt	0	static
../STM32_WPAN/Target/linklayer_plat.c:409:6:LINKLAYER_PLAT_StopRadioEvt	0	static
../STM32_WPAN/Target/linklayer_plat.c:423:6:LINKLAYER_PLAT_RequestTemperature	0	static
../STM32_WPAN/Target/linklayer_plat.c:435:6:LINKLAYER_PLAT_EnableOSContextSwitch	0	static
../STM32_WPAN/Target/linklayer_plat.c:444:6:LINKLAYER_PLAT_DisableOSContextSwitch	0	static
