../Drivers/Invn/EmbUtils/InvScheduler.c:34:20:InvScheduler_removeTask	0	static
../Drivers/Invn/EmbUtils/InvScheduler.c:88:5:InvScheduler_getActiveTaskCountU	0	static
../Drivers/Invn/EmbUtils/InvScheduler.c:100:10:InvScheduler_getNextTimeU	12	static
../Drivers/Invn/EmbUtils/InvScheduler.c:128:10:InvScheduler_getMinPeriodU	0	static
../Drivers/Invn/EmbUtils/InvScheduler.c:149:5:InvScheduler_dispatchOneTask	24	static
../Drivers/Invn/EmbUtils/InvScheduler.c:187:5:InvScheduler_dispatchTasks	16	static
../Drivers/Invn/EmbUtils/InvScheduler.c:197:6:InvScheduler_initTaskDo	0	static
../Drivers/Invn/EmbUtils/InvScheduler.c:211:6:InvScheduler_startTaskU	16	static
../Drivers/Invn/EmbUtils/InvScheduler.c:222:6:InvScheduler_startTask	0	static
../Drivers/Invn/EmbUtils/InvScheduler.c:229:6:InvScheduler_stopTaskU	8	static
../Drivers/Invn/EmbUtils/InvScheduler.c:238:6:InvScheduler_stopTask	0	static
../Drivers/Invn/EmbUtils/InvScheduler.c:260:6:InvScheduler_printTask	32	static
../Drivers/Invn/EmbUtils/InvScheduler.c:281:6:InvScheduler_dumpTasks	16	static
