../Drivers/Invn/EmbUtils/RingByteBuffer.c:27:6:RingByteBuffer_clear	8	static
../Drivers/Invn/EmbUtils/RingByteBuffer.c:15:6:RingByteBuffer_init	8	static
../Drivers/Invn/EmbUtils/RingByteBuffer.c:37:10:RingByteBuffer_size	8	static
../Drivers/Invn/EmbUtils/RingByteBuffer.c:52:6:RingByteBuffer_pushByte	8	static
../Drivers/Invn/EmbUtils/RingByteBuffer.c:64:9:RingByteBuffer_popByte	8	static
../Drivers/Invn/EmbUtils/RingByteBuffer.c:80:6:RingByteBuffer_pushBuffer	16	static
../Drivers/Invn/EmbUtils/RingByteBuffer.c:96:6:RingByteBuffer_popBuffer	16	static
