../STM32_WPAN/App/app_ble.c:1329:13:Switch_OFF_GPIO	0	static
../STM32_WPAN/App/app_ble.c:1323:13:Adv_Cancel_Req	0	static
../STM32_WPAN/App/app_ble.c:1200:13:Ble_UserEvtRx	16	static
../STM32_WPAN/App/app_ble.c:1276:13:BleStack_Process_BG	8	static
../STM32_WPAN/App/app_ble.c:1301:13:BLE_ResumeFlowProcessCallback	0	static
../STM32_WPAN/App/app_ble.c:1311:13:BLE_NvmCallback	0	static
../STM32_WPAN/App/app_ble.c:709:22:APP_BLE_Get_Server_Connection_Status	0	static
../STM32_WPAN/App/app_ble.c:714:6:APP_BLE_Procedure_Gap_General	32	static
../STM32_WPAN/App/app_ble.c:799:6:APP_BLE_Procedure_Gap_Peripheral	48	static
../STM32_WPAN/App/app_ble.c:241:6:APP_BLE_Init	88	static
../STM32_WPAN/App/app_ble.c:1335:13:Adv_Cancel	8	static
../STM32_WPAN/App/app_ble.c:345:28:SVCCTL_App_Notification	40	static
../STM32_WPAN/App/app_ble.c:1422:12:BLECB_Indication	32	static
../STM32_WPAN/App/app_ble.c:1462:6:NVMCB_Store	0	static
../STM32_WPAN/App/app_ble.c:1474:6:APPE_Button1Action	8	static
../STM32_WPAN/App/app_ble.c:1489:6:APPE_Button2Action	8	static
../STM32_WPAN/App/app_ble.c:1515:6:APPE_Button3Action	0	static
