../Drivers/SX1280/SX1280.c:93:6:SX1280WaitOnBusy	16	static
../Drivers/SX1280/SX1280.c:359:6:WriteRegister_16bAddress	24	static
../Drivers/SX1280/SX1280.c:374:6:ReadRegister_16bAddress	24	static
../Drivers/SX1280/SX1280.c:405:6:SX1280HalReadCommand	32	static
../Drivers/SX1280/SX1280.c:67:6:SX1280HalReset	24	static
../Drivers/SX1280/SX1280.c:135:15:SX1280GetStatus	24	static
../Drivers/SX1280/SX1280.c:430:6:SetRx	16	static
../Drivers/SX1280/SX1280.c:454:6:SetTx	16	static
../Drivers/SX1280/SX1280.c:489:6:SX1280HalWriteCommand	24	static
../Drivers/SX1280/SX1280.c:213:6:SetRfFrequency	16	static
../Drivers/SX1280/SX1280.c:224:6:SX1280SetSleep	24	static
../Drivers/SX1280/SX1280.c:243:6:GoToStandby	24	static
../Drivers/SX1280/SX1280.c:280:6:SetTypicalRegisterSettings	40	static
../Drivers/SX1280/SX1280.c:480:6:ClearIrqStatus	16	static
../Drivers/SX1280/SX1280.c:509:6:SX1280HalWriteReadCommand	32	static
../Drivers/SX1280/SX1280.c:524:6:WriteTXBuffer	24	static
../Drivers/SX1280/SX1280.c:537:6:ReadRXBuffer	32	static
../Drivers/SX1280/SX1280.c:662:8:calc_y1	32	static
../Drivers/SX1280/SX1280.c:697:9:complement2	0	static
../Drivers/SX1280/SX1280.c:707:8:SX1280GetRangingCorrectionPerSfBwGain	8	static
../Drivers/SX1280/SX1280.c:780:9:SX1280GetRangingPowerDeltaThresholdIndicator	16	static
../Drivers/SX1280/SX1280.c:805:9:SX1280GetLoRaBandwidth	0	static
../Drivers/SX1280/SX1280.c:837:8:SX1280ComputeRangingCorrectionPolynome	40	static
../Drivers/SX1280/SX1280.c:898:6:SX1280Init	40	static
