../Drivers/STM32WBAxx_HAL_Driver/Src/stm32wbaxx_hal_uart.c:681:13:HAL_UART_MspInit	0	static
../Drivers/STM32WBAxx_HAL_Driver/Src/stm32wbaxx_hal_uart.c:2757:13:HAL_UARTEx_RxEventCallback	0	static
../Drivers/STM32WBAxx_HAL_Driver/Src/stm32wbaxx_hal_uart.c:3702:13:UART_EndTxTransfer	0	static,ignoring_inline_asm
../Drivers/STM32WBAxx_HAL_Driver/Src/stm32wbaxx_hal_uart.c:3719:13:UART_EndRxTransfer	8	static,ignoring_inline_asm
../Drivers/STM32WBAxx_HAL_Driver/Src/stm32wbaxx_hal_uart.c:3746:13:UART_DMATransmitCplt	0	static,ignoring_inline_asm
../Drivers/STM32WBAxx_HAL_Driver/Src/stm32wbaxx_hal_uart.c:3780:13:UART_DMATxHalfCplt	0	static
../Drivers/STM32WBAxx_HAL_Driver/Src/stm32wbaxx_hal_uart.c:3798:13:UART_DMAReceiveCplt	0	static,ignoring_inline_asm
../Drivers/STM32WBAxx_HAL_Driver/Src/stm32wbaxx_hal_uart.c:3859:13:UART_DMARxHalfCplt	0	static
../Drivers/STM32WBAxx_HAL_Driver/Src/stm32wbaxx_hal_uart.c:3897:13:UART_DMAError	16	static
../Drivers/STM32WBAxx_HAL_Driver/Src/stm32wbaxx_hal_uart.c:3937:13:UART_DMAAbortOnError	0	static
../Drivers/STM32WBAxx_HAL_Driver/Src/stm32wbaxx_hal_uart.c:3960:13:UART_DMATxAbortCallback	0	static
../Drivers/STM32WBAxx_HAL_Driver/Src/stm32wbaxx_hal_uart.c:4015:13:UART_DMARxAbortCallback	0	static
../Drivers/STM32WBAxx_HAL_Driver/Src/stm32wbaxx_hal_uart.c:4067:13:UART_DMATxOnlyAbortCallback	0	static
../Drivers/STM32WBAxx_HAL_Driver/Src/stm32wbaxx_hal_uart.c:4100:13:UART_DMARxOnlyAbortCallback	0	static
../Drivers/STM32WBAxx_HAL_Driver/Src/stm32wbaxx_hal_uart.c:4301:13:UART_RxISR_8BIT	0	static,ignoring_inline_asm
../Drivers/STM32WBAxx_HAL_Driver/Src/stm32wbaxx_hal_uart.c:4485:13:UART_RxISR_8BIT_FIFOEN	40	static,ignoring_inline_asm
../Drivers/STM32WBAxx_HAL_Driver/Src/stm32wbaxx_hal_uart.c:4647:13:UART_RxISR_16BIT_FIFOEN	40	static,ignoring_inline_asm
../Drivers/STM32WBAxx_HAL_Driver/Src/stm32wbaxx_hal_uart.c:4134:13:UART_TxISR_8BIT.part.0	0	static,ignoring_inline_asm
../Drivers/STM32WBAxx_HAL_Driver/Src/stm32wbaxx_hal_uart.c:4134:13:UART_TxISR_8BIT	0	static
../Drivers/STM32WBAxx_HAL_Driver/Src/stm32wbaxx_hal_uart.c:4163:13:UART_TxISR_16BIT	0	static
../Drivers/STM32WBAxx_HAL_Driver/Src/stm32wbaxx_hal_uart.c:4195:13:UART_TxISR_8BIT_FIFOEN	8	static,ignoring_inline_asm
../Drivers/STM32WBAxx_HAL_Driver/Src/stm32wbaxx_hal_uart.c:4235:13:UART_TxISR_16BIT_FIFOEN	8	static,ignoring_inline_asm
../Drivers/STM32WBAxx_HAL_Driver/Src/stm32wbaxx_hal_uart.c:4392:13:UART_RxISR_16BIT	0	static,ignoring_inline_asm
../Drivers/STM32WBAxx_HAL_Driver/Src/stm32wbaxx_hal_uart.c:2740:13:HAL_UART_AbortReceiveCpltCallback	0	static
../Drivers/STM32WBAxx_HAL_Driver/Src/stm32wbaxx_hal_uart.c:696:13:HAL_UART_MspDeInit	0	static
../Drivers/STM32WBAxx_HAL_Driver/Src/stm32wbaxx_hal_uart.c:2635:13:HAL_UART_TxCpltCallback	0	static
../Drivers/STM32WBAxx_HAL_Driver/Src/stm32wbaxx_hal_uart.c:2650:13:HAL_UART_TxHalfCpltCallback	0	static
../Drivers/STM32WBAxx_HAL_Driver/Src/stm32wbaxx_hal_uart.c:2665:13:HAL_UART_RxCpltCallback	0	static
../Drivers/STM32WBAxx_HAL_Driver/Src/stm32wbaxx_hal_uart.c:2680:13:HAL_UART_RxHalfCpltCallback	0	static
../Drivers/STM32WBAxx_HAL_Driver/Src/stm32wbaxx_hal_uart.c:2695:13:HAL_UART_ErrorCallback	0	static
../Drivers/STM32WBAxx_HAL_Driver/Src/stm32wbaxx_hal_uart.c:2710:13:HAL_UART_AbortCpltCallback	0	static
../Drivers/STM32WBAxx_HAL_Driver/Src/stm32wbaxx_hal_uart.c:2725:13:HAL_UART_AbortTransmitCpltCallback	0	static
../Drivers/STM32WBAxx_HAL_Driver/Src/stm32wbaxx_hal_uart.c:634:19:HAL_UART_DeInit	8	static
../Drivers/STM32WBAxx_HAL_Driver/Src/stm32wbaxx_hal_uart.c:732:19:HAL_UART_RegisterCallback	0	static
../Drivers/STM32WBAxx_HAL_Driver/Src/stm32wbaxx_hal_uart.c:856:19:HAL_UART_UnRegisterCallback	0	static
../Drivers/STM32WBAxx_HAL_Driver/Src/stm32wbaxx_hal_uart.c:957:19:HAL_UART_RegisterRxEventCallback	0	static
../Drivers/STM32WBAxx_HAL_Driver/Src/stm32wbaxx_hal_uart.c:994:19:HAL_UART_UnRegisterRxEventCallback	0	static
../Drivers/STM32WBAxx_HAL_Driver/Src/stm32wbaxx_hal_uart.c:1296:19:HAL_UART_Transmit_IT	8	static,ignoring_inline_asm
../Drivers/STM32WBAxx_HAL_Driver/Src/stm32wbaxx_hal_uart.c:1406:19:HAL_UART_Transmit_DMA	16	static,ignoring_inline_asm
../Drivers/STM32WBAxx_HAL_Driver/Src/stm32wbaxx_hal_uart.c:1551:19:HAL_UART_DMAPause	16	static,ignoring_inline_asm
../Drivers/STM32WBAxx_HAL_Driver/Src/stm32wbaxx_hal_uart.c:1613:19:HAL_UART_DMAResume	8	static,ignoring_inline_asm
../Drivers/STM32WBAxx_HAL_Driver/Src/stm32wbaxx_hal_uart.c:1662:19:HAL_UART_DMAStop	16	static,ignoring_inline_asm
../Drivers/STM32WBAxx_HAL_Driver/Src/stm32wbaxx_hal_uart.c:1738:19:HAL_UART_Abort	8	static,ignoring_inline_asm
../Drivers/STM32WBAxx_HAL_Driver/Src/stm32wbaxx_hal_uart.c:1843:19:HAL_UART_AbortTransmit	8	static,ignoring_inline_asm
../Drivers/STM32WBAxx_HAL_Driver/Src/stm32wbaxx_hal_uart.c:1904:19:HAL_UART_AbortReceive	8	static,ignoring_inline_asm
../Drivers/STM32WBAxx_HAL_Driver/Src/stm32wbaxx_hal_uart.c:1974:19:HAL_UART_Abort_IT	16	static,ignoring_inline_asm
../Drivers/STM32WBAxx_HAL_Driver/Src/stm32wbaxx_hal_uart.c:2129:19:HAL_UART_AbortTransmit_IT	8	static,ignoring_inline_asm
../Drivers/STM32WBAxx_HAL_Driver/Src/stm32wbaxx_hal_uart.c:2222:19:HAL_UART_AbortReceive_IT	8	static,ignoring_inline_asm
../Drivers/STM32WBAxx_HAL_Driver/Src/stm32wbaxx_hal_uart.c:2317:6:HAL_UART_IRQHandler	24	static,ignoring_inline_asm
../Drivers/STM32WBAxx_HAL_Driver/Src/stm32wbaxx_hal_uart.c:2805:6:HAL_UART_ReceiverTimeout_Config	0	static
../Drivers/STM32WBAxx_HAL_Driver/Src/stm32wbaxx_hal_uart.c:2820:19:HAL_UART_EnableReceiverTimeout	0	static
../Drivers/STM32WBAxx_HAL_Driver/Src/stm32wbaxx_hal_uart.c:2858:19:HAL_UART_DisableReceiverTimeout	0	static
../Drivers/STM32WBAxx_HAL_Driver/Src/stm32wbaxx_hal_uart.c:2936:6:HAL_MultiProcessor_EnterMuteMode	0	static
../Drivers/STM32WBAxx_HAL_Driver/Src/stm32wbaxx_hal_uart.c:2946:19:HAL_HalfDuplex_EnableTransmitter	8	static,ignoring_inline_asm
../Drivers/STM32WBAxx_HAL_Driver/Src/stm32wbaxx_hal_uart.c:2969:19:HAL_HalfDuplex_EnableReceiver	8	static,ignoring_inline_asm
../Drivers/STM32WBAxx_HAL_Driver/Src/stm32wbaxx_hal_uart.c:2993:19:HAL_LIN_SendBreak	0	static
../Drivers/STM32WBAxx_HAL_Driver/Src/stm32wbaxx_hal_uart.c:3038:23:HAL_UART_GetState	0	static
../Drivers/STM32WBAxx_HAL_Driver/Src/stm32wbaxx_hal_uart.c:3054:10:HAL_UART_GetError	0	static
../Drivers/STM32WBAxx_HAL_Driver/Src/stm32wbaxx_hal_uart.c:3076:6:UART_InitCallbacksToDefault	0	static
../Drivers/STM32WBAxx_HAL_Driver/Src/stm32wbaxx_hal_uart.c:3099:19:UART_SetConfig	16	static
../Drivers/STM32WBAxx_HAL_Driver/Src/stm32wbaxx_hal_uart.c:3320:6:UART_AdvFeatureConfig	8	static
../Drivers/STM32WBAxx_HAL_Driver/Src/stm32wbaxx_hal_uart.c:3465:19:UART_WaitOnFlagUntilTimeout	32	static
../Drivers/STM32WBAxx_HAL_Driver/Src/stm32wbaxx_hal_uart.c:1122:19:HAL_UART_Transmit	40	static
../Drivers/STM32WBAxx_HAL_Driver/Src/stm32wbaxx_hal_uart.c:1212:19:HAL_UART_Receive	40	static
../Drivers/STM32WBAxx_HAL_Driver/Src/stm32wbaxx_hal_uart.c:3396:19:UART_CheckIdleState	24	static,ignoring_inline_asm
../Drivers/STM32WBAxx_HAL_Driver/Src/stm32wbaxx_hal_uart.c:309:19:HAL_UART_Init	8	static
../Drivers/STM32WBAxx_HAL_Driver/Src/stm32wbaxx_hal_uart.c:384:19:HAL_HalfDuplex_Init	8	static
../Drivers/STM32WBAxx_HAL_Driver/Src/stm32wbaxx_hal_uart.c:459:19:HAL_LIN_Init	16	static
../Drivers/STM32WBAxx_HAL_Driver/Src/stm32wbaxx_hal_uart.c:558:19:HAL_MultiProcessor_Init	16	static
../Drivers/STM32WBAxx_HAL_Driver/Src/stm32wbaxx_hal_uart.c:2896:19:HAL_MultiProcessor_EnableMuteMode	0	static,ignoring_inline_asm
../Drivers/STM32WBAxx_HAL_Driver/Src/stm32wbaxx_hal_uart.c:2916:19:HAL_MultiProcessor_DisableMuteMode	0	static,ignoring_inline_asm
../Drivers/STM32WBAxx_HAL_Driver/Src/stm32wbaxx_hal_uart.c:3533:19:UART_Start_Receive_IT	12	static,ignoring_inline_asm
../Drivers/STM32WBAxx_HAL_Driver/Src/stm32wbaxx_hal_uart.c:1364:19:HAL_UART_Receive_IT	8	static,ignoring_inline_asm
../Drivers/STM32WBAxx_HAL_Driver/Src/stm32wbaxx_hal_uart.c:3606:19:UART_Start_Receive_DMA	16	static,ignoring_inline_asm
../Drivers/STM32WBAxx_HAL_Driver/Src/stm32wbaxx_hal_uart.c:1515:19:HAL_UART_Receive_DMA	8	static,ignoring_inline_asm
