../Drivers/STM32WBAxx_HAL_Driver/Src/stm32wbaxx_hal_rcc_ex.c:96:19:HAL_RCCEx_PeriphCLKConfig	40	static
../Drivers/STM32WBAxx_HAL_Driver/Src/stm32wbaxx_hal_rcc_ex.c:407:6:HAL_RCCEx_GetPeriphCLKConfig	0	static
../Drivers/STM32WBAxx_HAL_Driver/Src/stm32wbaxx_hal_rcc_ex.c:523:10:HAL_RCCEx_GetPeriphCLKFreq	8	static
../Drivers/STM32WBAxx_HAL_Driver/Src/stm32wbaxx_hal_rcc_ex.c:1149:6:HAL_RCCEx_EnableLSECSS	0	static
../Drivers/STM32WBAxx_HAL_Driver/Src/stm32wbaxx_hal_rcc_ex.c:1159:6:HAL_RCCEx_DisableLSECSS	0	static
../Drivers/STM32WBAxx_HAL_Driver/Src/stm32wbaxx_hal_rcc_ex.c:1172:6:HAL_RCCEx_EnableLSCO	0	static
../Drivers/STM32WBAxx_HAL_Driver/Src/stm32wbaxx_hal_rcc_ex.c:1185:6:HAL_RCCEx_DisableLSCO	0	static
../Drivers/STM32WBAxx_HAL_Driver/Src/stm32wbaxx_hal_rcc_ex.c:1197:6:HAL_RCCEx_HSESetTrimming	0	static
../Drivers/STM32WBAxx_HAL_Driver/Src/stm32wbaxx_hal_rcc_ex.c:1209:10:HAL_RCCEx_HSEGetTrimming	0	static
../Drivers/STM32WBAxx_HAL_Driver/Src/stm32wbaxx_hal_rcc_ex.c:1224:6:HAL_RCCEx_LSESetTrimming	0	static
../Drivers/STM32WBAxx_HAL_Driver/Src/stm32wbaxx_hal_rcc_ex.c:1236:10:HAL_RCCEx_LSEGetTrimming	0	static
../Drivers/STM32WBAxx_HAL_Driver/Src/stm32wbaxx_hal_rcc_ex.c:1302:6:HAL_RCCEx_EnableRadioBBClock	0	static
../Drivers/STM32WBAxx_HAL_Driver/Src/stm32wbaxx_hal_rcc_ex.c:1311:6:HAL_RCCEx_DisableRadioBBClock	0	static
../Drivers/STM32WBAxx_HAL_Driver/Src/stm32wbaxx_hal_rcc_ex.c:1320:6:HAL_RCCEx_EnableRequestUponRadioWakeUpEvent	0	static
../Drivers/STM32WBAxx_HAL_Driver/Src/stm32wbaxx_hal_rcc_ex.c:1329:6:HAL_RCCEx_DisableRequestUponRadioWakeUpEvent	0	static
../Drivers/STM32WBAxx_HAL_Driver/Src/stm32wbaxx_hal_rcc_ex.c:1342:10:HAL_RCCEx_GetRadioBusClockReadiness	0	static
