../../Drivers/STM32WBAxx_HAL_Driver/Inc/stm32wbaxx_ll_rcc.h:967:22:LL_RCC_HSI_Disable	4	static
../../Drivers/STM32WBAxx_HAL_Driver/Inc/stm32wbaxx_ll_rcc.h:2959:22:LL_RCC_ClearResetFlags	4	static
../../Drivers/STM32WBAxx_HAL_Driver/Inc/stm32wbaxx_ll_bus.h:858:22:LL_AHB5_GRP1_EnableClock	24	static
../../Drivers/STM32WBAxx_HAL_Driver/Inc/stm32wbaxx_ll_pwr.h:1518:22:LL_PWR_ClearFlag_STOP	4	static
C:/Users/jonac/Documents/GitHub/Plant-Sensor/V2/Software/test2/Core/Src/app_entry.c:155:6:MX_APPE_Config	8	static
C:/Users/jonac/Documents/GitHub/Plant-Sensor/V2/Software/test2/Core/Src/app_entry.c:164:10:MX_APPE_Init	16	static
C:/Users/jonac/Documents/GitHub/Plant-Sensor/V2/Software/test2/Core/Src/app_entry.c:224:6:MX_APPE_Process	8	static
C:/Users/jonac/Documents/GitHub/Plant-Sensor/V2/Software/test2/Core/Src/app_entry.c:249:13:Config_HSE	16	static
C:/Users/jonac/Documents/GitHub/Plant-Sensor/V2/Software/test2/Core/Src/app_entry.c:268:13:System_Init	8	static
C:/Users/jonac/Documents/GitHub/Plant-Sensor/V2/Software/test2/Core/Src/app_entry.c:313:13:SystemPower_Config	8	static
C:/Users/jonac/Documents/GitHub/Plant-Sensor/V2/Software/test2/Core/Src/app_entry.c:359:13:APPE_RNG_Init	8	static
C:/Users/jonac/Documents/GitHub/Plant-Sensor/V2/Software/test2/Core/Src/app_entry.c:370:13:APPE_FLASH_MANAGER_Init	8	static
C:/Users/jonac/Documents/GitHub/Plant-Sensor/V2/Software/test2/Core/Src/app_entry.c:379:13:APPE_BPKA_Init	8	static
C:/Users/jonac/Documents/GitHub/Plant-Sensor/V2/Software/test2/Core/Src/app_entry.c:385:13:APPE_AMM_Init	8	static
C:/Users/jonac/Documents/GitHub/Plant-Sensor/V2/Software/test2/Core/Src/app_entry.c:407:6:UTIL_SEQ_Idle	8	static
C:/Users/jonac/Documents/GitHub/Plant-Sensor/V2/Software/test2/Core/Src/app_entry.c:422:6:UTIL_SEQ_PreIdle	8	static
C:/Users/jonac/Documents/GitHub/Plant-Sensor/V2/Software/test2/Core/Src/app_entry.c:458:6:UTIL_SEQ_PostIdle	8	static
C:/Users/jonac/Documents/GitHub/Plant-Sensor/V2/Software/test2/Core/Src/app_entry.c:474:6:BPKACB_Process	8	static
C:/Users/jonac/Documents/GitHub/Plant-Sensor/V2/Software/test2/Core/Src/app_entry.c:482:6:HWCB_RNG_Process	8	static
C:/Users/jonac/Documents/GitHub/Plant-Sensor/V2/Software/test2/Core/Src/app_entry.c:487:6:AMM_RegisterBasicMemoryManager	16	static
C:/Users/jonac/Documents/GitHub/Plant-Sensor/V2/Software/test2/Core/Src/app_entry.c:495:6:AMM_ProcessRequest	8	static
C:/Users/jonac/Documents/GitHub/Plant-Sensor/V2/Software/test2/Core/Src/app_entry.c:501:13:AMM_WrapperInit	16	static
C:/Users/jonac/Documents/GitHub/Plant-Sensor/V2/Software/test2/Core/Src/app_entry.c:506:19:AMM_WrapperAllocate	16	static
C:/Users/jonac/Documents/GitHub/Plant-Sensor/V2/Software/test2/Core/Src/app_entry.c:511:13:AMM_WrapperFree	16	static
C:/Users/jonac/Documents/GitHub/Plant-Sensor/V2/Software/test2/Core/Src/app_entry.c:516:6:FM_ProcessRequest	8	static
C:/Users/jonac/Documents/GitHub/Plant-Sensor/V2/Software/test2/Core/Src/app_entry.c:524:6:RNG_KERNEL_CLK_OFF	8	static
C:/Users/jonac/Documents/GitHub/Plant-Sensor/V2/Software/test2/Core/Src/app_entry.c:537:6:SCM_HSI_CLK_OFF	8	static
