../../Drivers/STM32WBAxx_HAL_Driver/Inc/stm32wbaxx_ll_rcc.h:1763:26:LL_RCC_RADIO_GetSleepTimerClockSource	4	static
../../Drivers/STM32WBAxx_HAL_Driver/Inc/stm32wbaxx_ll_system.h:926:26:LL_DBGMCU_GetRevisionID	4	static
C:/Users/jonac/Documents/GitHub/Plant-Sensor/V2/Software/test2/STM32_WPAN/Target/ll_sys_if.c:88:6:ll_sys_bg_process_init	8	static
C:/Users/jonac/Documents/GitHub/Plant-Sensor/V2/Software/test2/STM32_WPAN/Target/ll_sys_if.c:99:6:ll_sys_schedule_bg_process	8	static
C:/Users/jonac/Documents/GitHub/Plant-Sensor/V2/Software/test2/STM32_WPAN/Target/ll_sys_if.c:109:6:ll_sys_schedule_bg_process_isr	8	static
C:/Users/jonac/Documents/GitHub/Plant-Sensor/V2/Software/test2/STM32_WPAN/Target/ll_sys_if.c:119:6:ll_sys_config_params	8	static
C:/Users/jonac/Documents/GitHub/Plant-Sensor/V2/Software/test2/STM32_WPAN/Target/ll_sys_if.c:159:6:ll_sys_bg_temperature_measurement_init	8	static
C:/Users/jonac/Documents/GitHub/Plant-Sensor/V2/Software/test2/STM32_WPAN/Target/ll_sys_if.c:170:6:ll_sys_bg_temperature_measurement	8	static
C:/Users/jonac/Documents/GitHub/Plant-Sensor/V2/Software/test2/STM32_WPAN/Target/ll_sys_if.c:188:9:ll_sys_BLE_sleep_clock_accuracy_selection	24	static
C:/Users/jonac/Documents/GitHub/Plant-Sensor/V2/Software/test2/STM32_WPAN/Target/ll_sys_if.c:227:6:ll_sys_sleep_clock_source_selection	16	static
C:/Users/jonac/Documents/GitHub/Plant-Sensor/V2/Software/test2/STM32_WPAN/Target/ll_sys_if.c:255:6:ll_sys_reset	16	static
