../App/../Drivers/Invn/Devices/../Devices/Device.h:199:19:inv_device_poll	16	static
../App/../Drivers/Invn/Devices/../Devices/Device.h:287:19:inv_device_ping_sensor	16	static
../App/../Drivers/Invn/Devices/../Devices/Device.h:335:19:inv_device_start_sensor	16	static
../App/../Drivers/Invn/Devices/../Devices/Device.h:356:19:inv_device_stop_sensor	16	static
../App/../Drivers/Invn/Devices/../Devices/Device.h:380:19:inv_device_set_sensor_period_us	24	static
../App/../Drivers/Invn/Devices/../Devices/Device.h:403:19:inv_device_set_sensor_period	24	static
../App/../Drivers/Invn/Devices/../Devices/Device.h:646:19:inv_device_set_sensor_config	40	static
../App/../Drivers/Invn/Devices/../Devices/Device.h:679:19:inv_device_get_sensor_config	40	static
../App/../Drivers/Invn/Devices/DeviceIcm20948.h:101:30:inv_device_icm20948_get_base	16	static
../App/app_imu.c:239:6:ImuThreadInit	16	static
../App/app_imu.c:251:6:ImuThreadStart	152	static
../App/app_imu.c:900:13:check_rc	16	static
../App/app_imu.c:911:6:inv_icm20948_sleep_us	16	static
../App/app_imu.c:918:10:inv_icm20948_get_time_us	8	static
../App/app_imu.c:929:13:sensor_event_cb	160	static
../App/app_imu.c:1353:6:ImuNotifyFromISR	32	static
../App/app_imu.c:1364:6:ICM20948_reset	8	static
../App/app_imu.c:1374:6:ICM_20948_sleepModeEnable	88	static
../App/app_imu.c:1441:15:float_to_fixed_euler	16	static
../App/app_imu.c:1447:15:float_to_fixed_quat	16	static
../App/app_imu.c:1453:6:imu_config_fsr_gyro	40	static
../App/app_imu.c:1504:6:imu_config_fsr_accel	40	static
../App/app_imu.c:1554:6:calibration_callback	32	static
../App/app_imu.c:1742:5:reset_DMP	32	static
../App/app_imu.c:1763:6:PollImuDevice	8	static
