../Core/Src/main.c:81:5:main	8	static
../Core/Src/main.c:142:6:SystemClock_Config	104	static
../Core/Src/main.c:197:6:PeriphCommonClock_Config	72	static
../Core/Src/main.c:217:6:MX_ADC4_Init	24	static
../Core/Src/main.c:276:6:MX_CRC_Init	8	static
../Core/Src/main.c:309:13:MX_GPDMA1_Init	16	static
../Core/Src/main.c:339:6:MX_ICACHE_Init	8	static
../Core/Src/main.c:371:6:MX_RAMCFG_Init	8	static
../Core/Src/main.c:400:6:MX_RNG_Init	8	static
../Core/Src/main.c:427:6:MX_RTC_Init	88	static
../Core/Src/main.c:497:6:MX_TIM16_Init	8	static
../Core/Src/main.c:529:6:MX_USART1_UART_Init	8	static
../Core/Src/main.c:577:13:MX_GPIO_Init	24	static
../Core/Src/main.c:602:6:Error_Handler	4	static,ignoring_inline_asm
