../Drivers/CMSIS/Include/core_cm33.h:2390:22:__NVIC_EnableIRQ	16	static,ignoring_inline_asm
../Drivers/CMSIS/Include/core_cm33.h:2428:22:__NVIC_DisableIRQ	16	static,ignoring_inline_asm
../Drivers/STM32WBAxx_HAL_Driver/Inc/stm32wbaxx_ll_rcc.h:1710:22:LL_RCC_RADIO_DisableSleepTimerClock	4	static
../Drivers/STM32WBAxx_HAL_Driver/Inc/stm32wbaxx_ll_tim.h:4842:22:LL_TIM_ClearFlag_UPDATE	16	static
../Drivers/STM32WBAxx_HAL_Driver/Inc/stm32wbaxx_ll_tim.h:4853:26:LL_TIM_IsActiveFlag_UPDATE	16	static
../Core/Src/stm32wbaxx_it.c:83:6:NMI_Handler	4	static
../Core/Src/stm32wbaxx_it.c:98:6:HardFault_Handler	4	static
../Core/Src/stm32wbaxx_it.c:113:6:MemManage_Handler	4	static
../Core/Src/stm32wbaxx_it.c:128:6:BusFault_Handler	4	static
../Core/Src/stm32wbaxx_it.c:143:6:UsageFault_Handler	4	static
../Core/Src/stm32wbaxx_it.c:158:6:SVC_Handler	4	static
../Core/Src/stm32wbaxx_it.c:171:6:DebugMon_Handler	4	static
../Core/Src/stm32wbaxx_it.c:184:6:PendSV_Handler	4	static
../Core/Src/stm32wbaxx_it.c:197:6:SysTick_Handler	8	static
../Core/Src/stm32wbaxx_it.c:218:6:RTC_IRQHandler	8	static
../Core/Src/stm32wbaxx_it.c:232:6:RCC_IRQHandler	8	static
../Core/Src/stm32wbaxx_it.c:262:6:GPDMA1_Channel0_IRQHandler	8	static
../Core/Src/stm32wbaxx_it.c:276:6:GPDMA1_Channel1_IRQHandler	8	static
../Core/Src/stm32wbaxx_it.c:290:6:USART1_IRQHandler	8	static
../Core/Src/stm32wbaxx_it.c:304:6:TIM16_IRQHandler	8	static
../Core/Src/stm32wbaxx_it.c:330:6:RNG_IRQHandler	8	static
../Core/Src/stm32wbaxx_it.c:344:6:RADIO_IRQHandler	8	static,ignoring_inline_asm
../Core/Src/stm32wbaxx_it.c:366:6:HASH_IRQHandler	8	static
