../Drivers/Invn/Devices/Drivers/Icm20948/Icm20948Setup.c:82:26:inv_icm20948_sensor_android_2_sensor_type	0	static
../Drivers/Invn/Devices/Drivers/Icm20948/Icm20948Setup.c:109:12:skip_sensor	8	static
../Drivers/Invn/Devices/Drivers/Icm20948/Icm20948Setup.c:121:5:inv_icm20948_get_whoami	0	static
../Drivers/Invn/Devices/Drivers/Icm20948/Icm20948Setup.c:127:6:inv_icm20948_init_matrix	0	static
../Drivers/Invn/Devices/Drivers/Icm20948/Icm20948Setup.c:147:5:inv_icm20948_init_structure	16	static
../Drivers/Invn/Devices/Drivers/Icm20948/Icm20948Setup.c:162:5:inv_icm20948_initialize	8	static
../Drivers/Invn/Devices/Drivers/Icm20948/Icm20948Setup.c:185:5:inv_icm20948_init_scale	8	static
../Drivers/Invn/Devices/Drivers/Icm20948/Icm20948Setup.c:193:5:inv_icm20948_set_fsr	4	static
../Drivers/Invn/Devices/Drivers/Icm20948/Icm20948Setup.c:231:5:inv_icm20948_get_fsr	8	static
../Drivers/Invn/Devices/Drivers/Icm20948/Icm20948Setup.c:273:5:inv_icm20948_set_bias	32	static
../Drivers/Invn/Devices/Drivers/Icm20948/Icm20948Setup.c:316:5:inv_icm20948_get_bias	40	static
../Drivers/Invn/Devices/Drivers/Icm20948/Icm20948Setup.c:359:5:inv_icm20948_set_lowpower_or_highperformance	0	static
../Drivers/Invn/Devices/Drivers/Icm20948/Icm20948Setup.c:369:5:inv_icm20948_get_lowpower_or_highperformance	0	static
../Drivers/Invn/Devices/Drivers/Icm20948/Icm20948Setup.c:385:5:inv_icm20948_set_matrix	56	static
../Drivers/Invn/Devices/Drivers/Icm20948/Icm20948Setup.c:420:5:inv_icm20948_initialize_auxiliary	8	static
../Drivers/Invn/Devices/Drivers/Icm20948/Icm20948Setup.c:427:5:inv_icm20948_soft_reset	8	static
../Drivers/Invn/Devices/Drivers/Icm20948/Icm20948Setup.c:436:5:inv_icm20948_enable_sensor	16	static
../Drivers/Invn/Devices/Drivers/Icm20948/Icm20948Setup.c:450:5:inv_icm20948_set_sensor_period	24	static
../Drivers/Invn/Devices/Drivers/Icm20948/Icm20948Setup.c:463:5:inv_icm20948_enable_batch_timeout	8	static
../Drivers/Invn/Devices/Drivers/Icm20948/Icm20948Setup.c:479:5:inv_icm20948_load	0	static
../Drivers/Invn/Devices/Drivers/Icm20948/Icm20948Setup.c:562:5:inv_icm20948_poll_sensor	408	static
