../Middlewares/Third_Party/FreeRTOS/Source/portable/GCC/ARM_CM33_NTZ/non_secure/port.c:650:13:prvTaskExitError	16	static
../Middlewares/Third_Party/FreeRTOS/Source/portable/GCC/ARM_CM33_NTZ/non_secure/port.c:411:36:vPortSuppressTicksAndSleep	32	static,ignoring_inline_asm
../Middlewares/Third_Party/FreeRTOS/Source/portable/GCC/ARM_CM33_NTZ/non_secure/port.c:629:32:vPortSetupTimerInterrupt	0	static
../Middlewares/Third_Party/FreeRTOS/Source/portable/GCC/ARM_CM33_NTZ/non_secure/port.c:792:6:vPortYield	0	static,ignoring_inline_asm
../Middlewares/Third_Party/FreeRTOS/Source/portable/GCC/ARM_CM33_NTZ/non_secure/port.c:804:6:vPortEnterCritical	8	static,ignoring_inline_asm
../Middlewares/Third_Party/FreeRTOS/Source/portable/GCC/ARM_CM33_NTZ/non_secure/port.c:816:6:vPortExitCritical	8	static
../Middlewares/Third_Party/FreeRTOS/Source/portable/GCC/ARM_CM33_NTZ/non_secure/port.c:828:6:xPortSysTickHandler	32	static
../Middlewares/Third_Party/FreeRTOS/Source/portable/GCC/ARM_CM33_NTZ/non_secure/port.c:854:6:vPortSVCHandler_C	8	static
../Middlewares/Third_Party/FreeRTOS/Source/portable/GCC/ARM_CM33_NTZ/non_secure/port.c:981:19:pxPortInitialiseStack	8	static
../Middlewares/Third_Party/FreeRTOS/Source/portable/GCC/ARM_CM33_NTZ/non_secure/port.c:1096:12:xPortStartScheduler	8	static
../Middlewares/Third_Party/FreeRTOS/Source/portable/GCC/ARM_CM33_NTZ/non_secure/port.c:1133:6:vPortEndScheduler	8	static
../Middlewares/Third_Party/FreeRTOS/Source/portable/GCC/ARM_CM33_NTZ/non_secure/port.c:1266:12:xPortIsInsideInterrupt	0	static,ignoring_inline_asm
