../../Drivers/CMSIS/Include/core_cm33.h:2378:26:__NVIC_GetPriorityGrouping	4	static
../../Drivers/CMSIS/Include/core_cm33.h:2390:22:__NVIC_EnableIRQ	16	static,ignoring_inline_asm
../../Drivers/CMSIS/Include/core_cm33.h:2587:22:__NVIC_SetPriority	16	static
../../Drivers/CMSIS/Include/core_cm33.h:2634:26:NVIC_EncodePriority	40	static
../../Drivers/STM32WBAxx_HAL_Driver/Inc/stm32wbaxx_ll_rcc.h:824:22:LL_RCC_HSE_Enable	4	static
../../Drivers/STM32WBAxx_HAL_Driver/Inc/stm32wbaxx_ll_rcc.h:844:26:LL_RCC_HSE_IsReady	4	static
../../Drivers/STM32WBAxx_HAL_Driver/Inc/stm32wbaxx_ll_rcc.h:855:22:LL_RCC_HSE_EnablePrescaler	4	static
../../Drivers/STM32WBAxx_HAL_Driver/Inc/stm32wbaxx_ll_rcc.h:866:26:LL_RCC_HSE_IsEnabledPrescaler	4	static
../../Drivers/STM32WBAxx_HAL_Driver/Inc/stm32wbaxx_ll_rcc.h:877:22:LL_RCC_HSE_DisablePrescaler	4	static
../../Drivers/STM32WBAxx_HAL_Driver/Inc/stm32wbaxx_ll_rcc.h:957:22:LL_RCC_HSI_Enable	4	static
../../Drivers/STM32WBAxx_HAL_Driver/Inc/stm32wbaxx_ll_rcc.h:977:26:LL_RCC_HSI_IsReady	4	static
../../Drivers/STM32WBAxx_HAL_Driver/Inc/stm32wbaxx_ll_rcc.h:1443:22:LL_RCC_SetSysClkSource	16	static
../../Drivers/STM32WBAxx_HAL_Driver/Inc/stm32wbaxx_ll_rcc.h:1456:26:LL_RCC_GetSysClkSource	4	static
../../Drivers/STM32WBAxx_HAL_Driver/Inc/stm32wbaxx_ll_rcc.h:1550:22:LL_RCC_SetAHB5Prescaler	16	static
../../Drivers/STM32WBAxx_HAL_Driver/Inc/stm32wbaxx_ll_rcc.h:1563:22:LL_RCC_SetAHB5Divider	16	static
../../Drivers/STM32WBAxx_HAL_Driver/Inc/stm32wbaxx_ll_rcc.h:1651:26:LL_RCC_GetAHB5Prescaler	4	static
../../Drivers/STM32WBAxx_HAL_Driver/Inc/stm32wbaxx_ll_rcc.h:2221:22:LL_RCC_PLL1_Disable	4	static
../../Drivers/STM32WBAxx_HAL_Driver/Inc/stm32wbaxx_ll_rcc.h:2369:22:LL_RCC_PLL1_SetMainSource	16	static
../../Drivers/STM32WBAxx_HAL_Driver/Inc/stm32wbaxx_ll_rcc.h:2402:26:LL_RCC_PLL1_GetN	4	static
../../Drivers/STM32WBAxx_HAL_Driver/Inc/stm32wbaxx_ll_rcc.h:2425:26:LL_RCC_PLL1_GetP	4	static
../../Drivers/STM32WBAxx_HAL_Driver/Inc/stm32wbaxx_ll_rcc.h:2448:26:LL_RCC_PLL1_GetQ	4	static
../../Drivers/STM32WBAxx_HAL_Driver/Inc/stm32wbaxx_ll_rcc.h:2470:26:LL_RCC_PLL1_GetR	4	static
../../Drivers/STM32WBAxx_HAL_Driver/Inc/stm32wbaxx_ll_rcc.h:2490:26:LL_RCC_PLL1_GetDivider	4	static
../../Drivers/STM32WBAxx_HAL_Driver/Inc/stm32wbaxx_ll_rcc.h:2564:22:LL_RCC_PLL1_EnableDomain_PLL1R	4	static
../../Drivers/STM32WBAxx_HAL_Driver/Inc/stm32wbaxx_ll_rcc.h:2598:22:LL_RCC_PLL1FRACN_Enable	4	static
../../Drivers/STM32WBAxx_HAL_Driver/Inc/stm32wbaxx_ll_rcc.h:2618:22:LL_RCC_PLL1FRACN_Disable	4	static
../../Drivers/STM32WBAxx_HAL_Driver/Inc/stm32wbaxx_ll_rcc.h:2628:22:LL_RCC_PLL1_SetFRACN	16	static
../../Drivers/STM32WBAxx_HAL_Driver/Inc/stm32wbaxx_ll_rcc.h:2638:26:LL_RCC_PLL1_GetFRACN	4	static
../../Drivers/STM32WBAxx_HAL_Driver/Inc/stm32wbaxx_ll_bus.h:1347:22:LL_APB2_GRP1_EnableClock	24	static
../../Drivers/STM32WBAxx_HAL_Driver/Inc/stm32wbaxx_ll_pwr.h:714:22:LL_PWR_SetRegulVoltageScaling	16	static
../../Drivers/STM32WBAxx_HAL_Driver/Inc/stm32wbaxx_ll_pwr.h:1368:26:LL_PWR_IsActiveFlag_VOS	4	static
../../Drivers/STM32WBAxx_HAL_Driver/Inc/stm32wbaxx_ll_tim.h:1650:22:LL_TIM_EnableCounter	16	static
../../Drivers/STM32WBAxx_HAL_Driver/Inc/stm32wbaxx_ll_tim.h:1661:22:LL_TIM_DisableCounter	16	static
../../Drivers/STM32WBAxx_HAL_Driver/Inc/stm32wbaxx_ll_tim.h:1672:26:LL_TIM_IsEnabledCounter	16	static
../../Drivers/STM32WBAxx_HAL_Driver/Inc/stm32wbaxx_ll_tim.h:1683:22:LL_TIM_EnableUpdateEvent	16	static
../../Drivers/STM32WBAxx_HAL_Driver/Inc/stm32wbaxx_ll_tim.h:1694:22:LL_TIM_DisableUpdateEvent	16	static
../../Drivers/STM32WBAxx_HAL_Driver/Inc/stm32wbaxx_ll_tim.h:1753:22:LL_TIM_SetOnePulseMode	16	static
../../Drivers/STM32WBAxx_HAL_Driver/Inc/stm32wbaxx_ll_tim.h:1841:22:LL_TIM_DisableARRPreload	16	static
../../Drivers/STM32WBAxx_HAL_Driver/Inc/stm32wbaxx_ll_tim.h:1918:26:LL_TIM_GetCounter	16	static
../../Drivers/STM32WBAxx_HAL_Driver/Inc/stm32wbaxx_ll_tim.h:4842:22:LL_TIM_ClearFlag_UPDATE	16	static
../../Drivers/STM32WBAxx_HAL_Driver/Inc/stm32wbaxx_ll_tim.h:5308:22:LL_TIM_EnableIT_UPDATE	16	static
../../Drivers/STM32WBAxx_HAL_Driver/Inc/stm32wbaxx_ll_tim.h:5319:22:LL_TIM_DisableIT_UPDATE	16	static
C:/Users/jonac/Documents/GitHub/Plant-Sensor/V2/Software/test2/Projects/Common/WPAN/Modules/scm.c:26:13:SCM_HSI_CLK_ON	8	static
C:/Users/jonac/Documents/GitHub/Plant-Sensor/V2/Software/test2/Projects/Common/WPAN/Modules/scm.c:32:13:SCM_HSI_CLK_OFF	4	static
C:/Users/jonac/Documents/GitHub/Plant-Sensor/V2/Software/test2/Projects/Common/WPAN/Modules/scm.c:38:13:SCM_HSI_SwithSystemClock_Entry	4	static
C:/Users/jonac/Documents/GitHub/Plant-Sensor/V2/Software/test2/Projects/Common/WPAN/Modules/scm.c:43:13:SCM_HSI_SwithSystemClock_Exit	4	static
C:/Users/jonac/Documents/GitHub/Plant-Sensor/V2/Software/test2/Projects/Common/WPAN/Modules/scm.c:94:36:scm_getmaxfreq	0	static
C:/Users/jonac/Documents/GitHub/Plant-Sensor/V2/Software/test2/Projects/Common/WPAN/Modules/scm.c:110:23:scm_systemclockconfig	8	static
C:/Users/jonac/Documents/GitHub/Plant-Sensor/V2/Software/test2/Projects/Common/WPAN/Modules/scm.c:192:23:SwitchHsePre	8	static
C:/Users/jonac/Documents/GitHub/Plant-Sensor/V2/Software/test2/Projects/Common/WPAN/Modules/scm.c:243:23:SwitchHse16toHse32	8	static
C:/Users/jonac/Documents/GitHub/Plant-Sensor/V2/Software/test2/Projects/Common/WPAN/Modules/scm.c:267:23:SwitchHse32toHse16	8	static
C:/Users/jonac/Documents/GitHub/Plant-Sensor/V2/Software/test2/Projects/Common/WPAN/Modules/scm.c:289:23:SwitchPlltoHse32	8	static
C:/Users/jonac/Documents/GitHub/Plant-Sensor/V2/Software/test2/Projects/Common/WPAN/Modules/scm.c:309:23:ConfigStartPll	8	static
C:/Users/jonac/Documents/GitHub/Plant-Sensor/V2/Software/test2/Projects/Common/WPAN/Modules/scm.c:324:13:ConfigHwPll	24	static
C:/Users/jonac/Documents/GitHub/Plant-Sensor/V2/Software/test2/Projects/Common/WPAN/Modules/scm.c:368:13:SCM_HSE_TimerInit	32	static
C:/Users/jonac/Documents/GitHub/Plant-Sensor/V2/Software/test2/Projects/Common/WPAN/Modules/scm.c:397:16:scm_init	24	static
C:/Users/jonac/Documents/GitHub/Plant-Sensor/V2/Software/test2/Projects/Common/WPAN/Modules/scm.c:497:16:scm_setup	8	static
C:/Users/jonac/Documents/GitHub/Plant-Sensor/V2/Software/test2/Projects/Common/WPAN/Modules/scm.c:582:16:scm_pll_setconfig	12	static
C:/Users/jonac/Documents/GitHub/Plant-Sensor/V2/Software/test2/Projects/Common/WPAN/Modules/scm.c:605:16:scm_pll_fractional_update	8	static
C:/Users/jonac/Documents/GitHub/Plant-Sensor/V2/Software/test2/Projects/Common/WPAN/Modules/scm.c:631:16:scm_setsystemclock	16	static,ignoring_inline_asm
C:/Users/jonac/Documents/GitHub/Plant-Sensor/V2/Software/test2/Projects/Common/WPAN/Modules/scm.c:729:13:scm_pllready	4	static
C:/Users/jonac/Documents/GitHub/Plant-Sensor/V2/Software/test2/Projects/Common/WPAN/Modules/scm.c:744:16:scm_setwaitstates	8	static
C:/Users/jonac/Documents/GitHub/Plant-Sensor/V2/Software/test2/Projects/Common/WPAN/Modules/scm.c:804:16:scm_hserdy_isr	8	static
C:/Users/jonac/Documents/GitHub/Plant-Sensor/V2/Software/test2/Projects/Common/WPAN/Modules/scm.c:870:16:scm_pllrdy_isr	8	static
C:/Users/jonac/Documents/GitHub/Plant-Sensor/V2/Software/test2/Projects/Common/WPAN/Modules/scm.c:908:16:scm_notifyradiostate	0	static
C:/Users/jonac/Documents/GitHub/Plant-Sensor/V2/Software/test2/Projects/Common/WPAN/Modules/scm.c:927:16:scm_standbyexit	8	static
C:/Users/jonac/Documents/GitHub/Plant-Sensor/V2/Software/test2/Projects/Common/WPAN/Modules/scm.c:944:19:isRadioActive	4	static
C:/Users/jonac/Documents/GitHub/Plant-Sensor/V2/Software/test2/Projects/Common/WPAN/Modules/scm.c:949:19:SCM_HSE_Get_SW_HSERDY	0	static
C:/Users/jonac/Documents/GitHub/Plant-Sensor/V2/Software/test2/Projects/Common/WPAN/Modules/scm.c:954:16:SCM_HSE_Set_SW_HSERDY	0	static,ignoring_inline_asm
C:/Users/jonac/Documents/GitHub/Plant-Sensor/V2/Software/test2/Projects/Common/WPAN/Modules/scm.c:961:16:SCM_HSE_Clear_SW_HSERDY	0	static,ignoring_inline_asm
C:/Users/jonac/Documents/GitHub/Plant-Sensor/V2/Software/test2/Projects/Common/WPAN/Modules/scm.c:968:16:SCM_HSE_WaitUntilReady	8	static
C:/Users/jonac/Documents/GitHub/Plant-Sensor/V2/Software/test2/Projects/Common/WPAN/Modules/scm.c:1006:16:SCM_HSE_StartStabilizationTimer	8	static
C:/Users/jonac/Documents/GitHub/Plant-Sensor/V2/Software/test2/Projects/Common/WPAN/Modules/scm.c:1023:16:SCM_HSE_StopStabilizationTimer	16	static,ignoring_inline_asm
C:/Users/jonac/Documents/GitHub/Plant-Sensor/V2/Software/test2/Projects/Common/WPAN/Modules/scm.c:1037:16:SCM_HSE_SW_HSERDY_isr	8	static
