../Drivers/Invn/VSensor/VSensor.c:192:13:dummyHandler	0	static
../Drivers/Invn/VSensor/VSensor.c:214:19:isListenerValid	0	static
../Drivers/Invn/VSensor/VSensor.c:321:13:vsensorSmartListenerHandler	32	static
../Drivers/Invn/VSensor/VSensor.c:350:5:VSensorSmartListenerRIR_decimator	8	static
../Drivers/Invn/VSensor/VSensor.h:180:19:VSensor_update.isra	0	static
../Drivers/Invn/VSensor/VSensor.c:197:5:VSensorListener_attach	16	static
../Drivers/Invn/VSensor/VSensor.c:292:6:VSensor_init	24	static
../Drivers/Invn/VSensor/VSensor.c:309:6:VSensor_notifyEvent	16	static
../Drivers/Invn/VSensor/VSensor.c:104:13:apply	32	static
../Drivers/Invn/VSensor/VSensor.c:224:6:VSensorListener_setRi	8	static
../Drivers/Invn/VSensor/VSensor.c:236:6:VSensorListener_setMrl	8	static
../Drivers/Invn/VSensor/VSensor.c:248:6:VSensorListener_enable	16	static
../Drivers/Invn/VSensor/VSensor.c:266:6:VSensorListener_disable	16	static
../Drivers/Invn/VSensor/VSensor.c:335:5:VSensorSmartListener_attach	8	static
../Drivers/Invn/VSensor/VSensor.c:387:5:VSensorSmartListenerRIR_attach	8	static
