../Drivers/CMSIS/Include/core_cm33.h:2498:26:__NVIC_GetActive	16	static
../Drivers/CMSIS/Include/core_cm33.h:2587:22:__NVIC_SetPriority	16	static
../Drivers/STM32WBAxx_HAL_Driver/Inc/stm32wbaxx_ll_rcc.h:1720:26:LL_RCC_RADIO_IsEnabledSleepTimerClock	4	static
../Drivers/STM32WBAxx_HAL_Driver/Inc/stm32wbaxx_ll_rcc.h:1763:26:LL_RCC_RADIO_GetSleepTimerClockSource	4	static
../Drivers/STM32WBAxx_HAL_Driver/Inc/stm32wbaxx_ll_system.h:1208:26:LL_FLASH_GetUDN	4	static
../Drivers/STM32WBAxx_HAL_Driver/Inc/stm32wbaxx_ll_system.h:1228:26:LL_FLASH_GetSTCompanyID	4	static
../Drivers/STM32WBAxx_HAL_Driver/Inc/stm32wbaxx_ll_pwr.h:1342:26:LL_PWR_GetRadioMode	4	static
../Drivers/STM32WBAxx_HAL_Driver/Inc/stm32wbaxx_ll_pwr.h:1368:26:LL_PWR_IsActiveFlag_VOS	4	static
../STM32_WPAN/Target/linklayer_plat.c:75:6:LINKLAYER_PLAT_ClockInit	16	static
../STM32_WPAN/Target/linklayer_plat.c:96:6:LINKLAYER_PLAT_DelayUs	24	static,ignoring_inline_asm
../STM32_WPAN/Target/linklayer_plat.c:111:6:LINKLAYER_PLAT_Assert	16	static
../STM32_WPAN/Target/linklayer_plat.c:121:6:LINKLAYER_PLAT_WaitHclkRdy	8	static
../STM32_WPAN/Target/linklayer_plat.c:137:6:LINKLAYER_PLAT_NotifyWFIEnter	8	static
../STM32_WPAN/Target/linklayer_plat.c:159:6:LINKLAYER_PLAT_NotifyWFIExit	8	static
../STM32_WPAN/Target/linklayer_plat.c:174:6:LINKLAYER_PLAT_AclkCtrl	16	static
../STM32_WPAN/Target/linklayer_plat.c:205:6:LINKLAYER_PLAT_GetRNG	24	static
../STM32_WPAN/Target/linklayer_plat.c:232:6:LINKLAYER_PLAT_SetupRadioIT	16	static
../STM32_WPAN/Target/linklayer_plat.c:244:6:LINKLAYER_PLAT_SetupSwLowIT	16	static
../STM32_WPAN/Target/linklayer_plat.c:257:6:LINKLAYER_PLAT_TriggerSwLowIT	24	static
../STM32_WPAN/Target/linklayer_plat.c:298:6:LINKLAYER_PLAT_EnableIRQ	16	static,ignoring_inline_asm
../STM32_WPAN/Target/linklayer_plat.c:314:6:LINKLAYER_PLAT_DisableIRQ	16	static,ignoring_inline_asm
../STM32_WPAN/Target/linklayer_plat.c:335:6:LINKLAYER_PLAT_EnableSpecificIRQ	24	static,ignoring_inline_asm
../STM32_WPAN/Target/linklayer_plat.c:382:6:LINKLAYER_PLAT_DisableSpecificIRQ	24	static,ignoring_inline_asm
../STM32_WPAN/Target/linklayer_plat.c:426:6:LINKLAYER_PLAT_EnableRadioIT	8	static
../STM32_WPAN/Target/linklayer_plat.c:444:6:LINKLAYER_PLAT_DisableRadioIT	8	static
../STM32_WPAN/Target/linklayer_plat.c:462:6:LINKLAYER_PLAT_StartRadioEvt	8	static
../STM32_WPAN/Target/linklayer_plat.c:476:6:LINKLAYER_PLAT_StopRadioEvt	8	static
../STM32_WPAN/Target/linklayer_plat.c:490:6:LINKLAYER_PLAT_RCOStartClbr	8	static
../STM32_WPAN/Target/linklayer_plat.c:509:6:LINKLAYER_PLAT_RCOStopClbr	8	static
../STM32_WPAN/Target/linklayer_plat.c:528:6:LINKLAYER_PLAT_RequestTemperature	8	static
../STM32_WPAN/Target/linklayer_plat.c:540:6:LINKLAYER_PLAT_EnableOSContextSwitch	4	static
../STM32_WPAN/Target/linklayer_plat.c:555:6:LINKLAYER_PLAT_DisableOSContextSwitch	4	static
../STM32_WPAN/Target/linklayer_plat.c:570:6:LINKLAYER_PLAT_SCHLDR_TIMING_UPDATE_NOT	16	static
../STM32_WPAN/Target/linklayer_plat.c:582:10:LINKLAYER_PLAT_GetSTCompanyID	8	static
../STM32_WPAN/Target/linklayer_plat.c:592:10:LINKLAYER_PLAT_GetUDN	8	static
