../Drivers/STM32WBAxx_HAL_Driver/Src/stm32wbaxx_hal_iwdg.c:302:13:HAL_IWDG_MspInit	0	static
../Drivers/STM32WBAxx_HAL_Driver/Src/stm32wbaxx_hal_iwdg.c:181:19:HAL_IWDG_Init	16	static
../Drivers/STM32WBAxx_HAL_Driver/Src/stm32wbaxx_hal_iwdg.c:413:19:HAL_IWDG_Refresh	0	static
../Drivers/STM32WBAxx_HAL_Driver/Src/stm32wbaxx_hal_iwdg.c:433:10:HAL_IWDG_GetActiveStatus	0	static
../Drivers/STM32WBAxx_HAL_Driver/Src/stm32wbaxx_hal_iwdg.c:484:13:HAL_IWDG_EarlyWakeupCallback	0	static
../Drivers/STM32WBAxx_HAL_Driver/Src/stm32wbaxx_hal_iwdg.c:459:6:HAL_IWDG_IRQHandler	8	static
