Archive member included to satisfy reference by file (symbol)

C:/ST/STM32CubeIDE_1.15.0/STM32CubeIDE/plugins/com.st.stm32cube.ide.mcu.externaltools.gnu-tools-for-stm32.12.3.rel1.win32_1.0.100.202403111256/tools/bin/../lib/gcc/arm-none-eabi/12.3.1/../../../../arm-none-eabi/lib/thumb/v8-m.main+fp/hard\libc_nano.a(libc_a-assert.o)
                              ./App/app_gateway.o (__assert_func)
C:/ST/STM32CubeIDE_1.15.0/STM32CubeIDE/plugins/com.st.stm32cube.ide.mcu.externaltools.gnu-tools-for-stm32.12.3.rel1.win32_1.0.100.202403111256/tools/bin/../lib/gcc/arm-none-eabi/12.3.1/../../../../arm-none-eabi/lib/thumb/v8-m.main+fp/hard\libc_nano.a(libc_a-exit.o)
                              C:/ST/STM32CubeIDE_1.15.0/STM32CubeIDE/plugins/com.st.stm32cube.ide.mcu.externaltools.gnu-tools-for-stm32.12.3.rel1.win32_1.0.100.202403111256/tools/bin/../lib/gcc/arm-none-eabi/12.3.1/../../../../arm-none-eabi/lib/thumb/v8-m.main+fp/hard/crt0.o (exit)
C:/ST/STM32CubeIDE_1.15.0/STM32CubeIDE/plugins/com.st.stm32cube.ide.mcu.externaltools.gnu-tools-for-stm32.12.3.rel1.win32_1.0.100.202403111256/tools/bin/../lib/gcc/arm-none-eabi/12.3.1/../../../../arm-none-eabi/lib/thumb/v8-m.main+fp/hard\libc_nano.a(libc_a-strtod.o)
                              ./App/app_gnss.o (strtod)
C:/ST/STM32CubeIDE_1.15.0/STM32CubeIDE/plugins/com.st.stm32cube.ide.mcu.externaltools.gnu-tools-for-stm32.12.3.rel1.win32_1.0.100.202403111256/tools/bin/../lib/gcc/arm-none-eabi/12.3.1/../../../../arm-none-eabi/lib/thumb/v8-m.main+fp/hard\libc_nano.a(libc_a-strtol.o)
                              ./App/app_gnss.o (strtol)
C:/ST/STM32CubeIDE_1.15.0/STM32CubeIDE/plugins/com.st.stm32cube.ide.mcu.externaltools.gnu-tools-for-stm32.12.3.rel1.win32_1.0.100.202403111256/tools/bin/../lib/gcc/arm-none-eabi/12.3.1/../../../../arm-none-eabi/lib/thumb/v8-m.main+fp/hard\libc_nano.a(libc_a-ctype_.o)
                              C:/ST/STM32CubeIDE_1.15.0/STM32CubeIDE/plugins/com.st.stm32cube.ide.mcu.externaltools.gnu-tools-for-stm32.12.3.rel1.win32_1.0.100.202403111256/tools/bin/../lib/gcc/arm-none-eabi/12.3.1/../../../../arm-none-eabi/lib/thumb/v8-m.main+fp/hard\libc_nano.a(libc_a-strtol.o) (_ctype_)
C:/ST/STM32CubeIDE_1.15.0/STM32CubeIDE/plugins/com.st.stm32cube.ide.mcu.externaltools.gnu-tools-for-stm32.12.3.rel1.win32_1.0.100.202403111256/tools/bin/../lib/gcc/arm-none-eabi/12.3.1/../../../../arm-none-eabi/lib/thumb/v8-m.main+fp/hard\libc_nano.a(libc_a-nano-vfprintf.o)
                              ./Drivers/Invn/EmbUtils/Message.o (vfprintf)
C:/ST/STM32CubeIDE_1.15.0/STM32CubeIDE/plugins/com.st.stm32cube.ide.mcu.externaltools.gnu-tools-for-stm32.12.3.rel1.win32_1.0.100.202403111256/tools/bin/../lib/gcc/arm-none-eabi/12.3.1/../../../../arm-none-eabi/lib/thumb/v8-m.main+fp/hard\libc_nano.a(libc_a-nano-vfprintf_i.o)
                              C:/ST/STM32CubeIDE_1.15.0/STM32CubeIDE/plugins/com.st.stm32cube.ide.mcu.externaltools.gnu-tools-for-stm32.12.3.rel1.win32_1.0.100.202403111256/tools/bin/../lib/gcc/arm-none-eabi/12.3.1/../../../../arm-none-eabi/lib/thumb/v8-m.main+fp/hard\libc_nano.a(libc_a-nano-vfprintf.o) (_printf_i)
C:/ST/STM32CubeIDE_1.15.0/STM32CubeIDE/plugins/com.st.stm32cube.ide.mcu.externaltools.gnu-tools-for-stm32.12.3.rel1.win32_1.0.100.202403111256/tools/bin/../lib/gcc/arm-none-eabi/12.3.1/../../../../arm-none-eabi/lib/thumb/v8-m.main+fp/hard\libc_nano.a(libc_a-findfp.o)
                              C:/ST/STM32CubeIDE_1.15.0/STM32CubeIDE/plugins/com.st.stm32cube.ide.mcu.externaltools.gnu-tools-for-stm32.12.3.rel1.win32_1.0.100.202403111256/tools/bin/../lib/gcc/arm-none-eabi/12.3.1/../../../../arm-none-eabi/lib/thumb/v8-m.main+fp/hard\libc_nano.a(libc_a-exit.o) (__stdio_exit_handler)
C:/ST/STM32CubeIDE_1.15.0/STM32CubeIDE/plugins/com.st.stm32cube.ide.mcu.externaltools.gnu-tools-for-stm32.12.3.rel1.win32_1.0.100.202403111256/tools/bin/../lib/gcc/arm-none-eabi/12.3.1/../../../../arm-none-eabi/lib/thumb/v8-m.main+fp/hard\libc_nano.a(libc_a-fprintf.o)
                              C:/ST/STM32CubeIDE_1.15.0/STM32CubeIDE/plugins/com.st.stm32cube.ide.mcu.externaltools.gnu-tools-for-stm32.12.3.rel1.win32_1.0.100.202403111256/tools/bin/../lib/gcc/arm-none-eabi/12.3.1/../../../../arm-none-eabi/lib/thumb/v8-m.main+fp/hard\libc_nano.a(libc_a-assert.o) (fiprintf)
C:/ST/STM32CubeIDE_1.15.0/STM32CubeIDE/plugins/com.st.stm32cube.ide.mcu.externaltools.gnu-tools-for-stm32.12.3.rel1.win32_1.0.100.202403111256/tools/bin/../lib/gcc/arm-none-eabi/12.3.1/../../../../arm-none-eabi/lib/thumb/v8-m.main+fp/hard\libc_nano.a(libc_a-fputc.o)
                              ./Drivers/Invn/EmbUtils/Message.o (fputc)
C:/ST/STM32CubeIDE_1.15.0/STM32CubeIDE/plugins/com.st.stm32cube.ide.mcu.externaltools.gnu-tools-for-stm32.12.3.rel1.win32_1.0.100.202403111256/tools/bin/../lib/gcc/arm-none-eabi/12.3.1/../../../../arm-none-eabi/lib/thumb/v8-m.main+fp/hard\libc_nano.a(libc_a-fputs.o)
                              ./Drivers/Invn/EmbUtils/Message.o (fputs)
[...]
Memory Configuration

Name             Origin             Length             Attributes
RAM              0x20000000         0x00020000         xrw
FLASH            0x08000000         0x00100000         xr
*default*        0x00000000         0xffffffff

Linker script and memory map

LOAD C:/ST/STM32CubeIDE_1.15.0/STM32CubeIDE/plugins/com.st.stm32cube.ide.mcu.externaltools.gnu-tools-for-stm32.12.3.rel1.win32_1.0.100.202403111256/tools/bin/../lib/gcc/arm-none-eabi/12.3.1/thumb/v8-m.main+fp/hard/crti.o
LOAD C:/ST/STM32CubeIDE_1.15.0/STM32CubeIDE/plugins/com.st.stm32cube.ide.mcu.externaltools.gnu-tools-for-stm32.12.3.rel1.win32_1.0.100.202403111256/tools/bin/../lib/gcc/arm-none-eabi/12.3.1/thumb/v8-m.main+fp/hard/crtbegin.o
LOAD C:/ST/STM32CubeIDE_1.15.0/STM32CubeIDE/plugins/com.st.stm32cube.ide.mcu.externaltools.gnu-tools-for-stm32.12.3.rel1.win32_1.0.100.202403111256/tools/bin/../lib/gcc/arm-none-eabi/12.3.1/../../../../arm-none-eabi/lib/thumb/v8-m.main+fp/hard/crt0.o
LOAD ./App/app_MadgwickAHRS.o
LOAD ./App/app_MahonyAHRS.o
LOAD ./App/app_adc.o
LOAD ./App/app_gateway.o
LOAD ./App/app_gnss.o
LOAD ./App/app_hal_pps.o
LOAD ./App/app_hal_sync.o
LOAD ./App/app_imu.o
LOAD ./App/app_init.o
LOAD ./App/app_led.o
LOAD ./App/app_lorawan_aes.o
LOAD ./App/app_lorawan_cmac.o
LOAD ./App/app_lorawan_crypto.o
LOAD ./App/app_lorawan_utilities.o
LOAD ./App/app_network_connect.o
LOAD ./App/app_node_gnsspps.o
LOAD ./App/app_radio_available.o
LOAD ./App/app_rtc.o
LOAD ./App/app_rtc_sync.o
LOAD ./App/app_supercap.o
LOAD ./App/common.o
LOAD ./Core/Src/adc.o
LOAD ./Core/Src/app_freertos.o
LOAD ./Core/Src/gpio.o
LOAD ./Core/Src/i2c.o
LOAD ./Core/Src/icache.o
LOAD ./Core/Src/idd_io_hal.o
LOAD ./Core/Src/iwdg.o
LOAD ./Core/Src/lptim.o
LOAD ./Core/Src/main.o
LOAD ./Core/Src/memorymap.o
LOAD ./Core/Src/spi.o
LOAD ./Core/Src/stm32wbaxx_hal_msp.o
LOAD ./Core/Src/stm32wbaxx_it.o
LOAD ./Core/Src/syscalls.o
LOAD ./Core/Src/sysmem.o
LOAD ./Core/Src/system_stm32wbaxx.o
LOAD ./Core/Src/tim.o
LOAD ./Core/Src/usart.o
LOAD ./Core/Startup/startup_stm32wba52cgux.o
LOAD ./Drivers/Invn/Devices/DeviceIcm20948.o
LOAD ./Drivers/Invn/Devices/HostSerif.o
LOAD ./Drivers/Invn/Devices/Sensor.o
LOAD ./Drivers/Invn/Devices/VSensorId.o
LOAD ./Drivers/Invn/Devices/Drivers/Icm20948/Icm20948Augmented.o
LOAD ./Drivers/Invn/Devices/Drivers/Icm20948/Icm20948AuxCompassAkm.o
LOAD ./Drivers/Invn/Devices/Drivers/Icm20948/Icm20948AuxTransport.o
LOAD ./Drivers/Invn/Devices/Drivers/Icm20948/Icm20948DataBaseControl.o
LOAD ./Drivers/Invn/Devices/Drivers/Icm20948/Icm20948DataBaseDriver.o
LOAD ./Drivers/Invn/Devices/Drivers/Icm20948/Icm20948DataConverter.o
LOAD ./Drivers/Invn/Devices/Drivers/Icm20948/Icm20948Dmp3Driver.o
LOAD ./Drivers/Invn/Devices/Drivers/Icm20948/Icm20948LoadFirmware.o
LOAD ./Drivers/Invn/Devices/Drivers/Icm20948/Icm20948MPUFifoControl.o
LOAD ./Drivers/Invn/Devices/Drivers/Icm20948/Icm20948SelfTest.o
LOAD ./Drivers/Invn/Devices/Drivers/Icm20948/Icm20948Setup.o
LOAD ./Drivers/Invn/Devices/Drivers/Icm20948/Icm20948Transport.o
LOAD ./Drivers/Invn/DynamicProtocol/DynProtocol.o
LOAD ./Drivers/Invn/DynamicProtocol/DynProtocolTransportUart.o
LOAD ./Drivers/Invn/EmbUtils/DataConverter.o
LOAD ./Drivers/Invn/EmbUtils/ErrorHelper.o
LOAD ./Drivers/Invn/EmbUtils/InvBasicMath.o
LOAD ./Drivers/Invn/EmbUtils/InvCksum.o
LOAD ./Drivers/Invn/EmbUtils/InvFormat.o
LOAD ./Drivers/Invn/EmbUtils/InvList.o
LOAD ./Drivers/Invn/EmbUtils/InvPrintf.o
LOAD ./Drivers/Invn/EmbUtils/InvProtocol.o
LOAD ./Drivers/Invn/EmbUtils/InvQueue.o
LOAD ./Drivers/Invn/EmbUtils/InvScheduler.o
LOAD ./Drivers/Invn/EmbUtils/Logger.o
LOAD ./Drivers/Invn/EmbUtils/Message.o
LOAD ./Drivers/Invn/EmbUtils/RingByteBuffer.o
LOAD ./Drivers/Invn/EmbUtils/UartTxEmulator.o
LOAD ./Drivers/Invn/VSensor/VSensor.o
LOAD ./Drivers/PCF2131/PCF2131.o
LOAD ./Drivers/STM32WBAxx_HAL_Driver/Src/stm32wbaxx_hal.o
LOAD ./Drivers/STM32WBAxx_HAL_Driver/Src/stm32wbaxx_hal_adc.o
LOAD ./Drivers/STM32WBAxx_HAL_Driver/Src/stm32wbaxx_hal_adc_ex.o
LOAD ./Drivers/STM32WBAxx_HAL_Driver/Src/stm32wbaxx_hal_cortex.o
LOAD ./Drivers/STM32WBAxx_HAL_Driver/Src/stm32wbaxx_hal_dma.o
LOAD ./Drivers/STM32WBAxx_HAL_Driver/Src/stm32wbaxx_hal_dma_ex.o
LOAD ./Drivers/STM32WBAxx_HAL_Driver/Src/stm32wbaxx_hal_exti.o
LOAD ./Drivers/STM32WBAxx_HAL_Driver/Src/stm32wbaxx_hal_flash.o
LOAD ./Drivers/STM32WBAxx_HAL_Driver/Src/stm32wbaxx_hal_flash_ex.o
LOAD ./Drivers/STM32WBAxx_HAL_Driver/Src/stm32wbaxx_hal_gpio.o
LOAD ./Drivers/STM32WBAxx_HAL_Driver/Src/stm32wbaxx_hal_gtzc.o
LOAD ./Drivers/STM32WBAxx_HAL_Driver/Src/stm32wbaxx_hal_hsem.o
LOAD ./Drivers/STM32WBAxx_HAL_Driver/Src/stm32wbaxx_hal_i2c.o
LOAD ./Drivers/STM32WBAxx_HAL_Driver/Src/stm32wbaxx_hal_i2c_ex.o
LOAD ./Drivers/STM32WBAxx_HAL_Driver/Src/stm32wbaxx_hal_icache.o
LOAD ./Drivers/STM32WBAxx_HAL_Driver/Src/stm32wbaxx_hal_iwdg.o
LOAD ./Drivers/STM32WBAxx_HAL_Driver/Src/stm32wbaxx_hal_lptim.o
LOAD ./Drivers/STM32WBAxx_HAL_Driver/Src/stm32wbaxx_hal_pwr.o
LOAD ./Drivers/STM32WBAxx_HAL_Driver/Src/stm32wbaxx_hal_pwr_ex.o
LOAD ./Drivers/STM32WBAxx_HAL_Driver/Src/stm32wbaxx_hal_rcc.o
LOAD ./Drivers/STM32WBAxx_HAL_Driver/Src/stm32wbaxx_hal_rcc_ex.o
LOAD ./Drivers/STM32WBAxx_HAL_Driver/Src/stm32wbaxx_hal_spi.o
LOAD ./Drivers/STM32WBAxx_HAL_Driver/Src/stm32wbaxx_hal_spi_ex.o
LOAD ./Drivers/STM32WBAxx_HAL_Driver/Src/stm32wbaxx_hal_tim.o
LOAD ./Drivers/STM32WBAxx_HAL_Driver/Src/stm32wbaxx_hal_tim_ex.o
LOAD ./Drivers/STM32WBAxx_HAL_Driver/Src/stm32wbaxx_hal_uart.o
LOAD ./Drivers/STM32WBAxx_HAL_Driver/Src/stm32wbaxx_hal_uart_ex.o
LOAD ./Drivers/SX1280/SX1280.o
LOAD ./Middlewares/Third_Party/FreeRTOS/Source/CMSIS_RTOS_V2/cmsis_os2.o
LOAD ./Middlewares/Third_Party/FreeRTOS/Source/croutine.o
LOAD ./Middlewares/Third_Party/FreeRTOS/Source/event_groups.o
LOAD ./Middlewares/Third_Party/FreeRTOS/Source/list.o
LOAD ./Middlewares/Third_Party/FreeRTOS/Source/queue.o
LOAD ./Middlewares/Third_Party/FreeRTOS/Source/stream_buffer.o
LOAD ./Middlewares/Third_Party/FreeRTOS/Source/tasks.o
LOAD ./Middlewares/Third_Party/FreeRTOS/Source/timers.o
LOAD ./Middlewares/Third_Party/FreeRTOS/Source/portable/GCC/ARM_CM33_NTZ/non_secure/port.o
LOAD ./Middlewares/Third_Party/FreeRTOS/Source/portable/GCC/ARM_CM33_NTZ/non_secure/portasm.o
LOAD ./Middlewares/Third_Party/FreeRTOS/Source/portable/MemMang/heap_1.o
START GROUP
LOAD C:/ST/STM32CubeIDE_1.15.0/STM32CubeIDE/plugins/com.st.stm32cube.ide.mcu.externaltools.gnu-tools-for-stm32.12.3.rel1.win32_1.0.100.202403111256/tools/bin/../lib/gcc/arm-none-eabi/12.3.1/../../../../arm-none-eabi/lib/thumb/v8-m.main+fp/hard\libc_nano.a
LOAD C:/ST/STM32CubeIDE_1.15.0/STM32CubeIDE/plugins/com.st.stm32cube.ide.mcu.externaltools.gnu-tools-for-stm32.12.3.rel1.win32_1.0.100.202403111256/tools/bin/../lib/gcc/arm-none-eabi/12.3.1/../../../../arm-none-eabi/lib/thumb/v8-m.main+fp/hard\libm.a
END GROUP
START GROUP
LOAD C:/ST/STM32CubeIDE_1.15.0/STM32CubeIDE/plugins/com.st.stm32cube.ide.mcu.externaltools.gnu-tools-for-stm32.12.3.rel1.win32_1.0.100.202403111256/tools/bin/../lib/gcc/arm-none-eabi/12.3.1/thumb/v8-m.main+fp/hard\libgcc.a
LOAD C:/ST/STM32CubeIDE_1.15.0/STM32CubeIDE/plugins/com.st.stm32cube.ide.mcu.externaltools.gnu-tools-for-stm32.12.3.rel1.win32_1.0.100.202403111256/tools/bin/../lib/gcc/arm-none-eabi/12.3.1/../../../../arm-none-eabi/lib/thumb/v8-m.main+fp/hard\libc_nano.a
END GROUP
START GROUP
LOAD C:/ST/STM32CubeIDE_1.15.0/STM32CubeIDE/plugins/com.st.stm32cube.ide.mcu.externaltools.gnu-tools-for-stm32.12.3.rel1.win32_1.0.100.202403111256/tools/bin/../lib/gcc/arm-none-eabi/12.3.1/thumb/v8-m.main+fp/hard\libgcc.a
LOAD C:/ST/STM32CubeIDE_1.15.0/STM32CubeIDE/plugins/com.st.stm32cube.ide.mcu.externaltools.gnu-tools-for-stm32.12.3.rel1.win32_1.0.100.202403111256/tools/bin/../lib/gcc/arm-none-eabi/12.3.1/../../../../arm-none-eabi/lib/thumb/v8-m.main+fp/hard\libc_nano.a
LOAD C:/ST/STM32CubeIDE_1.15.0/STM32CubeIDE/plugins/com.st.stm32cube.ide.mcu.externaltools.gnu-tools-for-stm32.12.3.rel1.win32_1.0.100.202403111256/tools/bin/../lib/gcc/arm-none-eabi/12.3.1/../../../../arm-none-eabi/lib/thumb/v8-m.main+fp/hard\libnosys.a
END GROUP
START GROUP
LOAD C:/ST/STM32CubeIDE_1.15.0/STM32CubeIDE/plugins/com.st.stm32cube.ide.mcu.externaltools.gnu-tools-for-stm32.12.3.rel1.win32_1.0.100.202403111256/tools/bin/../lib/gcc/arm-none-eabi/12.3.1/thumb/v8-m.main+fp/hard\libgcc.a
LOAD C:/ST/STM32CubeIDE_1.15.0/STM32CubeIDE/plugins/com.st.stm32cube.ide.mcu.externaltools.gnu-tools-for-stm32.12.3.rel1.win32_1.0.100.202403111256/tools/bin/../lib/gcc/arm-none-eabi/12.3.1/../../../../arm-none-eabi/lib/thumb/v8-m.main+fp/hard\libc_nano.a
LOAD C:/ST/STM32CubeIDE_1.15.0/STM32CubeIDE/plugins/com.st.stm32cube.ide.mcu.externaltools.gnu-tools-for-stm32.12.3.rel1.win32_1.0.100.202403111256/tools/bin/../lib/gcc/arm-none-eabi/12.3.1/../../../../arm-none-eabi/lib/thumb/v8-m.main+fp/hard\libnosys.a
END GROUP
LOAD C:/ST/STM32CubeIDE_1.15.0/STM32CubeIDE/plugins/com.st.stm32cube.ide.mcu.externaltools.gnu-tools-for-stm32.12.3.rel1.win32_1.0.100.202403111256/tools/bin/../lib/gcc/arm-none-eabi/12.3.1/thumb/v8-m.main+fp/hard/crtend.o
LOAD C:/ST/STM32CubeIDE_1.15.0/STM32CubeIDE/plugins/com.st.stm32cube.ide.mcu.externaltools.gnu-tools-for-stm32.12.3.rel1.win32_1.0.100.202403111256/tools/bin/../lib/gcc/arm-none-eabi/12.3.1/thumb/v8-m.main+fp/hard/crtn.o
                0x20020000                        _estack = (ORIGIN (RAM) + LENGTH (RAM))
                0x00000200                        _Min_Heap_Size = 0x200
                0x00000400                        _Min_Stack_Size = 0x400

.isr_vector     0x08000000      0x158
                0x08000000                        . = ALIGN (0x4)
 *(.isr_vector)
 .isr_vector    0x08000000      0x158 ./Core/Startup/startup_stm32wba52cgux.o
                0x08000000                g_pfnVectors
                0x08000158                        . = ALIGN (0x4)

.text           0x08000160     0xf644
                0x08000160                        . = ALIGN (0x4)
 *(.text)
 .text          0x08000160       0x40 C:/ST/STM32CubeIDE_1.15.0/STM32CubeIDE/plugins/com.st.stm32cube.ide.mcu.externaltools.gnu-tools-for-stm32.12.3.rel1.win32_1.0.100.202403111256/tools/bin/../lib/gcc/arm-none-eabi/12.3.1/thumb/v8-m.main+fp/hard/crtbegin.o
 .text          0x080001a0       0x14 C:/ST/STM32CubeIDE_1.15.0/STM32CubeIDE/plugins/com.st.stm32cube.ide.mcu.externaltools.gnu-tools-for-stm32.12.3.rel1.win32_1.0.100.202403111256/tools/bin/../lib/gcc/arm-none-eabi/12.3.1/../../../../arm-none-eabi/lib/thumb/v8-m.main+fp/hard\libc_nano.a(libc_a-strcmp.o)
                0x080001a0                strcmp
 .text          0x080001b4       0x10 C:/ST/STM32CubeIDE_1.15.0/STM32CubeIDE/plugins/com.st.stm32cube.ide.mcu.externaltools.gnu-tools-for-stm32.12.3.rel1.win32_1.0.100.202403111256/tools/bin/../lib/gcc/arm-none-eabi/12.3.1/../../../../arm-none-eabi/lib/thumb/v8-m.main+fp/hard\libc_nano.a(libc_a-strlen.o)
                0x080001b4                strlen
 .text          0x080001c4      0x378 C:/ST/STM32CubeIDE_1.15.0/STM32CubeIDE/plugins/com.st.stm32cube.ide.mcu.externaltools.gnu-tools-for-stm32.12.3.rel1.win32_1.0.100.202403111256/tools/bin/../lib/gcc/arm-none-eabi/12.3.1/thumb/v8-m.main+fp/hard\libgcc.a(_arm_addsubdf3.o)
                0x080001c4                __aeabi_drsub
                0x080001cc                __aeabi_dsub
                0x080001cc                __subdf3
                0x080001d0                __aeabi_dadd
                0x080001d0                __adddf3
                0x08000448                __floatunsidf
                0x08000448                __aeabi_ui2d
                0x08000468                __floatsidf
                0x08000468                __aeabi_i2d
                0x0800048c                __aeabi_f2d
                0x0800048c                __extendsfdf2
                0x080004d0                __floatundidf
                0x080004d0                __aeabi_ul2d
                0x080004e0                __floatdidf
                0x080004e0                __aeabi_l2d
 .text          0x0800053c      0x424 C:/ST/STM32CubeIDE_1.15.0/STM32CubeIDE/plugins/com.st.stm32cube.ide.mcu.externaltools.gnu-tools-for-stm32.12.3.rel1.win32_1.0.100.202403111256/tools/bin/../lib/gcc/arm-none-eabi/12.3.1/thumb/v8-m.main+fp/hard\libgcc.a(_arm_muldivdf3.o)
                0x0800053c                __aeabi_dmul
                0x0800053c                __muldf3
                0x08000790                __divdf3
                0x08000790                __aeabi_ddiv
 .text          0x08000960      0x110 C:/ST/STM32CubeIDE_1.15.0/STM32CubeIDE/plugins/com.st.stm32cube.ide.mcu.externaltools.gnu-tools-for-stm32.12.3.rel1.win32_1.0.100.202403111256/tools/bin/../lib/gcc/arm-none-eabi/12.3.1/thumb/v8-m.main+fp/hard\libgcc.a(_arm_cmpdf2.o)
                0x08000960                __gtdf2
                0x08000960                __gedf2
                0x08000968                __ltdf2
                0x08000968                __ledf2
                0x08000970                __nedf2
                0x08000970                __eqdf2
                0x08000970                __cmpdf2
                0x080009ec                __aeabi_cdrcmple
                0x080009fc                __aeabi_cdcmpeq
                0x080009fc                __aeabi_cdcmple
                0x08000a0c                __aeabi_dcmpeq
                0x08000a20                __aeabi_dcmplt
                0x08000a34                __aeabi_dcmple
                0x08000a48                __aeabi_dcmpge
                0x08000a5c                __aeabi_dcmpgt
 .text          0x08000a70       0x40 C:/ST/STM32CubeIDE_1.15.0/STM32CubeIDE/plugins/com.st.stm32cube.ide.mcu.externaltools.gnu-tools-for-stm32.12.3.rel1.win32_1.0.100.202403111256/tools/bin/../lib/gcc/arm-none-eabi/12.3.1/thumb/v8-m.main+fp/hard\libgcc.a(_arm_fixunsdfsi.o)
                0x08000a70                __aeabi_d2uiz
                0x08000a70                __fixunsdfsi
 .text          0x08000ab0       0xa0 C:/ST/STM32CubeIDE_1.15.0/STM32CubeIDE/plugins/com.st.stm32cube.ide.mcu.externaltools.gnu-tools-for-stm32.12.3.rel1.win32_1.0.100.202403111256/tools/bin/../lib/gcc/arm-none-eabi/12.3.1/thumb/v8-m.main+fp/hard\libgcc.a(_arm_truncdfsf2.o)
                0x08000ab0                __truncdfsf2
                0x08000ab0                __aeabi_d2f
 .text          0x08000b50       0xa0 C:/ST/STM32CubeIDE_1.15.0/STM32CubeIDE/plugins/com.st.stm32cube.ide.mcu.externaltools.gnu-tools-for-stm32.12.3.rel1.win32_1.0.100.202403111256/tools/bin/../lib/gcc/arm-none-eabi/12.3.1/thumb/v8-m.main+fp/hard\libgcc.a(_aeabi_ldivmod.o)
                0x08000b50                __aeabi_ldivmod
 .text          0x08000bf0       0x30 C:/ST/STM32CubeIDE_1.15.0/STM32CubeIDE/plugins/com.st.stm32cube.ide.mcu.externaltools.gnu-tools-for-stm32.12.3.rel1.win32_1.0.100.202403111256/tools/bin/../lib/gcc/arm-none-eabi/12.3.1/thumb/v8-m.main+fp/hard\libgcc.a(_aeabi_uldivmod.o)
                0x08000bf0                __aeabi_uldivmod
 .text          0x08000c20       0x3c C:/ST/STM32CubeIDE_1.15.0/STM32CubeIDE/plugins/com.st.stm32cube.ide.mcu.externaltools.gnu-tools-for-stm32.12.3.rel1.win32_1.0.100.202403111256/tools/bin/../lib/gcc/arm-none-eabi/12.3.1/thumb/v8-m.main+fp/hard\libgcc.a(_fixunsdfdi.o)
                0x08000c20                __fixunsdfdi
                0x08000c20                __aeabi_d2ulz
 .text          0x08000c5c      0x2e4 C:/ST/STM32CubeIDE_1.15.0/STM32CubeIDE/plugins/com.st.stm32cube.ide.mcu.externaltools.gnu-tools-for-stm32.12.3.rel1.win32_1.0.100.202403111256/tools/bin/../lib/gcc/arm-none-eabi/12.3.1/thumb/v8-m.main+fp/hard\libgcc.a(_udivmoddi4.o)
                0x08000c5c                __udivmoddi4
 .text          0x08000f40        0x4 C:/ST/STM32CubeIDE_1.15.0/STM32CubeIDE/plugins/com.st.stm32cube.ide.mcu.externaltools.gnu-tools-for-stm32.12.3.rel1.win32_1.0.100.202403111256/tools/bin/../lib/gcc/arm-none-eabi/12.3.1/thumb/v8-m.main+fp/hard\libgcc.a(_dvmd_tls.o)
                0x08000f40                __aeabi_idiv0
                0x08000f40                __aeabi_ldiv0
 *(.text*)
 .text.AdcNotifyFromISR
                0x08000f44       0x34 ./App/app_adc.o
                0x08000f44                AdcNotifyFromISR
 .text.GatewayNotifyFromISR
                0x08000f78       0x34 ./App/app_gateway.o
                0x08000f78                GatewayNotifyFromISR
 *fill*         0x08000fac        0x4 
 .text.StartHalSyncThread
                0x08000fb0      0xba0 ./App/app_hal_sync.o
                0x08000fb0                StartHalSyncThread
 .text.HalSyncThreadInit
                0x08001b50       0x60 ./App/app_hal_sync.o
                0x08001b50                HalSyncThreadInit
 .text.app_hal_sync_notify_fromISR
                0x08001bb0       0x34 ./App/app_hal_sync.o
                0x08001bb0                app_hal_sync_notify_fromISR
 *fill*         0x08001be4        0x4 
 .text.InitThreadStart
                0x08001be8      0x53c ./App/app_init.o
                0x08001be8                InitThreadStart
 .text.InitThreadInit
                0x08002124       0x60 ./App/app_init.o
                0x08002124                InitThreadInit
 .text.ProjectInit
                0x08002184       0x58 ./App/app_init.o
                0x08002184                ProjectInit
 .text.StartLedThread
                0x080021dc      0x128 ./App/app_led.o
                0x080021dc                StartLedThread
 .text.LedThreadInit
                0x08002304       0x60 ./App/app_led.o
                0x08002304                LedThreadInit
 .text.LedThreadNotify
                0x08002364       0x20 ./App/app_led.o
                0x08002364                LedThreadNotify
 .text.NetConThreadInit
                0x08002384       0x60 ./App/app_network_connect.o
                0x08002384                NetConThreadInit
 .text.BroadCastMyID
                0x080023e4      0x294 ./App/app_network_connect.o
                0x080023e4                BroadCastMyID
 .text.ConfirmPairing
                0x08002678      0x2a4 ./App/app_network_connect.o
                0x08002678                ConfirmPairing
 .text.IdenticalIDs
                0x0800291c       0x20 ./App/app_network_connect.o
                0x0800291c                IdenticalIDs
 *fill*         0x0800293c        0x4 
 .text.StartNetConThread
                0x08002940      0xb60 ./App/app_network_connect.o
                0x08002940                StartNetConThread
 .text.app_netw_con_notify_fromISR
                0x080034a0       0x34 ./App/app_network_connect.o
                0x080034a0                app_netw_con_notify_fromISR
 .text.NwConThreadNotify
                0x080034d4       0x20 ./App/app_network_connect.o
                0x080034d4                NwConThreadNotify
 .text.RadioAvailableNotifyFromISR
                0x080034f4       0x34 ./App/app_radio_available.o
                0x080034f4                RadioAvailableNotifyFromISR
 .text.StartRtcThread
                0x08003528      0x934 ./App/app_rtc.o
                0x08003528                StartRtcThread
 .text.RtcThreadInit
                0x08003e5c       0x60 ./App/app_rtc.o
                0x08003e5c                RtcThreadInit
 .text.app_rtc_notify
                0x08003ebc       0x20 ./App/app_rtc.o
                0x08003ebc                app_rtc_notify
 .text.StartRtcSyncThread
                0x08003edc      0x2a0 ./App/app_rtc_sync.o
                0x08003edc                StartRtcSyncThread
 .text.RtcSyncThreadInit
                0x0800417c       0x60 ./App/app_rtc_sync.o
                0x0800417c                RtcSyncThreadInit
 .text.app_rtc_sync_notify_fromISR
                0x080041dc       0x34 ./App/app_rtc_sync.o
                0x080041dc                app_rtc_sync_notify_fromISR
 .text.MX_ADC4_Init
                0x08004210       0x7c ./Core/Src/adc.o
                0x08004210                MX_ADC4_Init
 .text.HAL_ADC_MspInit
                0x0800428c       0x9c ./Core/Src/adc.o
                0x0800428c                HAL_ADC_MspInit
 .text.StartDefaultTask
                0x08004328        0xa ./Core/Src/app_freertos.o
                0x08004328                StartDefaultTask
 .text.PreSleepProcessing
                0x08004332        0x2 ./Core/Src/app_freertos.o
                0x08004332                PreSleepProcessing
 .text.PostSleepProcessing
                0x08004334        0x2 ./Core/Src/app_freertos.o
                0x08004334                PostSleepProcessing
 *fill*         0x08004336        0x2 
 .text.MX_FREERTOS_Init
                0x08004338       0x24 ./Core/Src/app_freertos.o
                0x08004338                MX_FREERTOS_Init
 .text.MX_GPIO_Init
                0x0800435c      0x1dc ./Core/Src/gpio.o
                0x0800435c                MX_GPIO_Init
 .text.MX_I2C3_Init
                0x08004538       0x58 ./Core/Src/i2c.o
                0x08004538                MX_I2C3_Init
 .text.HAL_I2C_MspInit
                0x08004590       0xa8 ./Core/Src/i2c.o
                0x08004590                HAL_I2C_MspInit
 .text.MX_ICACHE_Init
                0x08004638       0x1e ./Core/Src/icache.o
                0x08004638                MX_ICACHE_Init
 *fill*         0x08004656        0x2 
 .text.MX_IWDG_Init
                0x08004658       0x34 ./Core/Src/iwdg.o
                0x08004658                MX_IWDG_Init
 .text.MX_LPTIM1_Init
                0x0800468c       0x40 ./Core/Src/lptim.o
                0x0800468c                MX_LPTIM1_Init
 .text.MX_LPTIM2_Init
                0x080046cc       0x40 ./Core/Src/lptim.o
                0x080046cc                MX_LPTIM2_Init
 .text.HAL_LPTIM_MspInit
                0x0800470c       0xb0 ./Core/Src/lptim.o
                0x0800470c                HAL_LPTIM_MspInit
 .text.npf_bufputc
                0x080047bc       0x14 ./Core/Src/main.o
 .text.npf_bufputc_nop
                0x080047d0        0x2 ./Core/Src/main.o
 .text.npf_putc_cnt
                0x080047d2        0xc ./Core/Src/main.o
 *fill*         0x080047de        0x2 
 .text.npf_vpprintf
                0x080047e0      0x850 ./Core/Src/main.o
                0x080047e0                npf_vpprintf
 .text.npf_vsnprintf
                0x08005030       0x34 ./Core/Src/main.o
                0x08005030                npf_vsnprintf
 .text.npf_snprintf
                0x08005064       0x1a ./Core/Src/main.o
                0x08005064                npf_snprintf
 *fill*         0x0800507e        0x2 
 .text.waitToPrint
                0x08005080       0x18 ./Core/Src/main.o
                0x08005080                waitToPrint
 .text.huart2print
                0x08005098       0x2c ./Core/Src/main.o
                0x08005098                huart2print
 .text.IsSPI3Available
                0x080050c4       0x88 ./Core/Src/main.o
                0x080050c4                IsSPI3Available
 .text.HAL_ADC_ConvCpltCallback
                0x0800514c       0x24 ./Core/Src/main.o
                0x0800514c                HAL_ADC_ConvCpltCallback
 .text.HAL_IWDG_EarlyWakeupCallback
                0x08005170       0x78 ./Core/Src/main.o
                0x08005170                HAL_IWDG_EarlyWakeupCallback
 .text.HAL_GPIO_EXTI_Falling_Callback
                0x080051e8       0x50 ./Core/Src/main.o
                0x080051e8                HAL_GPIO_EXTI_Falling_Callback
 .text.HAL_GPIO_EXTI_Rising_Callback
                0x08005238       0x90 ./Core/Src/main.o
                0x08005238                HAL_GPIO_EXTI_Rising_Callback
 .text.Error_Handler
                0x080052c8       0x30 ./Core/Src/main.o
                0x080052c8                Error_Handler
 .text.SystemClock_Config
                0x080052f8       0x74 ./Core/Src/main.o
                0x080052f8                SystemClock_Config
 .text.startup.main
                0x0800536c       0x50 ./Core/Src/main.o
                0x0800536c                main
 .text.MX_SPI1_Init
                0x080053bc       0x74 ./Core/Src/spi.o
                0x080053bc                MX_SPI1_Init
 .text.MX_SPI3_Init
                0x08005430       0x74 ./Core/Src/spi.o
                0x08005430                MX_SPI3_Init
 .text.HAL_SPI_MspInit
                0x080054a4      0x170 ./Core/Src/spi.o
                0x080054a4                HAL_SPI_MspInit
 .text.HAL_MspInit
                0x08005614       0x54 ./Core/Src/stm32wbaxx_hal_msp.o
                0x08005614                HAL_MspInit
 .text.NMI_Handler
                0x08005668        0x2 ./Core/Src/stm32wbaxx_it.o
                0x08005668                NMI_Handler
 .text.HardFault_Handler
                0x0800566a        0x2 ./Core/Src/stm32wbaxx_it.o
                0x0800566a                HardFault_Handler
 .text.MemManage_Handler
                0x0800566c        0x2 ./Core/Src/stm32wbaxx_it.o
                0x0800566c                MemManage_Handler
 .text.BusFault_Handler
                0x0800566e        0x2 ./Core/Src/stm32wbaxx_it.o
                0x0800566e                BusFault_Handler
 .text.UsageFault_Handler
                0x08005670        0x2 ./Core/Src/stm32wbaxx_it.o
                0x08005670                UsageFault_Handler
 .text.DebugMon_Handler
                0x08005672        0x2 ./Core/Src/stm32wbaxx_it.o
                0x08005672                DebugMon_Handler
 .text.RCC_IRQHandler
                0x08005674        0x2 ./Core/Src/stm32wbaxx_it.o
                0x08005674                RCC_IRQHandler
 .text.EXTI0_IRQHandler
                0x08005676        0x6 ./Core/Src/stm32wbaxx_it.o
                0x08005676                EXTI0_IRQHandler
 .text.EXTI1_IRQHandler
                0x0800567c        0x6 ./Core/Src/stm32wbaxx_it.o
                0x0800567c                EXTI1_IRQHandler
 .text.EXTI2_IRQHandler
                0x08005682        0x6 ./Core/Src/stm32wbaxx_it.o
                0x08005682                EXTI2_IRQHandler
 .text.EXTI5_IRQHandler
                0x08005688        0x6 ./Core/Src/stm32wbaxx_it.o
                0x08005688                EXTI5_IRQHandler
 .text.EXTI7_IRQHandler
                0x0800568e        0x6 ./Core/Src/stm32wbaxx_it.o
                0x0800568e                EXTI7_IRQHandler
 .text.EXTI11_IRQHandler
                0x08005694        0x8 ./Core/Src/stm32wbaxx_it.o
                0x08005694                EXTI11_IRQHandler
 .text.IWDG_IRQHandler
                0x0800569c        0xc ./Core/Src/stm32wbaxx_it.o
                0x0800569c                IWDG_IRQHandler
 .text.LPTIM1_IRQHandler
                0x080056a8        0xc ./Core/Src/stm32wbaxx_it.o
                0x080056a8                LPTIM1_IRQHandler
 .text.LPTIM2_IRQHandler
                0x080056b4        0xc ./Core/Src/stm32wbaxx_it.o
                0x080056b4                LPTIM2_IRQHandler
 .text.ADC4_IRQHandler
                0x080056c0        0xc ./Core/Src/stm32wbaxx_it.o
                0x080056c0                ADC4_IRQHandler
 .text.WKUP_IRQHandler
                0x080056cc        0x4 ./Core/Src/stm32wbaxx_it.o
                0x080056cc                WKUP_IRQHandler
 .text._getpid  0x080056d0        0x4 ./Core/Src/syscalls.o
                0x080056d0                _getpid
 .text._kill    0x080056d4       0x10 ./Core/Src/syscalls.o
                0x080056d4                _kill
 .text._exit    0x080056e4        0xc ./Core/Src/syscalls.o
                0x080056e4                _exit
 .text._read    0x080056f0       0x1c ./Core/Src/syscalls.o
                0x080056f0                _read
 .text._write   0x0800570c       0x1c ./Core/Src/syscalls.o
                0x0800570c                _write
 .text._close   0x08005728        0x6 ./Core/Src/syscalls.o
                0x08005728                _close
 .text._fstat   0x0800572e        0xa ./Core/Src/syscalls.o
                0x0800572e                _fstat
 .text._isatty  0x08005738        0x4 ./Core/Src/syscalls.o
                0x08005738                _isatty
 .text._lseek   0x0800573c        0x4 ./Core/Src/syscalls.o
                0x0800573c                _lseek
 .text._sbrk    0x08005740       0x40 ./Core/Src/sysmem.o
                0x08005740                _sbrk
 .text.SystemInit
                0x08005780       0x14 ./Core/Src/system_stm32wbaxx.o
                0x08005780                SystemInit
 .text.SystemCoreClockUpdate
                0x08005794       0xdc ./Core/Src/system_stm32wbaxx.o
                0x08005794                SystemCoreClockUpdate
 .text.MX_TIM2_Init
                0x08005870       0x6c ./Core/Src/tim.o
                0x08005870                MX_TIM2_Init
 .text.HAL_TIM_Base_MspInit
                0x080058dc       0x2c ./Core/Src/tim.o
                0x080058dc                HAL_TIM_Base_MspInit
 .text.MX_USART1_UART_Init
                0x08005908       0x68 ./Core/Src/usart.o
                0x08005908                MX_USART1_UART_Init
 .text.HAL_UART_MspInit
                0x08005970       0x94 ./Core/Src/usart.o
                0x08005970                HAL_UART_MspInit
 .text.Reset_Handler
                0x08005a04       0x50 ./Core/Startup/startup_stm32wba52cgux.o
                0x08005a04                Reset_Handler
 .text.Default_Handler
                0x08005a54        0x2 ./Core/Startup/startup_stm32wba52cgux.o
                0x08005a54                FLASH_S_IRQHandler
                0x08005a54                EXTI13_IRQHandler
                0x08005a54                TIM1_CC_IRQHandler
                0x08005a54                TSC_IRQHandler
                0x08005a54                TAMP_IRQHandler
                0x08005a54                EXTI12_IRQHandler
                0x08005a54                PVD_IRQHandler
                0x08005a54                EXTI3_IRQHandler
                0x08005a54                GPDMA1_Channel5_IRQHandler
                0x08005a54                RADIO_IRQHandler
                0x08005a54                EXTI8_IRQHandler
                0x08005a54                I2C3_ER_IRQHandler
                0x08005a54                FPU_IRQHandler
                0x08005a54                GPDMA1_Channel3_IRQHandler
                0x08005a54                GPDMA1_Channel7_IRQHandler
                0x08005a54                RAMCFG_IRQHandler
                0x08005a54                SPI1_IRQHandler
                0x08005a54                GPDMA1_Channel2_IRQHandler
                0x08005a54                RCC_S_IRQHandler
                0x08005a54                PKA_IRQHandler
                0x08005a54                EXTI15_IRQHandler
                0x08005a54                TIM17_IRQHandler
                0x08005a54                RTC_IRQHandler
                0x08005a54                EXTI9_IRQHandler
                0x08005a54                I2C1_EV_IRQHandler
                0x08005a54                GPDMA1_Channel1_IRQHandler
                0x08005a54                TIM16_IRQHandler
                0x08005a54                SecureFault_Handler
                0x08005a54                TIM3_IRQHandler
                0x08005a54                TIM1_TRG_COM_IRQHandler
                0x08005a54                Default_Handler
                0x08005a54                SAES_IRQHandler
                0x08005a54                GPDMA1_Channel0_IRQHandler
                0x08005a54                I2C3_EV_IRQHandler
                0x08005a54                EXTI14_IRQHandler
                0x08005a54                EXTI4_IRQHandler
                0x08005a54                RTC_S_IRQHandler
                0x08005a54                RNG_IRQHandler
                0x08005a54                HSEM_S_IRQHandler
                0x08005a54                HSEM_IRQHandler
                0x08005a54                TIM1_UP_IRQHandler
                0x08005a54                WWDG_IRQHandler
                0x08005a54                LPUART1_IRQHandler
                0x08005a54                TIM2_IRQHandler
                0x08005a54                GPDMA1_Channel4_IRQHandler
                0x08005a54                TIM1_BRK_IRQHandler
                0x08005a54                AES_IRQHandler
                0x08005a54                GTZC_IRQHandler
                0x08005a54                USART2_IRQHandler
                0x08005a54                GPDMA1_Channel6_IRQHandler
                0x08005a54                FLASH_IRQHandler
                0x08005a54                USART1_IRQHandler
                0x08005a54                EXTI10_IRQHandler
                0x08005a54                SPI3_IRQHandler
                0x08005a54                I2C1_ER_IRQHandler
                0x08005a54                EXTI6_IRQHandler
                0x08005a54                ICACHE_IRQHandler
                0x08005a54                HASH_IRQHandler
 *fill*         0x08005a56        0x2 
 .text.pcf2131_get_status
                0x08005a58     0x1438 ./Drivers/PCF2131/PCF2131.o
                0x08005a58                pcf2131_get_status
 .text.pcf2131_disable_poro
                0x08006e90       0xc0 ./Drivers/PCF2131/PCF2131.o
                0x08006e90                pcf2131_disable_poro
 .text.pcf2131_reset
                0x08006f50      0x41c ./Drivers/PCF2131/PCF2131.o
                0x08006f50                pcf2131_reset
 .text.pcf2131_start_clock
                0x0800736c       0x9c ./Drivers/PCF2131/PCF2131.o
                0x0800736c                pcf2131_start_clock
 .text.pcf2131_is_running
                0x08007408       0x4c ./Drivers/PCF2131/PCF2131.o
                0x08007408                pcf2131_is_running
 .text.bcd2bin  0x08007454       0x12 ./Drivers/PCF2131/PCF2131.o
                0x08007454                bcd2bin
 *fill*         0x08007466        0x2 
 .text.pcf2131_get_time
                0x08007468      0x118 ./Drivers/PCF2131/PCF2131.o
                0x08007468                pcf2131_get_time
 .text.bin2bcd  0x08007580       0x12 ./Drivers/PCF2131/PCF2131.o
                0x08007580                bin2bcd
 *fill*         0x08007592        0x2 
 .text.pcf2131_set_time
                0x08007594      0x180 ./Drivers/PCF2131/PCF2131.o
                0x08007594                pcf2131_set_time
 .text.HAL_InitTick
                0x08007714       0x98 ./Drivers/STM32WBAxx_HAL_Driver/Src/stm32wbaxx_hal.o
                0x08007714                HAL_InitTick
 .text.HAL_Init
                0x080077ac       0x38 ./Drivers/STM32WBAxx_HAL_Driver/Src/stm32wbaxx_hal.o
                0x080077ac                HAL_Init
 .text.HAL_GetTick
                0x080077e4        0xc ./Drivers/STM32WBAxx_HAL_Driver/Src/stm32wbaxx_hal.o
                0x080077e4                HAL_GetTick
 .text.LL_ADC_REG_IsConversionOngoing
                0x080077f0        0x8 ./Drivers/STM32WBAxx_HAL_Driver/Src/stm32wbaxx_hal_adc.o
 .text.HAL_ADC_Init
                0x080077f8      0x20c ./Drivers/STM32WBAxx_HAL_Driver/Src/stm32wbaxx_hal_adc.o
                0x080077f8                HAL_ADC_Init
 .text.HAL_ADC_LevelOutOfWindowCallback
                0x08007a04        0x2 ./Drivers/STM32WBAxx_HAL_Driver/Src/stm32wbaxx_hal_adc.o
                0x08007a04                HAL_ADC_LevelOutOfWindowCallback
 .text.HAL_ADC_ErrorCallback
                0x08007a06        0x2 ./Drivers/STM32WBAxx_HAL_Driver/Src/stm32wbaxx_hal_adc.o
                0x08007a06                HAL_ADC_ErrorCallback
 .text.HAL_ADC_IRQHandler
                0x08007a08      0x140 ./Drivers/STM32WBAxx_HAL_Driver/Src/stm32wbaxx_hal_adc.o
                0x08007a08                HAL_ADC_IRQHandler
 .text.HAL_ADC_ConfigChannel
                0x08007b48      0x180 ./Drivers/STM32WBAxx_HAL_Driver/Src/stm32wbaxx_hal_adc.o
                0x08007b48                HAL_ADC_ConfigChannel
 .text.HAL_ADCEx_LevelOutOfWindow2Callback
                0x08007cc8        0x2 ./Drivers/STM32WBAxx_HAL_Driver/Src/stm32wbaxx_hal_adc_ex.o
                0x08007cc8                HAL_ADCEx_LevelOutOfWindow2Callback
 .text.HAL_ADCEx_LevelOutOfWindow3Callback
                0x08007cca        0x2 ./Drivers/STM32WBAxx_HAL_Driver/Src/stm32wbaxx_hal_adc_ex.o
                0x08007cca                HAL_ADCEx_LevelOutOfWindow3Callback
 .text.HAL_ADCEx_EndOfSamplingCallback
                0x08007ccc        0x2 ./Drivers/STM32WBAxx_HAL_Driver/Src/stm32wbaxx_hal_adc_ex.o
                0x08007ccc                HAL_ADCEx_EndOfSamplingCallback
 .text.HAL_ADCEx_LDOReadyCallback
                0x08007cce        0x2 ./Drivers/STM32WBAxx_HAL_Driver/Src/stm32wbaxx_hal_adc_ex.o
                0x08007cce                HAL_ADCEx_LDOReadyCallback
 .text.HAL_NVIC_SetPriorityGrouping
                0x08007cd0       0x24 ./Drivers/STM32WBAxx_HAL_Driver/Src/stm32wbaxx_hal_cortex.o
                0x08007cd0                HAL_NVIC_SetPriorityGrouping
 .text.HAL_NVIC_SetPriority
                0x08007cf4       0x60 ./Drivers/STM32WBAxx_HAL_Driver/Src/stm32wbaxx_hal_cortex.o
                0x08007cf4                HAL_NVIC_SetPriority
 .text.HAL_NVIC_EnableIRQ
                0x08007d54       0x1c ./Drivers/STM32WBAxx_HAL_Driver/Src/stm32wbaxx_hal_cortex.o
                0x08007d54                HAL_NVIC_EnableIRQ
 .text.HAL_SYSTICK_Config
                0x08007d70       0x20 ./Drivers/STM32WBAxx_HAL_Driver/Src/stm32wbaxx_hal_cortex.o
                0x08007d70                HAL_SYSTICK_Config
 .text.HAL_SYSTICK_CLKSourceConfig
                0x08007d90       0x74 ./Drivers/STM32WBAxx_HAL_Driver/Src/stm32wbaxx_hal_cortex.o
                0x08007d90                HAL_SYSTICK_CLKSourceConfig
 .text.FLASH_Program_QuadWord
                0x08007e04       0x28 ./Drivers/STM32WBAxx_HAL_Driver/Src/stm32wbaxx_hal_flash.o
 .text.FLASH_Program_Burst
                0x08007e2c       0x2c ./Drivers/STM32WBAxx_HAL_Driver/Src/stm32wbaxx_hal_flash.o
 .text.HAL_FLASH_Unlock
                0x08007e58       0x24 ./Drivers/STM32WBAxx_HAL_Driver/Src/stm32wbaxx_hal_flash.o
                0x08007e58                HAL_FLASH_Unlock
 .text.HAL_FLASH_Lock
                0x08007e7c       0x18 ./Drivers/STM32WBAxx_HAL_Driver/Src/stm32wbaxx_hal_flash.o
                0x08007e7c                HAL_FLASH_Lock
 .text.FLASH_WaitForLastOperation
                0x08007e94       0x58 ./Drivers/STM32WBAxx_HAL_Driver/Src/stm32wbaxx_hal_flash.o
                0x08007e94                FLASH_WaitForLastOperation
 .text.HAL_FLASH_Program
                0x08007eec       0x60 ./Drivers/STM32WBAxx_HAL_Driver/Src/stm32wbaxx_hal_flash.o
                0x08007eec                HAL_FLASH_Program
 .text.FLASH_PageErase
                0x08007f4c       0x20 ./Drivers/STM32WBAxx_HAL_Driver/Src/stm32wbaxx_hal_flash_ex.o
                0x08007f4c                FLASH_PageErase
 .text.HAL_FLASHEx_Erase
                0x08007f6c       0xa4 ./Drivers/STM32WBAxx_HAL_Driver/Src/stm32wbaxx_hal_flash_ex.o
                0x08007f6c                HAL_FLASHEx_Erase
 .text.HAL_GPIO_Init
                0x08008010      0x140 ./Drivers/STM32WBAxx_HAL_Driver/Src/stm32wbaxx_hal_gpio.o
                0x08008010                HAL_GPIO_Init
 .text.HAL_GPIO_ReadPin
                0x08008150        0xc ./Drivers/STM32WBAxx_HAL_Driver/Src/stm32wbaxx_hal_gpio.o
                0x08008150                HAL_GPIO_ReadPin
 .text.HAL_GPIO_WritePin
                0x0800815c        0xa ./Drivers/STM32WBAxx_HAL_Driver/Src/stm32wbaxx_hal_gpio.o
                0x0800815c                HAL_GPIO_WritePin
 .text.HAL_GPIO_TogglePin
                0x08008166       0x12 ./Drivers/STM32WBAxx_HAL_Driver/Src/stm32wbaxx_hal_gpio.o
                0x08008166                HAL_GPIO_TogglePin
 .text.HAL_GPIO_EXTI_IRQHandler
                0x08008178       0x28 ./Drivers/STM32WBAxx_HAL_Driver/Src/stm32wbaxx_hal_gpio.o
                0x08008178                HAL_GPIO_EXTI_IRQHandler
 .text.HAL_I2C_Init
                0x080081a0       0xaa ./Drivers/STM32WBAxx_HAL_Driver/Src/stm32wbaxx_hal_i2c.o
                0x080081a0                HAL_I2C_Init
 .text.HAL_I2CEx_ConfigAnalogFilter
                0x0800824a       0x4c ./Drivers/STM32WBAxx_HAL_Driver/Src/stm32wbaxx_hal_i2c_ex.o
                0x0800824a                HAL_I2CEx_ConfigAnalogFilter
 .text.HAL_I2CEx_ConfigDigitalFilter
                0x08008296       0x4a ./Drivers/STM32WBAxx_HAL_Driver/Src/stm32wbaxx_hal_i2c_ex.o
                0x08008296                HAL_I2CEx_ConfigDigitalFilter
 .text.HAL_ICACHE_ConfigAssociativityMode
                0x080082e0       0x20 ./Drivers/STM32WBAxx_HAL_Driver/Src/stm32wbaxx_hal_icache.o
                0x080082e0                HAL_ICACHE_ConfigAssociativityMode
 .text.HAL_ICACHE_Enable
                0x08008300       0x14 ./Drivers/STM32WBAxx_HAL_Driver/Src/stm32wbaxx_hal_icache.o
                0x08008300                HAL_ICACHE_Enable
 .text.HAL_IWDG_MspInit
                0x08008314        0x2 ./Drivers/STM32WBAxx_HAL_Driver/Src/stm32wbaxx_hal_iwdg.o
                0x08008314                HAL_IWDG_MspInit
 .text.HAL_IWDG_Init
                0x08008316       0xa2 ./Drivers/STM32WBAxx_HAL_Driver/Src/stm32wbaxx_hal_iwdg.o
                0x08008316                HAL_IWDG_Init
 .text.HAL_IWDG_IRQHandler
                0x080083b8       0x18 ./Drivers/STM32WBAxx_HAL_Driver/Src/stm32wbaxx_hal_iwdg.o
                0x080083b8                HAL_IWDG_IRQHandler
 .text.LPTIM_WaitForFlag
                0x080083d0       0x30 ./Drivers/STM32WBAxx_HAL_Driver/Src/stm32wbaxx_hal_lptim.o
 .text.HAL_LPTIM_Init
                0x08008400       0xf8 ./Drivers/STM32WBAxx_HAL_Driver/Src/stm32wbaxx_hal_lptim.o
                0x08008400                HAL_LPTIM_Init
 .text.HAL_LPTIM_CompareMatchCallback
                0x080084f8        0x2 ./Drivers/STM32WBAxx_HAL_Driver/Src/stm32wbaxx_hal_lptim.o
                0x080084f8                HAL_LPTIM_CompareMatchCallback
 .text.HAL_LPTIM_AutoReloadMatchCallback
                0x080084fa        0x2 ./Drivers/STM32WBAxx_HAL_Driver/Src/stm32wbaxx_hal_lptim.o
                0x080084fa                HAL_LPTIM_AutoReloadMatchCallback
 .text.HAL_LPTIM_TriggerCallback
                0x080084fc        0x2 ./Drivers/STM32WBAxx_HAL_Driver/Src/stm32wbaxx_hal_lptim.o
                0x080084fc                HAL_LPTIM_TriggerCallback
 .text.HAL_LPTIM_CompareWriteCallback
                0x080084fe        0x2 ./Drivers/STM32WBAxx_HAL_Driver/Src/stm32wbaxx_hal_lptim.o
                0x080084fe                HAL_LPTIM_CompareWriteCallback
 .text.HAL_LPTIM_AutoReloadWriteCallback
                0x08008500        0x2 ./Drivers/STM32WBAxx_HAL_Driver/Src/stm32wbaxx_hal_lptim.o
                0x08008500                HAL_LPTIM_AutoReloadWriteCallback
 .text.HAL_LPTIM_DirectionUpCallback
                0x08008502        0x2 ./Drivers/STM32WBAxx_HAL_Driver/Src/stm32wbaxx_hal_lptim.o
                0x08008502                HAL_LPTIM_DirectionUpCallback
 .text.HAL_LPTIM_DirectionDownCallback
                0x08008504        0x2 ./Drivers/STM32WBAxx_HAL_Driver/Src/stm32wbaxx_hal_lptim.o
                0x08008504                HAL_LPTIM_DirectionDownCallback
 .text.HAL_LPTIM_UpdateEventCallback
                0x08008506        0x2 ./Drivers/STM32WBAxx_HAL_Driver/Src/stm32wbaxx_hal_lptim.o
                0x08008506                HAL_LPTIM_UpdateEventCallback
 .text.HAL_LPTIM_RepCounterWriteCallback
                0x08008508        0x2 ./Drivers/STM32WBAxx_HAL_Driver/Src/stm32wbaxx_hal_lptim.o
                0x08008508                HAL_LPTIM_RepCounterWriteCallback
 .text.HAL_LPTIM_IC_CaptureCallback
                0x0800850a        0x2 ./Drivers/STM32WBAxx_HAL_Driver/Src/stm32wbaxx_hal_lptim.o
                0x0800850a                HAL_LPTIM_IC_CaptureCallback
 .text.HAL_LPTIM_IC_OverCaptureCallback
                0x0800850c        0x2 ./Drivers/STM32WBAxx_HAL_Driver/Src/stm32wbaxx_hal_lptim.o
                0x0800850c                HAL_LPTIM_IC_OverCaptureCallback
 .text.HAL_LPTIM_IRQHandler
                0x0800850e      0x19c ./Drivers/STM32WBAxx_HAL_Driver/Src/stm32wbaxx_hal_lptim.o
                0x0800850e                HAL_LPTIM_IRQHandler
 .text.HAL_PWR_WKUP1_Callback
                0x080086aa        0x2 ./Drivers/STM32WBAxx_HAL_Driver/Src/stm32wbaxx_hal_pwr.o
                0x080086aa                HAL_PWR_WKUP1_Callback
 .text.HAL_PWR_WKUP2_Callback
                0x080086ac        0x2 ./Drivers/STM32WBAxx_HAL_Driver/Src/stm32wbaxx_hal_pwr.o
                0x080086ac                HAL_PWR_WKUP2_Callback
 .text.HAL_PWR_WKUP3_Callback
                0x080086ae        0x2 ./Drivers/STM32WBAxx_HAL_Driver/Src/stm32wbaxx_hal_pwr.o
                0x080086ae                HAL_PWR_WKUP3_Callback
 .text.HAL_PWR_WKUP4_Callback
                0x080086b0        0x2 ./Drivers/STM32WBAxx_HAL_Driver/Src/stm32wbaxx_hal_pwr.o
                0x080086b0                HAL_PWR_WKUP4_Callback
 .text.HAL_PWR_WKUP5_Callback
                0x080086b2        0x2 ./Drivers/STM32WBAxx_HAL_Driver/Src/stm32wbaxx_hal_pwr.o
                0x080086b2                HAL_PWR_WKUP5_Callback
 .text.HAL_PWR_WKUP6_Callback
                0x080086b4        0x2 ./Drivers/STM32WBAxx_HAL_Driver/Src/stm32wbaxx_hal_pwr.o
                0x080086b4                HAL_PWR_WKUP6_Callback
 .text.HAL_PWR_WKUP7_Callback
                0x080086b6        0x2 ./Drivers/STM32WBAxx_HAL_Driver/Src/stm32wbaxx_hal_pwr.o
                0x080086b6                HAL_PWR_WKUP7_Callback
 .text.HAL_PWR_WKUP8_Callback
                0x080086b8        0x2 ./Drivers/STM32WBAxx_HAL_Driver/Src/stm32wbaxx_hal_pwr.o
                0x080086b8                HAL_PWR_WKUP8_Callback
 *fill*         0x080086ba        0x2 
 .text.HAL_PWR_WKUP_IRQHandler
                0x080086bc       0x50 ./Drivers/STM32WBAxx_HAL_Driver/Src/stm32wbaxx_hal_pwr.o
                0x080086bc                HAL_PWR_WKUP_IRQHandler
 .text.HAL_PWREx_ControlVoltageScaling
                0x0800870c       0x64 ./Drivers/STM32WBAxx_HAL_Driver/Src/stm32wbaxx_hal_pwr_ex.o
                0x0800870c                HAL_PWREx_ControlVoltageScaling
 .text.RCC_PLL1_GetVCOOutputFreq
                0x08008770       0x8c ./Drivers/STM32WBAxx_HAL_Driver/Src/stm32wbaxx_hal_rcc.o
 .text.HAL_RCC_OscConfig
                0x080087fc      0x5b4 ./Drivers/STM32WBAxx_HAL_Driver/Src/stm32wbaxx_hal_rcc.o
                0x080087fc                HAL_RCC_OscConfig
 .text.HAL_RCC_GetPLL1RFreq
                0x08008db0       0x24 ./Drivers/STM32WBAxx_HAL_Driver/Src/stm32wbaxx_hal_rcc.o
                0x08008db0                HAL_RCC_GetPLL1RFreq
 .text.HAL_RCC_GetSysClockFreq
                0x08008dd4       0x30 ./Drivers/STM32WBAxx_HAL_Driver/Src/stm32wbaxx_hal_rcc.o
                0x08008dd4                HAL_RCC_GetSysClockFreq
 .text.HAL_RCC_ClockConfig
                0x08008e04      0x194 ./Drivers/STM32WBAxx_HAL_Driver/Src/stm32wbaxx_hal_rcc.o
                0x08008e04                HAL_RCC_ClockConfig
 .text.HAL_RCC_GetHCLKFreq
                0x08008f98       0x28 ./Drivers/STM32WBAxx_HAL_Driver/Src/stm32wbaxx_hal_rcc.o
                0x08008f98                HAL_RCC_GetHCLKFreq
 .text.HAL_RCC_GetPCLK1Freq
                0x08008fc0       0x20 ./Drivers/STM32WBAxx_HAL_Driver/Src/stm32wbaxx_hal_rcc.o
                0x08008fc0                HAL_RCC_GetPCLK1Freq
 .text.HAL_RCC_GetPCLK2Freq
                0x08008fe0       0x20 ./Drivers/STM32WBAxx_HAL_Driver/Src/stm32wbaxx_hal_rcc.o
                0x08008fe0                HAL_RCC_GetPCLK2Freq
 .text.HAL_RCC_GetPCLK7Freq
                0x08009000       0x20 ./Drivers/STM32WBAxx_HAL_Driver/Src/stm32wbaxx_hal_rcc.o
                0x08009000                HAL_RCC_GetPCLK7Freq
 .text.HAL_RCCEx_PeriphCLKConfig
                0x08009020      0x264 ./Drivers/STM32WBAxx_HAL_Driver/Src/stm32wbaxx_hal_rcc_ex.o
                0x08009020                HAL_RCCEx_PeriphCLKConfig
 .text.SPI_CloseTransfer
                0x08009284       0xac ./Drivers/STM32WBAxx_HAL_Driver/Src/stm32wbaxx_hal_spi.o
 .text.HAL_SPI_Init
                0x08009330      0x118 ./Drivers/STM32WBAxx_HAL_Driver/Src/stm32wbaxx_hal_spi.o
                0x08009330                HAL_SPI_Init
 .text.HAL_SPI_Transmit
                0x08009448      0x260 ./Drivers/STM32WBAxx_HAL_Driver/Src/stm32wbaxx_hal_spi.o
                0x08009448                HAL_SPI_Transmit
 .text.HAL_SPI_TransmitReceive
                0x080096a8      0x2c4 ./Drivers/STM32WBAxx_HAL_Driver/Src/stm32wbaxx_hal_spi.o
                0x080096a8                HAL_SPI_TransmitReceive
 .text.HAL_SPI_GetState
                0x0800996c        0x6 ./Drivers/STM32WBAxx_HAL_Driver/Src/stm32wbaxx_hal_spi.o
                0x0800996c                HAL_SPI_GetState
 .text.HAL_SPIEx_SetConfigAutonomousMode
                0x08009972       0x46 ./Drivers/STM32WBAxx_HAL_Driver/Src/stm32wbaxx_hal_spi_ex.o
                0x08009972                HAL_SPIEx_SetConfigAutonomousMode
 .text.HAL_TIM_Base_Start
                0x080099b8       0x4c ./Drivers/STM32WBAxx_HAL_Driver/Src/stm32wbaxx_hal_tim.o
                0x080099b8                HAL_TIM_Base_Start
 .text.TIM_Base_SetConfig
                0x08009a04       0x94 ./Drivers/STM32WBAxx_HAL_Driver/Src/stm32wbaxx_hal_tim.o
                0x08009a04                TIM_Base_SetConfig
 .text.HAL_TIM_Base_Init
                0x08009a98       0x60 ./Drivers/STM32WBAxx_HAL_Driver/Src/stm32wbaxx_hal_tim.o
                0x08009a98                HAL_TIM_Base_Init
 .text.TIM_ETR_SetConfig
                0x08009af8       0x14 ./Drivers/STM32WBAxx_HAL_Driver/Src/stm32wbaxx_hal_tim.o
                0x08009af8                TIM_ETR_SetConfig
 .text.HAL_TIM_ConfigClockSource
                0x08009b0c      0x154 ./Drivers/STM32WBAxx_HAL_Driver/Src/stm32wbaxx_hal_tim.o
                0x08009b0c                HAL_TIM_ConfigClockSource
 .text.HAL_TIMEx_MasterConfigSynchronization
                0x08009c60       0x68 ./Drivers/STM32WBAxx_HAL_Driver/Src/stm32wbaxx_hal_tim_ex.o
                0x08009c60                HAL_TIMEx_MasterConfigSynchronization
 .text.UART_EndRxTransfer
                0x08009cc8       0x58 ./Drivers/STM32WBAxx_HAL_Driver/Src/stm32wbaxx_hal_uart.o
 .text.UART_SetConfig
                0x08009d20      0x228 ./Drivers/STM32WBAxx_HAL_Driver/Src/stm32wbaxx_hal_uart.o
                0x08009d20                UART_SetConfig
 .text.UART_AdvFeatureConfig
                0x08009f48       0xaa ./Drivers/STM32WBAxx_HAL_Driver/Src/stm32wbaxx_hal_uart.o
                0x08009f48                UART_AdvFeatureConfig
 .text.UART_WaitOnFlagUntilTimeout
                0x08009ff2       0x98 ./Drivers/STM32WBAxx_HAL_Driver/Src/stm32wbaxx_hal_uart.o
                0x08009ff2                UART_WaitOnFlagUntilTimeout
 .text.HAL_UART_Transmit
                0x0800a08a       0xaa ./Drivers/STM32WBAxx_HAL_Driver/Src/stm32wbaxx_hal_uart.o
                0x0800a08a                HAL_UART_Transmit
 .text.UART_CheckIdleState
                0x0800a134       0xb6 ./Drivers/STM32WBAxx_HAL_Driver/Src/stm32wbaxx_hal_uart.o
                0x0800a134                UART_CheckIdleState
 .text.HAL_HalfDuplex_Init
                0x0800a1ea       0x68 ./Drivers/STM32WBAxx_HAL_Driver/Src/stm32wbaxx_hal_uart.o
                0x0800a1ea                HAL_HalfDuplex_Init
 *fill*         0x0800a252        0x2 
 .text.UARTEx_SetNbDataToProcess
                0x0800a254       0x44 ./Drivers/STM32WBAxx_HAL_Driver/Src/stm32wbaxx_hal_uart_ex.o
 .text.HAL_UARTEx_DisableFifoMode
                0x0800a298       0x36 ./Drivers/STM32WBAxx_HAL_Driver/Src/stm32wbaxx_hal_uart_ex.o
                0x0800a298                HAL_UARTEx_DisableFifoMode
 .text.HAL_UARTEx_SetTxFifoThreshold
                0x0800a2ce       0x40 ./Drivers/STM32WBAxx_HAL_Driver/Src/stm32wbaxx_hal_uart_ex.o
                0x0800a2ce                HAL_UARTEx_SetTxFifoThreshold
 .text.HAL_UARTEx_SetRxFifoThreshold
                0x0800a30e       0x40 ./Drivers/STM32WBAxx_HAL_Driver/Src/stm32wbaxx_hal_uart_ex.o
                0x0800a30e                HAL_UARTEx_SetRxFifoThreshold
 *fill*         0x0800a34e        0x2 
 .text.SX1280WaitOnBusy
                0x0800a350       0x54 ./Drivers/SX1280/SX1280.o
                0x0800a350                SX1280WaitOnBusy
 .text.WriteRegister_16bAddress
                0x0800a3a4       0x64 ./Drivers/SX1280/SX1280.o
                0x0800a3a4                WriteRegister_16bAddress
 .text.ReadRegister_16bAddress
                0x0800a408       0x98 ./Drivers/SX1280/SX1280.o
                0x0800a408                ReadRegister_16bAddress
 .text.SX1280HalReadCommand
                0x0800a4a0       0x8c ./Drivers/SX1280/SX1280.o
                0x0800a4a0                SX1280HalReadCommand
 .text.SX1280HalReset
                0x0800a52c       0xa8 ./Drivers/SX1280/SX1280.o
                0x0800a52c                SX1280HalReset
 .text.SX1280GetStatus
                0x0800a5d4      0x128 ./Drivers/SX1280/SX1280.o
                0x0800a5d4                SX1280GetStatus
 .text.SetRx    0x0800a6fc       0x50 ./Drivers/SX1280/SX1280.o
                0x0800a6fc                SetRx
 .text.SetTx    0x0800a74c       0x5c ./Drivers/SX1280/SX1280.o
                0x0800a74c                SetTx
 .text.SX1280HalWriteCommand
                0x0800a7a8       0x68 ./Drivers/SX1280/SX1280.o
                0x0800a7a8                SX1280HalWriteCommand
 .text.SetRfFrequency
                0x0800a810       0x40 ./Drivers/SX1280/SX1280.o
                0x0800a810                SetRfFrequency
 .text.SX1280SetSleep
                0x0800a850       0x18 ./Drivers/SX1280/SX1280.o
                0x0800a850                SX1280SetSleep
 .text.GoToStandby
                0x0800a868       0x5c ./Drivers/SX1280/SX1280.o
                0x0800a868                GoToStandby
 .text.SetTypicalRegisterSettings
                0x0800a8c4      0x138 ./Drivers/SX1280/SX1280.o
                0x0800a8c4                SetTypicalRegisterSettings
 .text.ClearIrqStatus
                0x0800a9fc       0x18 ./Drivers/SX1280/SX1280.o
                0x0800a9fc                ClearIrqStatus
 .text.SX1280HalWriteReadCommand
                0x0800aa14       0x6c ./Drivers/SX1280/SX1280.o
                0x0800aa14                SX1280HalWriteReadCommand
 .text.WriteTXBuffer
                0x0800aa80       0x60 ./Drivers/SX1280/SX1280.o
                0x0800aa80                WriteTXBuffer
 .text.ReadRXBuffer
                0x0800aae0       0x9c ./Drivers/SX1280/SX1280.o
                0x0800aae0                ReadRXBuffer
 .text.complement2
                0x0800ab7c       0x16 ./Drivers/SX1280/SX1280.o
                0x0800ab7c                complement2
 *fill*         0x0800ab92        0x2 
 .text.SX1280Init
                0x0800ab94      0x204 ./Drivers/SX1280/SX1280.o
                0x0800ab94                SX1280Init
 .text.IRQ_Context
                0x0800ad98       0x2a ./Middlewares/Third_Party/FreeRTOS/Source/CMSIS_RTOS_V2/cmsis_os2.o
 .text.SysTick_Handler
                0x0800adc2       0x14 ./Middlewares/Third_Party/FreeRTOS/Source/CMSIS_RTOS_V2/cmsis_os2.o
                0x0800adc2                SysTick_Handler
 .text.osThreadNew
                0x0800add6       0x9a ./Middlewares/Third_Party/FreeRTOS/Source/CMSIS_RTOS_V2/cmsis_os2.o
                0x0800add6                osThreadNew
 .text.osDelay  0x0800ae70       0x1e ./Middlewares/Third_Party/FreeRTOS/Source/CMSIS_RTOS_V2/cmsis_os2.o
                0x0800ae70                osDelay
 *fill*         0x0800ae8e        0x2 
 .text.vApplicationGetIdleTaskMemory
                0x0800ae90       0x18 ./Middlewares/Third_Party/FreeRTOS/Source/CMSIS_RTOS_V2/cmsis_os2.o
                0x0800ae90                vApplicationGetIdleTaskMemory
 .text.vApplicationGetTimerTaskMemory
                0x0800aea8       0x18 ./Middlewares/Third_Party/FreeRTOS/Source/CMSIS_RTOS_V2/cmsis_os2.o
                0x0800aea8                vApplicationGetTimerTaskMemory
 .text.vListInitialise
                0x0800aec0       0x1c ./Middlewares/Third_Party/FreeRTOS/Source/list.o
                0x0800aec0                vListInitialise
 .text.vListInitialiseItem
                0x0800aedc        0x6 ./Middlewares/Third_Party/FreeRTOS/Source/list.o
                0x0800aedc                vListInitialiseItem
 .text.vListInsertEnd
                0x0800aee2       0x16 ./Middlewares/Third_Party/FreeRTOS/Source/list.o
                0x0800aee2                vListInsertEnd
 .text.vListInsert
                0x0800aef8       0x3c ./Middlewares/Third_Party/FreeRTOS/Source/list.o
                0x0800aef8                vListInsert
 .text.uxListRemove
                0x0800af34       0x20 ./Middlewares/Third_Party/FreeRTOS/Source/list.o
                0x0800af34                uxListRemove
 .text.prvIsQueueEmpty
                0x0800af54       0x16 ./Middlewares/Third_Party/FreeRTOS/Source/queue.o
 .text.prvCopyDataToQueue
                0x0800af6a       0x66 ./Middlewares/Third_Party/FreeRTOS/Source/queue.o
 .text.prvCopyDataFromQueue
                0x0800afd0       0x2c ./Middlewares/Third_Party/FreeRTOS/Source/queue.o
 .text.prvUnlockQueue
                0x0800affc       0x70 ./Middlewares/Third_Party/FreeRTOS/Source/queue.o
 .text.xQueueGenericReset
                0x0800b06c       0x72 ./Middlewares/Third_Party/FreeRTOS/Source/queue.o
                0x0800b06c                xQueueGenericReset
 .text.xQueueGenericCreateStatic
                0x0800b0de       0x56 ./Middlewares/Third_Party/FreeRTOS/Source/queue.o
                0x0800b0de                xQueueGenericCreateStatic
 .text.xQueueGenericCreate
                0x0800b134       0x54 ./Middlewares/Third_Party/FreeRTOS/Source/queue.o
                0x0800b134                xQueueGenericCreate
 .text.xQueueGenericSend
                0x0800b188      0x11e ./Middlewares/Third_Party/FreeRTOS/Source/queue.o
                0x0800b188                xQueueGenericSend
 .text.xQueueCreateMutex
                0x0800b2a6       0x28 ./Middlewares/Third_Party/FreeRTOS/Source/queue.o
                0x0800b2a6                xQueueCreateMutex
 .text.xQueueGiveFromISR
                0x0800b2ce       0x82 ./Middlewares/Third_Party/FreeRTOS/Source/queue.o
                0x0800b2ce                xQueueGiveFromISR
 .text.xQueueReceive
                0x0800b350      0x104 ./Middlewares/Third_Party/FreeRTOS/Source/queue.o
                0x0800b350                xQueueReceive
 .text.xQueueSemaphoreTake
                0x0800b454      0x12e ./Middlewares/Third_Party/FreeRTOS/Source/queue.o
                0x0800b454                xQueueSemaphoreTake
 .text.xQueueReceiveFromISR
                0x0800b582       0x82 ./Middlewares/Third_Party/FreeRTOS/Source/queue.o
                0x0800b582                xQueueReceiveFromISR
 .text.vQueueAddToRegistry
                0x0800b604       0x44 ./Middlewares/Third_Party/FreeRTOS/Source/queue.o
                0x0800b604                vQueueAddToRegistry
 .text.vQueueWaitForMessageRestricted
                0x0800b648       0x4c ./Middlewares/Third_Party/FreeRTOS/Source/queue.o
                0x0800b648                vQueueWaitForMessageRestricted
 .text.prvAddNewTaskToReadyList
                0x0800b694      0x104 ./Middlewares/Third_Party/FreeRTOS/Source/tasks.o
 .text.prvAddCurrentTaskToDelayedList
                0x0800b798       0xb4 ./Middlewares/Third_Party/FreeRTOS/Source/tasks.o
 .text.prvGetExpectedIdleTime
                0x0800b84c       0x50 ./Middlewares/Third_Party/FreeRTOS/Source/tasks.o
 .text.prvResetNextTaskUnblockTime
                0x0800b89c       0x28 ./Middlewares/Third_Party/FreeRTOS/Source/tasks.o
 .text.prvDeleteTCB
                0x0800b8c4       0x2a ./Middlewares/Third_Party/FreeRTOS/Source/tasks.o
 .text.prvInitialiseNewTask.constprop.0
                0x0800b8ee       0x90 ./Middlewares/Third_Party/FreeRTOS/Source/tasks.o
 .text.xTaskCreateStatic
                0x0800b97e       0x6e ./Middlewares/Third_Party/FreeRTOS/Source/tasks.o
                0x0800b97e                xTaskCreateStatic
 .text.xTaskCreate
                0x0800b9ec       0x5e ./Middlewares/Third_Party/FreeRTOS/Source/tasks.o
                0x0800b9ec                xTaskCreate
 *fill*         0x0800ba4a        0x2 
 .text.vTaskStartScheduler
                0x0800ba4c       0x84 ./Middlewares/Third_Party/FreeRTOS/Source/tasks.o
                0x0800ba4c                vTaskStartScheduler
 .text.vTaskSuspendAll
                0x0800bad0       0x10 ./Middlewares/Third_Party/FreeRTOS/Source/tasks.o
                0x0800bad0                vTaskSuspendAll
 .text.xTaskGetTickCount
                0x0800bae0        0xc ./Middlewares/Third_Party/FreeRTOS/Source/tasks.o
                0x0800bae0                xTaskGetTickCount
 .text.xTaskGetTickCountFromISR
                0x0800baec        0xc ./Middlewares/Third_Party/FreeRTOS/Source/tasks.o
                0x0800baec                xTaskGetTickCountFromISR
 .text.uxTaskGetNumberOfTasks
                0x0800baf8        0xc ./Middlewares/Third_Party/FreeRTOS/Source/tasks.o
                0x0800baf8                uxTaskGetNumberOfTasks
 .text.vTaskStepTick
                0x0800bb04       0x98 ./Middlewares/Third_Party/FreeRTOS/Source/tasks.o
                0x0800bb04                vTaskStepTick
 .text.xTaskIncrementTick
                0x0800bb9c      0x198 ./Middlewares/Third_Party/FreeRTOS/Source/tasks.o
                0x0800bb9c                xTaskIncrementTick
 .text.xTaskResumeAll
                0x0800bd34      0x13c ./Middlewares/Third_Party/FreeRTOS/Source/tasks.o
                0x0800bd34                xTaskResumeAll
 .text.xTaskDelayUntil
                0x0800be70       0x9c ./Middlewares/Third_Party/FreeRTOS/Source/tasks.o
                0x0800be70                xTaskDelayUntil
 .text.vTaskDelay
                0x0800bf0c       0x34 ./Middlewares/Third_Party/FreeRTOS/Source/tasks.o
                0x0800bf0c                vTaskDelay
 .text.prvIdleTask
                0x0800bf40       0x98 ./Middlewares/Third_Party/FreeRTOS/Source/tasks.o
 .text.xTaskCatchUpTicks
                0x0800bfd8       0x40 ./Middlewares/Third_Party/FreeRTOS/Source/tasks.o
                0x0800bfd8                xTaskCatchUpTicks
 .text.vTaskSwitchContext
                0x0800c018       0x6c ./Middlewares/Third_Party/FreeRTOS/Source/tasks.o
                0x0800c018                vTaskSwitchContext
 .text.vTaskSuspend
                0x0800c084       0x9c ./Middlewares/Third_Party/FreeRTOS/Source/tasks.o
                0x0800c084                vTaskSuspend
 .text.vTaskPlaceOnEventList
                0x0800c120       0x2c ./Middlewares/Third_Party/FreeRTOS/Source/tasks.o
                0x0800c120                vTaskPlaceOnEventList
 .text.vTaskPlaceOnEventListRestricted
                0x0800c14c       0x4c ./Middlewares/Third_Party/FreeRTOS/Source/tasks.o
                0x0800c14c                vTaskPlaceOnEventListRestricted
 .text.xTaskRemoveFromEventList
                0x0800c198       0xc8 ./Middlewares/Third_Party/FreeRTOS/Source/tasks.o
                0x0800c198                xTaskRemoveFromEventList
 .text.vTaskInternalSetTimeOutState
                0x0800c260       0x1c ./Middlewares/Third_Party/FreeRTOS/Source/tasks.o
                0x0800c260                vTaskInternalSetTimeOutState
 .text.xTaskCheckForTimeOut
                0x0800c27c       0x90 ./Middlewares/Third_Party/FreeRTOS/Source/tasks.o
                0x0800c27c                xTaskCheckForTimeOut
 .text.vTaskMissedYield
                0x0800c30c        0xc ./Middlewares/Third_Party/FreeRTOS/Source/tasks.o
                0x0800c30c                vTaskMissedYield
 .text.eTaskConfirmSleepModeStatus
                0x0800c318       0x48 ./Middlewares/Third_Party/FreeRTOS/Source/tasks.o
                0x0800c318                eTaskConfirmSleepModeStatus
 .text.xTaskGetSchedulerState
                0x0800c360       0x20 ./Middlewares/Third_Party/FreeRTOS/Source/tasks.o
                0x0800c360                xTaskGetSchedulerState
 .text.xTaskPriorityInherit
                0x0800c380       0x98 ./Middlewares/Third_Party/FreeRTOS/Source/tasks.o
                0x0800c380                xTaskPriorityInherit
 .text.xTaskPriorityDisinherit
                0x0800c418       0x84 ./Middlewares/Third_Party/FreeRTOS/Source/tasks.o
                0x0800c418                xTaskPriorityDisinherit
 .text.vTaskPriorityDisinheritAfterTimeout
                0x0800c49c       0x98 ./Middlewares/Third_Party/FreeRTOS/Source/tasks.o
                0x0800c49c                vTaskPriorityDisinheritAfterTimeout
 .text.pvTaskIncrementMutexHeldCount
                0x0800c534       0x18 ./Middlewares/Third_Party/FreeRTOS/Source/tasks.o
                0x0800c534                pvTaskIncrementMutexHeldCount
 .text.xTaskGenericNotifyWait
                0x0800c54c       0x88 ./Middlewares/Third_Party/FreeRTOS/Source/tasks.o
                0x0800c54c                xTaskGenericNotifyWait
 .text.xTaskGenericNotify
                0x0800c5d4       0xe4 ./Middlewares/Third_Party/FreeRTOS/Source/tasks.o
                0x0800c5d4                xTaskGenericNotify
 .text.xTaskGenericNotifyFromISR
                0x0800c6b8      0x130 ./Middlewares/Third_Party/FreeRTOS/Source/tasks.o
                0x0800c6b8                xTaskGenericNotifyFromISR
 .text.xTaskGenericNotifyStateClear
                0x0800c7e8       0x34 ./Middlewares/Third_Party/FreeRTOS/Source/tasks.o
                0x0800c7e8                xTaskGenericNotifyStateClear
 .text.prvInsertTimerInActiveList
                0x0800c81c       0x58 ./Middlewares/Third_Party/FreeRTOS/Source/timers.o
 .text.prvReloadTimer
                0x0800c874       0x42 ./Middlewares/Third_Party/FreeRTOS/Source/timers.o
 *fill*         0x0800c8b6        0x2 
 .text.prvProcessExpiredTimer
                0x0800c8b8       0x4c ./Middlewares/Third_Party/FreeRTOS/Source/timers.o
 .text.prvSampleTimeNow
                0x0800c904       0x68 ./Middlewares/Third_Party/FreeRTOS/Source/timers.o
 .text.prvTimerTask
                0x0800c96c      0x194 ./Middlewares/Third_Party/FreeRTOS/Source/timers.o
 .text.prvCheckForValidListAndQueue
                0x0800cb00       0x68 ./Middlewares/Third_Party/FreeRTOS/Source/timers.o
 .text.xTimerCreateTimerTask
                0x0800cb68       0x58 ./Middlewares/Third_Party/FreeRTOS/Source/timers.o
                0x0800cb68                xTimerCreateTimerTask
 .text.prvTaskExitError
                0x0800cbc0       0x28 ./Middlewares/Third_Party/FreeRTOS/Source/portable/GCC/ARM_CM33_NTZ/non_secure/port.o
 .text.vPortSuppressTicksAndSleep
                0x0800cbe8      0x10c ./Middlewares/Third_Party/FreeRTOS/Source/portable/GCC/ARM_CM33_NTZ/non_secure/port.o
                0x0800cbe8                vPortSuppressTicksAndSleep
 .text.vPortSetupTimerInterrupt
                0x0800ccf4       0x4c ./Middlewares/Third_Party/FreeRTOS/Source/portable/GCC/ARM_CM33_NTZ/non_secure/port.o
                0x0800ccf4                vPortSetupTimerInterrupt
 .text.vPortYield
                0x0800cd40       0x16 ./Middlewares/Third_Party/FreeRTOS/Source/portable/GCC/ARM_CM33_NTZ/non_secure/port.o
                0x0800cd40                vPortYield
 *fill*         0x0800cd56        0x2 
 .text.vPortEnterCritical
                0x0800cd58       0x1c ./Middlewares/Third_Party/FreeRTOS/Source/portable/GCC/ARM_CM33_NTZ/non_secure/port.o
                0x0800cd58                vPortEnterCritical
 .text.vPortExitCritical
                0x0800cd74       0x28 ./Middlewares/Third_Party/FreeRTOS/Source/portable/GCC/ARM_CM33_NTZ/non_secure/port.o
                0x0800cd74                vPortExitCritical
 .text.xPortSysTickHandler
                0x0800cd9c       0x94 ./Middlewares/Third_Party/FreeRTOS/Source/portable/GCC/ARM_CM33_NTZ/non_secure/port.o
                0x0800cd9c                xPortSysTickHandler
 .text.vPortSVCHandler_C
                0x0800ce30       0x36 ./Middlewares/Third_Party/FreeRTOS/Source/portable/GCC/ARM_CM33_NTZ/non_secure/port.o
                0x0800ce30                vPortSVCHandler_C
 *fill*         0x0800ce66        0x2 
 .text.pxPortInitialiseStack
                0x0800ce68       0x70 ./Middlewares/Third_Party/FreeRTOS/Source/portable/GCC/ARM_CM33_NTZ/non_secure/port.o
                0x0800ce68                pxPortInitialiseStack
 .text.xPortStartScheduler
                0x0800ced8       0x3c ./Middlewares/Third_Party/FreeRTOS/Source/portable/GCC/ARM_CM33_NTZ/non_secure/port.o
                0x0800ced8                xPortStartScheduler
 *fill*         0x0800cf14        0xc 
 .text.vRestoreContextOfFirstTask
                0x0800cf20       0x34 ./Middlewares/Third_Party/FreeRTOS/Source/portable/GCC/ARM_CM33_NTZ/non_secure/portasm.o
                0x0800cf20                vRestoreContextOfFirstTask
 *fill*         0x0800cf54        0xc 
 .text.vStartFirstTask
                0x0800cf60       0x24 ./Middlewares/Third_Party/FreeRTOS/Source/portable/GCC/ARM_CM33_NTZ/non_secure/portasm.o
                0x0800cf60                vStartFirstTask
 .text.ulSetInterruptMask
                0x0800cf84       0x16 ./Middlewares/Third_Party/FreeRTOS/Source/portable/GCC/ARM_CM33_NTZ/non_secure/portasm.o
                0x0800cf84                ulSetInterruptMask
 .text.vClearInterruptMask
                0x0800cf9a        0xe ./Middlewares/Third_Party/FreeRTOS/Source/portable/GCC/ARM_CM33_NTZ/non_secure/portasm.o
                0x0800cf9a                vClearInterruptMask
 *fill*         0x0800cfa8        0x8 
 .text.PendSV_Handler
                0x0800cfb0       0x64 ./Middlewares/Third_Party/FreeRTOS/Source/portable/GCC/ARM_CM33_NTZ/non_secure/portasm.o
                0x0800cfb0                PendSV_Handler
 *fill*         0x0800d014        0xc 
 .text.SVC_Handler
                0x0800d020       0x24 ./Middlewares/Third_Party/FreeRTOS/Source/portable/GCC/ARM_CM33_NTZ/non_secure/portasm.o
                0x0800d020                SVC_Handler
 .text.pvPortMalloc
                0x0800d044       0x5c ./Middlewares/Third_Party/FreeRTOS/Source/portable/MemMang/heap_1.o
                0x0800d044                pvPortMalloc
 .text.vPortFree
                0x0800d0a0        0xc ./Middlewares/Third_Party/FreeRTOS/Source/portable/MemMang/heap_1.o
                0x0800d0a0                vPortFree
 .text.__assert_func
                0x0800d0ac       0x3c C:/ST/STM32CubeIDE_1.15.0/STM32CubeIDE/plugins/com.st.stm32cube.ide.mcu.externaltools.gnu-tools-for-stm32.12.3.rel1.win32_1.0.100.202403111256/tools/bin/../lib/gcc/arm-none-eabi/12.3.1/../../../../arm-none-eabi/lib/thumb/v8-m.main+fp/hard\libc_nano.a(libc_a-assert.o)
                0x0800d0ac                __assert_func
 .text._strtol_l.constprop.0
                0x0800d0e8       0xf4 C:/ST/STM32CubeIDE_1.15.0/STM32CubeIDE/plugins/com.st.stm32cube.ide.mcu.externaltools.gnu-tools-for-stm32.12.3.rel1.win32_1.0.100.202403111256/tools/bin/../lib/gcc/arm-none-eabi/12.3.1/../../../../arm-none-eabi/lib/thumb/v8-m.main+fp/hard\libc_nano.a(libc_a-strtol.o)
 .text._strtol_r
                0x0800d1dc        0x4 C:/ST/STM32CubeIDE_1.15.0/STM32CubeIDE/plugins/com.st.stm32cube.ide.mcu.externaltools.gnu-tools-for-stm32.12.3.rel1.win32_1.0.100.202403111256/tools/bin/../lib/gcc/arm-none-eabi/12.3.1/../../../../arm-none-eabi/lib/thumb/v8-m.main+fp/hard\libc_nano.a(libc_a-strtol.o)
                0x0800d1dc                _strtol_r
 .text.__sfputc_r
                0x0800d1e0       0x2e C:/ST/STM32CubeIDE_1.15.0/STM32CubeIDE/plugins/com.st.stm32cube.ide.mcu.externaltools.gnu-tools-for-stm32.12.3.rel1.win32_1.0.100.202403111256/tools/bin/../lib/gcc/arm-none-eabi/12.3.1/../../../../arm-none-eabi/lib/thumb/v8-m.main+fp/hard\libc_nano.a(libc_a-nano-vfprintf.o)
 .text.__sfputs_r
                0x0800d20e       0x24 C:/ST/STM32CubeIDE_1.15.0/STM32CubeIDE/plugins/com.st.stm32cube.ide.mcu.externaltools.gnu-tools-for-stm32.12.3.rel1.win32_1.0.100.202403111256/tools/bin/../lib/gcc/arm-none-eabi/12.3.1/../../../../arm-none-eabi/lib/thumb/v8-m.main+fp/hard\libc_nano.a(libc_a-nano-vfprintf.o)
                0x0800d20e                __sfputs_r
 *fill*         0x0800d232        0x2 
 .text._vfprintf_r
                0x0800d234      0x230 C:/ST/STM32CubeIDE_1.15.0/STM32CubeIDE/plugins/com.st.stm32cube.ide.mcu.externaltools.gnu-tools-for-stm32.12.3.rel1.win32_1.0.100.202403111256/tools/bin/../lib/gcc/arm-none-eabi/12.3.1/../../../../arm-none-eabi/lib/thumb/v8-m.main+fp/hard\libc_nano.a(libc_a-nano-vfprintf.o)
                0x0800d234                _vfprintf_r
                0x0800d234                _vfiprintf_r
 .text._printf_common
                0x0800d464       0xe4 C:/ST/STM32CubeIDE_1.15.0/STM32CubeIDE/plugins/com.st.stm32cube.ide.mcu.externaltools.gnu-tools-for-stm32.12.3.rel1.win32_1.0.100.202403111256/tools/bin/../lib/gcc/arm-none-eabi/12.3.1/../../../../arm-none-eabi/lib/thumb/v8-m.main+fp/hard\libc_nano.a(libc_a-nano-vfprintf_i.o)
                0x0800d464                _printf_common
 .text._printf_i
                0x0800d548      0x240 C:/ST/STM32CubeIDE_1.15.0/STM32CubeIDE/plugins/com.st.stm32cube.ide.mcu.externaltools.gnu-tools-for-stm32.12.3.rel1.win32_1.0.100.202403111256/tools/bin/../lib/gcc/arm-none-eabi/12.3.1/../../../../arm-none-eabi/lib/thumb/v8-m.main+fp/hard\libc_nano.a(libc_a-nano-vfprintf_i.o)
                0x0800d548                _printf_i
 .text.std      0x0800d788       0x6c C:/ST/STM32CubeIDE_1.15.0/STM32CubeIDE/plugins/com.st.stm32cube.ide.mcu.externaltools.gnu-tools-for-stm32.12.3.rel1.win32_1.0.100.202403111256/tools/bin/../lib/gcc/arm-none-eabi/12.3.1/../../../../arm-none-eabi/lib/thumb/v8-m.main+fp/hard\libc_nano.a(libc_a-findfp.o)
 .text.stdio_exit_handler
                0x0800d7f4       0x18 C:/ST/STM32CubeIDE_1.15.0/STM32CubeIDE/plugins/com.st.stm32cube.ide.mcu.externaltools.gnu-tools-for-stm32.12.3.rel1.win32_1.0.100.202403111256/tools/bin/../lib/gcc/arm-none-eabi/12.3.1/../../../../arm-none-eabi/lib/thumb/v8-m.main+fp/hard\libc_nano.a(libc_a-findfp.o)
 .text.cleanup_stdio
                0x0800d80c       0x40 C:/ST/STM32CubeIDE_1.15.0/STM32CubeIDE/plugins/com.st.stm32cube.ide.mcu.externaltools.gnu-tools-for-stm32.12.3.rel1.win32_1.0.100.202403111256/tools/bin/../lib/gcc/arm-none-eabi/12.3.1/../../../../arm-none-eabi/lib/thumb/v8-m.main+fp/hard\libc_nano.a(libc_a-findfp.o)
 .text.global_stdio_init.part.0
                0x0800d84c       0x3c C:/ST/STM32CubeIDE_1.15.0/STM32CubeIDE/plugins/com.st.stm32cube.ide.mcu.externaltools.gnu-tools-for-stm32.12.3.rel1.win32_1.0.100.202403111256/tools/bin/../lib/gcc/arm-none-eabi/12.3.1/../../../../arm-none-eabi/lib/thumb/v8-m.main+fp/hard\libc_nano.a(libc_a-findfp.o)
 .text.__sfp_lock_acquire
                0x0800d888        0xc C:/ST/STM32CubeIDE_1.15.0/STM32CubeIDE/plugins/com.st.stm32cube.ide.mcu.externaltools.gnu-tools-for-stm32.12.3.rel1.win32_1.0.100.202403111256/tools/bin/../lib/gcc/arm-none-eabi/12.3.1/../../../../arm-none-eabi/lib/thumb/v8-m.main+fp/hard\libc_nano.a(libc_a-findfp.o)
                0x0800d888                __sfp_lock_acquire
 .text.__sfp_lock_release
                0x0800d894        0xc C:/ST/STM32CubeIDE_1.15.0/STM32CubeIDE/plugins/com.st.stm32cube.ide.mcu.externaltools.gnu-tools-for-stm32.12.3.rel1.win32_1.0.100.202403111256/tools/bin/../lib/gcc/arm-none-eabi/12.3.1/../../../../arm-none-eabi/lib/thumb/v8-m.main+fp/hard\libc_nano.a(libc_a-findfp.o)
                0x0800d894                __sfp_lock_release
 .text.__sinit  0x0800d8a0       0x30 C:/ST/STM32CubeIDE_1.15.0/STM32CubeIDE/plugins/com.st.stm32cube.ide.mcu.externaltools.gnu-tools-for-stm32.12.3.rel1.win32_1.0.100.202403111256/tools/bin/../lib/gcc/arm-none-eabi/12.3.1/../../../../arm-none-eabi/lib/thumb/v8-m.main+fp/hard\libc_nano.a(libc_a-findfp.o)
                0x0800d8a0                __sinit
 .text.fprintf  0x0800d8d0       0x24 C:/ST/STM32CubeIDE_1.15.0/STM32CubeIDE/plugins/com.st.stm32cube.ide.mcu.externaltools.gnu-tools-for-stm32.12.3.rel1.win32_1.0.100.202403111256/tools/bin/../lib/gcc/arm-none-eabi/12.3.1/../../../../arm-none-eabi/lib/thumb/v8-m.main+fp/hard\libc_nano.a(libc_a-fprintf.o)
                0x0800d8d0                fiprintf
                0x0800d8d0                fprintf
 .text._fwalk_sglue
                0x0800d8f4       0x3c C:/ST/STM32CubeIDE_1.15.0/STM32CubeIDE/plugins/com.st.stm32cube.ide.mcu.externaltools.gnu-tools-for-stm32.12.3.rel1.win32_1.0.100.202403111256/tools/bin/../lib/gcc/arm-none-eabi/12.3.1/../../../../arm-none-eabi/lib/thumb/v8-m.main+fp/hard\libc_nano.a(libc_a-fwalk.o)
                0x0800d8f4                _fwalk_sglue
 .text.__sread  0x0800d930       0x22 C:/ST/STM32CubeIDE_1.15.0/STM32CubeIDE/plugins/com.st.stm32cube.ide.mcu.externaltools.gnu-tools-for-stm32.12.3.rel1.win32_1.0.100.202403111256/tools/bin/../lib/gcc/arm-none-eabi/12.3.1/../../../../arm-none-eabi/lib/thumb/v8-m.main+fp/hard\libc_nano.a(libc_a-stdio.o)
                0x0800d930                __sread
 .text.__seofread
                0x0800d952        0x4 C:/ST/STM32CubeIDE_1.15.0/STM32CubeIDE/plugins/com.st.stm32cube.ide.mcu.externaltools.gnu-tools-for-stm32.12.3.rel1.win32_1.0.100.202403111256/tools/bin/../lib/gcc/arm-none-eabi/12.3.1/../../../../arm-none-eabi/lib/thumb/v8-m.main+fp/hard\libc_nano.a(libc_a-stdio.o)
                0x0800d952                __seofread
 .text.__swrite
                0x0800d956       0x38 C:/ST/STM32CubeIDE_1.15.0/STM32CubeIDE/plugins/com.st.stm32cube.ide.mcu.externaltools.gnu-tools-for-stm32.12.3.rel1.win32_1.0.100.202403111256/tools/bin/../lib/gcc/arm-none-eabi/12.3.1/../../../../arm-none-eabi/lib/thumb/v8-m.main+fp/hard\libc_nano.a(libc_a-stdio.o)
                0x0800d956                __swrite
 .text.__sseek  0x0800d98e       0x24 C:/ST/STM32CubeIDE_1.15.0/STM32CubeIDE/plugins/com.st.stm32cube.ide.mcu.externaltools.gnu-tools-for-stm32.12.3.rel1.win32_1.0.100.202403111256/tools/bin/../lib/gcc/arm-none-eabi/12.3.1/../../../../arm-none-eabi/lib/thumb/v8-m.main+fp/hard\libc_nano.a(libc_a-stdio.o)
                0x0800d98e                __sseek
 .text.__sclose
                0x0800d9b2        0x8 C:/ST/STM32CubeIDE_1.15.0/STM32CubeIDE/plugins/com.st.stm32cube.ide.mcu.externaltools.gnu-tools-for-stm32.12.3.rel1.win32_1.0.100.202403111256/tools/bin/../lib/gcc/arm-none-eabi/12.3.1/../../../../arm-none-eabi/lib/thumb/v8-m.main+fp/hard\libc_nano.a(libc_a-stdio.o)
                0x0800d9b2                __sclose
 .text.__swbuf_r
                0x0800d9ba       0x7c C:/ST/STM32CubeIDE_1.15.0/STM32CubeIDE/plugins/com.st.stm32cube.ide.mcu.externaltools.gnu-tools-for-stm32.12.3.rel1.win32_1.0.100.202403111256/tools/bin/../lib/gcc/arm-none-eabi/12.3.1/../../../../arm-none-eabi/lib/thumb/v8-m.main+fp/hard\libc_nano.a(libc_a-wbuf.o)
                0x0800d9ba                __swbuf_r
 *fill*         0x0800da36        0x2 
 .text.__swsetup_r
                0x0800da38       0xac C:/ST/STM32CubeIDE_1.15.0/STM32CubeIDE/plugins/com.st.stm32cube.ide.mcu.externaltools.gnu-tools-for-stm32.12.3.rel1.win32_1.0.100.202403111256/tools/bin/../lib/gcc/arm-none-eabi/12.3.1/../../../../arm-none-eabi/lib/thumb/v8-m.main+fp/hard\libc_nano.a(libc_a-wsetup.o)
                0x0800da38                __swsetup_r
 .text.memmove  0x0800dae4       0x34 C:/ST/STM32CubeIDE_1.15.0/STM32CubeIDE/plugins/com.st.stm32cube.ide.mcu.externaltools.gnu-tools-for-stm32.12.3.rel1.win32_1.0.100.202403111256/tools/bin/../lib/gcc/arm-none-eabi/12.3.1/../../../../arm-none-eabi/lib/thumb/v8-m.main+fp/hard\libc_nano.a(libc_a-memmove.o)
                0x0800dae4                memmove
 .text.memset   0x0800db18       0x10 C:/ST/STM32CubeIDE_1.15.0/STM32CubeIDE/plugins/com.st.stm32cube.ide.mcu.externaltools.gnu-tools-for-stm32.12.3.rel1.win32_1.0.100.202403111256/tools/bin/../lib/gcc/arm-none-eabi/12.3.1/../../../../arm-none-eabi/lib/thumb/v8-m.main+fp/hard\libc_nano.a(libc_a-memset.o)
                0x0800db18                memset
 .text.strcat   0x0800db28       0x1e C:/ST/STM32CubeIDE_1.15.0/STM32CubeIDE/plugins/com.st.stm32cube.ide.mcu.externaltools.gnu-tools-for-stm32.12.3.rel1.win32_1.0.100.202403111256/tools/bin/../lib/gcc/arm-none-eabi/12.3.1/../../../../arm-none-eabi/lib/thumb/v8-m.main+fp/hard\libc_nano.a(libc_a-strcat.o)
                0x0800db28                strcat
 .text.strncmp  0x0800db46       0x24 C:/ST/STM32CubeIDE_1.15.0/STM32CubeIDE/plugins/com.st.stm32cube.ide.mcu.externaltools.gnu-tools-for-stm32.12.3.rel1.win32_1.0.100.202403111256/tools/bin/../lib/gcc/arm-none-eabi/12.3.1/../../../../arm-none-eabi/lib/thumb/v8-m.main+fp/hard\libc_nano.a(libc_a-strncmp.o)
                0x0800db46                strncmp
 *fill*         0x0800db6a        0x2 
 .text.gmtime   0x0800db6c       0x3c C:/ST/STM32CubeIDE_1.15.0/STM32CubeIDE/plugins/com.st.stm32cube.ide.mcu.externaltools.gnu-tools-for-stm32.12.3.rel1.win32_1.0.100.202403111256/tools/bin/../lib/gcc/arm-none-eabi/12.3.1/../../../../arm-none-eabi/lib/thumb/v8-m.main+fp/hard\libc_nano.a(libc_a-gmtime.o)
                0x0800db6c                gmtime
 .text.gmtime_r
                0x0800dba8      0x148 C:/ST/STM32CubeIDE_1.15.0/STM32CubeIDE/plugins/com.st.stm32cube.ide.mcu.externaltools.gnu-tools-for-stm32.12.3.rel1.win32_1.0.100.202403111256/tools/bin/../lib/gcc/arm-none-eabi/12.3.1/../../../../arm-none-eabi/lib/thumb/v8-m.main+fp/hard\libc_nano.a(libc_a-gmtime_r.o)
                0x0800dba8                gmtime_r
 .text.validate_structure
                0x0800dcf0      0x1a8 C:/ST/STM32CubeIDE_1.15.0/STM32CubeIDE/plugins/com.st.stm32cube.ide.mcu.externaltools.gnu-tools-for-stm32.12.3.rel1.win32_1.0.100.202403111256/tools/bin/../lib/gcc/arm-none-eabi/12.3.1/../../../../arm-none-eabi/lib/thumb/v8-m.main+fp/hard\libc_nano.a(libc_a-mktime.o)
 .text.mktime   0x0800de98      0x360 C:/ST/STM32CubeIDE_1.15.0/STM32CubeIDE/plugins/com.st.stm32cube.ide.mcu.externaltools.gnu-tools-for-stm32.12.3.rel1.win32_1.0.100.202403111256/tools/bin/../lib/gcc/arm-none-eabi/12.3.1/../../../../arm-none-eabi/lib/thumb/v8-m.main+fp/hard\libc_nano.a(libc_a-mktime.o)
                0x0800de98                mktime
 .text.__tzcalc_limits
                0x0800e1f8      0x154 C:/ST/STM32CubeIDE_1.15.0/STM32CubeIDE/plugins/com.st.stm32cube.ide.mcu.externaltools.gnu-tools-for-stm32.12.3.rel1.win32_1.0.100.202403111256/tools/bin/../lib/gcc/arm-none-eabi/12.3.1/../../../../arm-none-eabi/lib/thumb/v8-m.main+fp/hard\libc_nano.a(libc_a-tzcalc_limits.o)
                0x0800e1f8                __tzcalc_limits
 .text.__tz_lock
                0x0800e34c        0xc C:/ST/STM32CubeIDE_1.15.0/STM32CubeIDE/plugins/com.st.stm32cube.ide.mcu.externaltools.gnu-tools-for-stm32.12.3.rel1.win32_1.0.100.202403111256/tools/bin/../lib/gcc/arm-none-eabi/12.3.1/../../../../arm-none-eabi/lib/thumb/v8-m.main+fp/hard\libc_nano.a(libc_a-tzlock.o)
                0x0800e34c                __tz_lock
 .text.__tz_unlock
                0x0800e358        0xc C:/ST/STM32CubeIDE_1.15.0/STM32CubeIDE/plugins/com.st.stm32cube.ide.mcu.externaltools.gnu-tools-for-stm32.12.3.rel1.win32_1.0.100.202403111256/tools/bin/../lib/gcc/arm-none-eabi/12.3.1/../../../../arm-none-eabi/lib/thumb/v8-m.main+fp/hard\libc_nano.a(libc_a-tzlock.o)
                0x0800e358                __tz_unlock
 .text._tzset_unlocked
                0x0800e364        0xc C:/ST/STM32CubeIDE_1.15.0/STM32CubeIDE/plugins/com.st.stm32cube.ide.mcu.externaltools.gnu-tools-for-stm32.12.3.rel1.win32_1.0.100.202403111256/tools/bin/../lib/gcc/arm-none-eabi/12.3.1/../../../../arm-none-eabi/lib/thumb/v8-m.main+fp/hard\libc_nano.a(libc_a-tzset.o)
                0x0800e364                _tzset_unlocked
 .text._tzset_unlocked_r
                0x0800e370      0x448 C:/ST/STM32CubeIDE_1.15.0/STM32CubeIDE/plugins/com.st.stm32cube.ide.mcu.externaltools.gnu-tools-for-stm32.12.3.rel1.win32_1.0.100.202403111256/tools/bin/../lib/gcc/arm-none-eabi/12.3.1/../../../../arm-none-eabi/lib/thumb/v8-m.main+fp/hard\libc_nano.a(libc_a-tzset_r.o)
                0x0800e370                _tzset_unlocked_r
 .text._close_r
                0x0800e7b8       0x20 C:/ST/STM32CubeIDE_1.15.0/STM32CubeIDE/plugins/com.st.stm32cube.ide.mcu.externaltools.gnu-tools-for-stm32.12.3.rel1.win32_1.0.100.202403111256/tools/bin/../lib/gcc/arm-none-eabi/12.3.1/../../../../arm-none-eabi/lib/thumb/v8-m.main+fp/hard\libc_nano.a(libc_a-closer.o)
                0x0800e7b8                _close_r
 .text._lseek_r
                0x0800e7d8       0x24 C:/ST/STM32CubeIDE_1.15.0/STM32CubeIDE/plugins/com.st.stm32cube.ide.mcu.externaltools.gnu-tools-for-stm32.12.3.rel1.win32_1.0.100.202403111256/tools/bin/../lib/gcc/arm-none-eabi/12.3.1/../../../../arm-none-eabi/lib/thumb/v8-m.main+fp/hard\libc_nano.a(libc_a-lseekr.o)
                0x0800e7d8                _lseek_r
 .text._read_r  0x0800e7fc       0x24 C:/ST/STM32CubeIDE_1.15.0/STM32CubeIDE/plugins/com.st.stm32cube.ide.mcu.externaltools.gnu-tools-for-stm32.12.3.rel1.win32_1.0.100.202403111256/tools/bin/../lib/gcc/arm-none-eabi/12.3.1/../../../../arm-none-eabi/lib/thumb/v8-m.main+fp/hard\libc_nano.a(libc_a-readr.o)
                0x0800e7fc                _read_r
 .text._write_r
                0x0800e820       0x24 C:/ST/STM32CubeIDE_1.15.0/STM32CubeIDE/plugins/com.st.stm32cube.ide.mcu.externaltools.gnu-tools-for-stm32.12.3.rel1.win32_1.0.100.202403111256/tools/bin/../lib/gcc/arm-none-eabi/12.3.1/../../../../arm-none-eabi/lib/thumb/v8-m.main+fp/hard\libc_nano.a(libc_a-writer.o)
                0x0800e820                _write_r
 .text.__errno  0x0800e844        0xc C:/ST/STM32CubeIDE_1.15.0/STM32CubeIDE/plugins/com.st.stm32cube.ide.mcu.externaltools.gnu-tools-for-stm32.12.3.rel1.win32_1.0.100.202403111256/tools/bin/../lib/gcc/arm-none-eabi/12.3.1/../../../../arm-none-eabi/lib/thumb/v8-m.main+fp/hard\libc_nano.a(libc_a-errno.o)
                0x0800e844                __errno
 .text.__libc_init_array
                0x0800e850       0x48 C:/ST/STM32CubeIDE_1.15.0/STM32CubeIDE/plugins/com.st.stm32cube.ide.mcu.externaltools.gnu-tools-for-stm32.12.3.rel1.win32_1.0.100.202403111256/tools/bin/../lib/gcc/arm-none-eabi/12.3.1/../../../../arm-none-eabi/lib/thumb/v8-m.main+fp/hard\libc_nano.a(libc_a-init.o)
                0x0800e850                __libc_init_array
 .text.__retarget_lock_init_recursive
                0x0800e898        0x2 C:/ST/STM32CubeIDE_1.15.0/STM32CubeIDE/plugins/com.st.stm32cube.ide.mcu.externaltools.gnu-tools-for-stm32.12.3.rel1.win32_1.0.100.202403111256/tools/bin/../lib/gcc/arm-none-eabi/12.3.1/../../../../arm-none-eabi/lib/thumb/v8-m.main+fp/hard\libc_nano.a(libc_a-lock.o)
                0x0800e898                __retarget_lock_init_recursive
 .text.__retarget_lock_acquire
                0x0800e89a        0x2 C:/ST/STM32CubeIDE_1.15.0/STM32CubeIDE/plugins/com.st.stm32cube.ide.mcu.externaltools.gnu-tools-for-stm32.12.3.rel1.win32_1.0.100.202403111256/tools/bin/../lib/gcc/arm-none-eabi/12.3.1/../../../../arm-none-eabi/lib/thumb/v8-m.main+fp/hard\libc_nano.a(libc_a-lock.o)
                0x0800e89a                __retarget_lock_acquire
 .text.__retarget_lock_acquire_recursive
                0x0800e89c        0x2 C:/ST/STM32CubeIDE_1.15.0/STM32CubeIDE/plugins/com.st.stm32cube.ide.mcu.externaltools.gnu-tools-for-stm32.12.3.rel1.win32_1.0.100.202403111256/tools/bin/../lib/gcc/arm-none-eabi/12.3.1/../../../../arm-none-eabi/lib/thumb/v8-m.main+fp/hard\libc_nano.a(libc_a-lock.o)
                0x0800e89c                __retarget_lock_acquire_recursive
 .text.__retarget_lock_release
                0x0800e89e        0x2 C:/ST/STM32CubeIDE_1.15.0/STM32CubeIDE/plugins/com.st.stm32cube.ide.mcu.externaltools.gnu-tools-for-stm32.12.3.rel1.win32_1.0.100.202403111256/tools/bin/../lib/gcc/arm-none-eabi/12.3.1/../../../../arm-none-eabi/lib/thumb/v8-m.main+fp/hard\libc_nano.a(libc_a-lock.o)
                0x0800e89e                __retarget_lock_release
 .text.__retarget_lock_release_recursive
                0x0800e8a0        0x2 C:/ST/STM32CubeIDE_1.15.0/STM32CubeIDE/plugins/com.st.stm32cube.ide.mcu.externaltools.gnu-tools-for-stm32.12.3.rel1.win32_1.0.100.202403111256/tools/bin/../lib/gcc/arm-none-eabi/12.3.1/../../../../arm-none-eabi/lib/thumb/v8-m.main+fp/hard\libc_nano.a(libc_a-lock.o)
                0x0800e8a0                __retarget_lock_release_recursive
 .text.strcpy   0x0800e8a2       0x10 C:/ST/STM32CubeIDE_1.15.0/STM32CubeIDE/plugins/com.st.stm32cube.ide.mcu.externaltools.gnu-tools-for-stm32.12.3.rel1.win32_1.0.100.202403111256/tools/bin/../lib/gcc/arm-none-eabi/12.3.1/../../../../arm-none-eabi/lib/thumb/v8-m.main+fp/hard\libc_nano.a(libc_a-strcpy.o)
                0x0800e8a2                strcpy
 .text.memchr   0x0800e8b2       0x1c C:/ST/STM32CubeIDE_1.15.0/STM32CubeIDE/plugins/com.st.stm32cube.ide.mcu.externaltools.gnu-tools-for-stm32.12.3.rel1.win32_1.0.100.202403111256/tools/bin/../lib/gcc/arm-none-eabi/12.3.1/../../../../arm-none-eabi/lib/thumb/v8-m.main+fp/hard\libc_nano.a(libc_a-memchr-stub.o)
                0x0800e8b2                memchr
 .text.memcpy   0x0800e8ce       0x1a C:/ST/STM32CubeIDE_1.15.0/STM32CubeIDE/plugins/com.st.stm32cube.ide.mcu.externaltools.gnu-tools-for-stm32.12.3.rel1.win32_1.0.100.202403111256/tools/bin/../lib/gcc/arm-none-eabi/12.3.1/../../../../arm-none-eabi/lib/thumb/v8-m.main+fp/hard\libc_nano.a(libc_a-memcpy-stub.o)
                0x0800e8ce                memcpy
 .text.abort    0x0800e8e8        0xe C:/ST/STM32CubeIDE_1.15.0/STM32CubeIDE/plugins/com.st.stm32cube.ide.mcu.externaltools.gnu-tools-for-stm32.12.3.rel1.win32_1.0.100.202403111256/tools/bin/../lib/gcc/arm-none-eabi/12.3.1/../../../../arm-none-eabi/lib/thumb/v8-m.main+fp/hard\libc_nano.a(libc_a-abort.o)
                0x0800e8e8                abort
 .text.div      0x0800e8f6       0x10 C:/ST/STM32CubeIDE_1.15.0/STM32CubeIDE/plugins/com.st.stm32cube.ide.mcu.externaltools.gnu-tools-for-stm32.12.3.rel1.win32_1.0.100.202403111256/tools/bin/../lib/gcc/arm-none-eabi/12.3.1/../../../../arm-none-eabi/lib/thumb/v8-m.main+fp/hard\libc_nano.a(libc_a-div.o)
                0x0800e8f6                div
 *fill*         0x0800e906        0x2 
 .text._free_r  0x0800e908       0x94 C:/ST/STM32CubeIDE_1.15.0/STM32CubeIDE/plugins/com.st.stm32cube.ide.mcu.externaltools.gnu-tools-for-stm32.12.3.rel1.win32_1.0.100.202403111256/tools/bin/../lib/gcc/arm-none-eabi/12.3.1/../../../../arm-none-eabi/lib/thumb/v8-m.main+fp/hard\libc_nano.a(libc_a-freer.o)
                0x0800e908                _free_r
 .text._findenv_r
                0x0800e99c       0x78 C:/ST/STM32CubeIDE_1.15.0/STM32CubeIDE/plugins/com.st.stm32cube.ide.mcu.externaltools.gnu-tools-for-stm32.12.3.rel1.win32_1.0.100.202403111256/tools/bin/../lib/gcc/arm-none-eabi/12.3.1/../../../../arm-none-eabi/lib/thumb/v8-m.main+fp/hard\libc_nano.a(libc_a-getenv_r.o)
                0x0800e99c                _findenv_r
 .text._getenv_r
                0x0800ea14        0xe C:/ST/STM32CubeIDE_1.15.0/STM32CubeIDE/plugins/com.st.stm32cube.ide.mcu.externaltools.gnu-tools-for-stm32.12.3.rel1.win32_1.0.100.202403111256/tools/bin/../lib/gcc/arm-none-eabi/12.3.1/../../../../arm-none-eabi/lib/thumb/v8-m.main+fp/hard\libc_nano.a(libc_a-getenv_r.o)
                0x0800ea14                _getenv_r
 *fill*         0x0800ea22        0x2 
 .text.malloc   0x0800ea24       0x10 C:/ST/STM32CubeIDE_1.15.0/STM32CubeIDE/plugins/com.st.stm32cube.ide.mcu.externaltools.gnu-tools-for-stm32.12.3.rel1.win32_1.0.100.202403111256/tools/bin/../lib/gcc/arm-none-eabi/12.3.1/../../../../arm-none-eabi/lib/thumb/v8-m.main+fp/hard\libc_nano.a(libc_a-malloc.o)
                0x0800ea24                malloc
 .text.free     0x0800ea34       0x10 C:/ST/STM32CubeIDE_1.15.0/STM32CubeIDE/plugins/com.st.stm32cube.ide.mcu.externaltools.gnu-tools-for-stm32.12.3.rel1.win32_1.0.100.202403111256/tools/bin/../lib/gcc/arm-none-eabi/12.3.1/../../../../arm-none-eabi/lib/thumb/v8-m.main+fp/hard\libc_nano.a(libc_a-malloc.o)
                0x0800ea34                free
 .text.sbrk_aligned
                0x0800ea44       0x44 C:/ST/STM32CubeIDE_1.15.0/STM32CubeIDE/plugins/com.st.stm32cube.ide.mcu.externaltools.gnu-tools-for-stm32.12.3.rel1.win32_1.0.100.202403111256/tools/bin/../lib/gcc/arm-none-eabi/12.3.1/../../../../arm-none-eabi/lib/thumb/v8-m.main+fp/hard\libc_nano.a(libc_a-mallocr.o)
 .text._malloc_r
                0x0800ea88      0x100 C:/ST/STM32CubeIDE_1.15.0/STM32CubeIDE/plugins/com.st.stm32cube.ide.mcu.externaltools.gnu-tools-for-stm32.12.3.rel1.win32_1.0.100.202403111256/tools/bin/../lib/gcc/arm-none-eabi/12.3.1/../../../../arm-none-eabi/lib/thumb/v8-m.main+fp/hard\libc_nano.a(libc_a-mallocr.o)
                0x0800ea88                _malloc_r
 .text.__malloc_lock
                0x0800eb88        0xc C:/ST/STM32CubeIDE_1.15.0/STM32CubeIDE/plugins/com.st.stm32cube.ide.mcu.externaltools.gnu-tools-for-stm32.12.3.rel1.win32_1.0.100.202403111256/tools/bin/../lib/gcc/arm-none-eabi/12.3.1/../../../../arm-none-eabi/lib/thumb/v8-m.main+fp/hard\libc_nano.a(libc_a-mlock.o)
                0x0800eb88                __malloc_lock
 .text.__malloc_unlock
                0x0800eb94        0xc C:/ST/STM32CubeIDE_1.15.0/STM32CubeIDE/plugins/com.st.stm32cube.ide.mcu.externaltools.gnu-tools-for-stm32.12.3.rel1.win32_1.0.100.202403111256/tools/bin/../lib/gcc/arm-none-eabi/12.3.1/../../../../arm-none-eabi/lib/thumb/v8-m.main+fp/hard\libc_nano.a(libc_a-mlock.o)
                0x0800eb94                __malloc_unlock
 .text._realloc_r
                0x0800eba0       0x5c C:/ST/STM32CubeIDE_1.15.0/STM32CubeIDE/plugins/com.st.stm32cube.ide.mcu.externaltools.gnu-tools-for-stm32.12.3.rel1.win32_1.0.100.202403111256/tools/bin/../lib/gcc/arm-none-eabi/12.3.1/../../../../arm-none-eabi/lib/thumb/v8-m.main+fp/hard\libc_nano.a(libc_a-reallocr.o)
                0x0800eba0                _realloc_r
 .text._strtoul_l.constprop.0
                0x0800ebfc       0xdc C:/ST/STM32CubeIDE_1.15.0/STM32CubeIDE/plugins/com.st.stm32cube.ide.mcu.externaltools.gnu-tools-for-stm32.12.3.rel1.win32_1.0.100.202403111256/tools/bin/../lib/gcc/arm-none-eabi/12.3.1/../../../../arm-none-eabi/lib/thumb/v8-m.main+fp/hard\libc_nano.a(libc_a-strtoul.o)
 .text._strtoul_r
                0x0800ecd8        0x4 C:/ST/STM32CubeIDE_1.15.0/STM32CubeIDE/plugins/com.st.stm32cube.ide.mcu.externaltools.gnu-tools-for-stm32.12.3.rel1.win32_1.0.100.202403111256/tools/bin/../lib/gcc/arm-none-eabi/12.3.1/../../../../arm-none-eabi/lib/thumb/v8-m.main+fp/hard\libc_nano.a(libc_a-strtoul.o)
                0x0800ecd8                _strtoul_r