../Drivers/STM32WBAxx_HAL_Driver/Src/stm32wbaxx_hal.c:121:19:HAL_Init	8	static
../Drivers/STM32WBAxx_HAL_Driver/Src/stm32wbaxx_hal.c:152:19:HAL_DeInit	8	static
../Drivers/STM32WBAxx_HAL_Driver/Src/stm32wbaxx_hal.c:187:13:HAL_MspInit	4	static
../Drivers/STM32WBAxx_HAL_Driver/Src/stm32wbaxx_hal.c:198:13:HAL_MspDeInit	4	static
../Drivers/STM32WBAxx_HAL_Driver/Src/stm32wbaxx_hal.c:221:26:HAL_InitTick	16	static
../Drivers/STM32WBAxx_HAL_Driver/Src/stm32wbaxx_hal.c:286:13:HAL_IncTick	4	static
../Drivers/STM32WBAxx_HAL_Driver/Src/stm32wbaxx_hal.c:297:17:HAL_GetTick	4	static
../Drivers/STM32WBAxx_HAL_Driver/Src/stm32wbaxx_hal.c:306:10:HAL_GetTickPrio	4	static
../Drivers/STM32WBAxx_HAL_Driver/Src/stm32wbaxx_hal.c:315:19:HAL_SetTickFreq	24	static
../Drivers/STM32WBAxx_HAL_Driver/Src/stm32wbaxx_hal.c:339:21:HAL_GetTickFreq	4	static
../Drivers/STM32WBAxx_HAL_Driver/Src/stm32wbaxx_hal.c:355:13:HAL_Delay	24	static
../Drivers/STM32WBAxx_HAL_Driver/Src/stm32wbaxx_hal.c:381:13:HAL_SuspendTick	4	static
../Drivers/STM32WBAxx_HAL_Driver/Src/stm32wbaxx_hal.c:397:13:HAL_ResumeTick	4	static
../Drivers/STM32WBAxx_HAL_Driver/Src/stm32wbaxx_hal.c:407:10:HAL_GetHalVersion	4	static
../Drivers/STM32WBAxx_HAL_Driver/Src/stm32wbaxx_hal.c:416:10:HAL_GetREVID	4	static
../Drivers/STM32WBAxx_HAL_Driver/Src/stm32wbaxx_hal.c:425:10:HAL_GetDEVID	4	static
../Drivers/STM32WBAxx_HAL_Driver/Src/stm32wbaxx_hal.c:434:10:HAL_GetUIDw0	4	static
../Drivers/STM32WBAxx_HAL_Driver/Src/stm32wbaxx_hal.c:443:10:HAL_GetUIDw1	4	static
../Drivers/STM32WBAxx_HAL_Driver/Src/stm32wbaxx_hal.c:452:10:HAL_GetUIDw2	4	static
../Drivers/STM32WBAxx_HAL_Driver/Src/stm32wbaxx_hal.c:480:6:HAL_DBGMCU_EnableDBGStopMode	4	static
../Drivers/STM32WBAxx_HAL_Driver/Src/stm32wbaxx_hal.c:489:6:HAL_DBGMCU_DisableDBGStopMode	4	static
../Drivers/STM32WBAxx_HAL_Driver/Src/stm32wbaxx_hal.c:498:6:HAL_DBGMCU_EnableDBGStandbyMode	4	static
../Drivers/STM32WBAxx_HAL_Driver/Src/stm32wbaxx_hal.c:507:6:HAL_DBGMCU_DisableDBGStandbyMode	4	static
../Drivers/STM32WBAxx_HAL_Driver/Src/stm32wbaxx_hal.c:535:6:HAL_SYSCFG_EnableIOAnalogSwitchBooster	4	static
../Drivers/STM32WBAxx_HAL_Driver/Src/stm32wbaxx_hal.c:545:6:HAL_SYSCFG_DisableIOAnalogSwitchBooster	4	static
../Drivers/STM32WBAxx_HAL_Driver/Src/stm32wbaxx_hal.c:574:6:HAL_SYSCFG_Lock	16	static
../Drivers/STM32WBAxx_HAL_Driver/Src/stm32wbaxx_hal.c:595:19:HAL_SYSCFG_GetLock	24	static
