../Drivers/Invn/Devices/DeviceIcm20948.c:56:33:idd_sensortype_2_driver	0	static
../Drivers/Invn/Devices/DeviceIcm20948.c:117:12:host_serif_read_reg_legacy	4	static
../Drivers/Invn/Devices/DeviceIcm20948.c:128:12:host_serif_write_reg_legacy	4	static
../Drivers/Invn/Devices/DeviceIcm20948.c:198:5:inv_device_icm20948_poll	0	static
../Drivers/Invn/Devices/DeviceIcm20948.c:204:5:inv_device_icm20948_whoami	0	static
../Drivers/Invn/Devices/DeviceIcm20948.c:238:5:inv_device_icm20948_setup	16	static
../Drivers/Invn/Devices/DeviceIcm20948.c:290:5:inv_device_icm20948_load	0	static
../Drivers/Invn/Devices/DeviceIcm20948.c:337:5:inv_device_icm20948_ping_sensor	8	static
../Drivers/Invn/Devices/DeviceIcm20948.c:370:5:inv_device_icm20948_enable_sensor	8	static
../Drivers/Invn/Devices/DeviceIcm20948.c:276:5:inv_device_icm20948_cleanup	16	static
../Drivers/Invn/Devices/DeviceIcm20948.c:211:5:inv_device_icm20948_reset	16	static
../Drivers/Invn/Devices/DeviceIcm20948.c:377:5:inv_device_icm20948_set_sensor_period_us	8	static
../Drivers/Invn/Devices/DeviceIcm20948.c:388:5:inv_device_icm20948_set_sensor_timeout	0	static
../Drivers/Invn/Devices/DeviceIcm20948.c:397:5:inv_device_icm20948_set_sensor_mounting_matrix	8	static
../Drivers/Invn/Devices/DeviceIcm20948.c:405:5:inv_device_icm20948_write_mems_register	0	static
../Drivers/Invn/Devices/DeviceIcm20948.c:415:5:inv_device_icm20948_read_mems_register	0	static
../Drivers/Invn/Devices/DeviceIcm20948.c:433:5:inv_device_icm20948_set_sensor_config	32	static
../Drivers/Invn/Devices/DeviceIcm20948.c:466:5:inv_device_icm20948_get_sensor_config	16	static
../Drivers/Invn/Devices/DeviceIcm20948.c:301:5:inv_device_icm20948_self_test	16	static
../Drivers/Invn/Devices/DeviceIcm20948.c:484:13:data_handler	136	static
../Drivers/Invn/Devices/DeviceIcm20948.c:152:6:inv_device_icm20948_init2	48	static
../Drivers/Invn/Devices/DeviceIcm20948.c:135:6:inv_device_icm20948_init	48	static
../Drivers/Invn/Devices/DeviceIcm20948.c:425:6:inv_device_icm20948_init_aux_compass	0	static
