../Drivers/BSP/STM32WBAxx_Nucleo/stm32wbaxx_nucleo.c:117:9:BSP_GetVersion	4	static
../Drivers/BSP/STM32WBAxx_Nucleo/stm32wbaxx_nucleo.c:126:16:BSP_GetBoardName	4	static
../Drivers/BSP/STM32WBAxx_Nucleo/stm32wbaxx_nucleo.c:135:16:BSP_GetBoardID	4	static
../Drivers/BSP/STM32WBAxx_Nucleo/stm32wbaxx_nucleo.c:153:9:BSP_LED_Init	48	static
../Drivers/BSP/STM32WBAxx_Nucleo/stm32wbaxx_nucleo.c:193:9:BSP_LED_DeInit	40	static
../Drivers/BSP/STM32WBAxx_Nucleo/stm32wbaxx_nucleo.c:215:9:BSP_LED_On	16	static
../Drivers/BSP/STM32WBAxx_Nucleo/stm32wbaxx_nucleo.c:231:9:BSP_LED_Off	16	static
../Drivers/BSP/STM32WBAxx_Nucleo/stm32wbaxx_nucleo.c:247:9:BSP_LED_Toggle	16	static
../Drivers/BSP/STM32WBAxx_Nucleo/stm32wbaxx_nucleo.c:262:9:BSP_LED_GetState	24	static
../Drivers/BSP/STM32WBAxx_Nucleo/stm32wbaxx_nucleo.c:293:9:BSP_PB_Init	88	static
../Drivers/BSP/STM32WBAxx_Nucleo/stm32wbaxx_nucleo.c:368:9:BSP_PB_DeInit	40	static
../Drivers/BSP/STM32WBAxx_Nucleo/stm32wbaxx_nucleo.c:388:9:BSP_PB_GetState	24	static
../Drivers/BSP/STM32WBAxx_Nucleo/stm32wbaxx_nucleo.c:406:13:BSP_PB_Callback	16	static
../Drivers/BSP/STM32WBAxx_Nucleo/stm32wbaxx_nucleo.c:424:6:BSP_PB_IRQHandler	16	static
../Drivers/BSP/STM32WBAxx_Nucleo/stm32wbaxx_nucleo.c:446:9:BSP_COM_Init	24	static
../Drivers/BSP/STM32WBAxx_Nucleo/stm32wbaxx_nucleo.c:490:9:BSP_COM_DeInit	24	static
../Drivers/BSP/STM32WBAxx_Nucleo/stm32wbaxx_nucleo.c:554:9:BSP_COM_RegisterDefaultMspCallbacks	24	static
../Drivers/BSP/STM32WBAxx_Nucleo/stm32wbaxx_nucleo.c:582:9:BSP_COM_RegisterMspCallbacks	24	static
../Drivers/BSP/STM32WBAxx_Nucleo/stm32wbaxx_nucleo.c:617:26:MX_USART1_Init	16	static
../Drivers/BSP/STM32WBAxx_Nucleo/stm32wbaxx_nucleo.c:650:13:B1_EXTI_Callback	8	static
../Drivers/BSP/STM32WBAxx_Nucleo/stm32wbaxx_nucleo.c:659:13:B2_EXTI_Callback	8	static
../Drivers/BSP/STM32WBAxx_Nucleo/stm32wbaxx_nucleo.c:668:13:B3_EXTI_Callback	8	static
../Drivers/BSP/STM32WBAxx_Nucleo/stm32wbaxx_nucleo.c:679:13:UART_MspInit	48	static
../Drivers/BSP/STM32WBAxx_Nucleo/stm32wbaxx_nucleo.c:710:13:UART_MspDeInit	16	static
