../System/Interfaces/stm32_lpm_if.c:370:6:PWR_EnterSleepMode	0	static,ignoring_inline_asm
../System/Interfaces/stm32_lpm_if.c:384:6:PWR_ExitSleepMode	0	static
../System/Interfaces/stm32_lpm_if.c:172:13:Enter_Stop_Standby_Mode	8	static
../System/Interfaces/stm32_lpm_if.c:211:6:PWR_EnterOffMode	8	static,ignoring_inline_asm
../System/Interfaces/stm32_lpm_if.c:193:13:Exit_Stop_Standby_Mode	0	static
../System/Interfaces/stm32_lpm_if.c:259:6:PWR_ExitOffMode	40	static,ignoring_inline_asm
../System/Interfaces/stm32_lpm_if.c:352:6:PWR_ExitStopMode	8	static
../System/Interfaces/stm32_lpm_if.c:328:6:PWR_EnterStopMode	8	static,ignoring_inline_asm
../System/Interfaces/stm32_lpm_if.c:391:10:is_boot_from_standby	8	static,ignoring_inline_asm
../System/Interfaces/stm32_lpm_if.c:421:13:enter_standby_notification	0	static
../System/Interfaces/stm32_lpm_if.c:426:13:exit_standby_notification	0	static
