../Drivers/STM32WBAxx_HAL_Driver/Inc/stm32wbaxx_ll_rcc.h:2946:22:LL_RCC_ClearResetFlags	4	static
../Core/Src/app_entry.c:203:6:MX_APPE_Config	8	static
../Core/Src/app_entry.c:212:10:MX_APPE_Init	16	static
../Core/Src/app_entry.c:277:9:APPE_ButtonIsLongPressed	24	static
../Core/Src/app_entry.c:298:13:APPE_Button1Action	4	static
../Core/Src/app_entry.c:307:13:APPE_Button2Action	4	static
../Core/Src/app_entry.c:316:13:APPE_Button3Action	4	static
../Core/Src/app_entry.c:333:13:Config_HSE	16	static
../Core/Src/app_entry.c:352:13:System_Init	8	static
../Core/Src/app_entry.c:389:13:SystemPower_Config	8	static
../Core/Src/app_entry.c:429:13:RNG_Init	8	static
../Core/Src/app_entry.c:436:13:AMM_WrapperInit	16	static
../Core/Src/app_entry.c:441:19:AMM_WrapperAllocate	16	static
../Core/Src/app_entry.c:446:13:AMM_WrapperFree	16	static
../Core/Src/app_entry.c:453:13:Led_Init	8	static
../Core/Src/app_entry.c:467:13:Button_Init	24	static
../Core/Src/app_entry.c:496:13:Button_TriggerActions	24	static
../Core/Src/app_entry.c:524:13:RxUART_Init	8	static
../Core/Src/app_entry.c:529:13:RxCpltCallback	16	static
../Core/Src/app_entry.c:554:13:UartCmdExecute	8	static
../Core/Src/app_entry.c:617:6:MX_APPE_Process	8	static
../Core/Src/app_entry.c:628:6:UTIL_SEQ_Idle	4	static
../Core/Src/app_entry.c:638:6:UTIL_SEQ_PreIdle	4	static
../Core/Src/app_entry.c:668:6:UTIL_SEQ_PostIdle	4	static
../Core/Src/app_entry.c:683:6:BPKACB_Process	8	static
../Core/Src/app_entry.c:691:6:HWCB_RNG_Process	8	static
../Core/Src/app_entry.c:696:6:AMM_RegisterBasicMemoryManager	16	static
../Core/Src/app_entry.c:704:6:AMM_ProcessRequest	8	static
../Core/Src/app_entry.c:710:6:FM_ProcessRequest	8	static
../Core/Src/app_entry.c:720:6:RNG_KERNEL_CLK_OFF	4	static
../Core/Src/app_entry.c:729:6:SCM_HSI_CLK_OFF	4	static
../Core/Src/app_entry.c:738:6:UTIL_ADV_TRACE_PreSendHook	4	static
../Core/Src/app_entry.c:749:6:UTIL_ADV_TRACE_PostSendHook	4	static
../Core/Src/app_entry.c:764:6:BSP_PB_Callback	16	static
