../Core/Src/../../Middlewares/nanoprintf/nanoprintf.h:287:12:npf_min	16	static
../Core/Src/../../Middlewares/nanoprintf/nanoprintf.h:288:12:npf_max	16	static
../Core/Src/../../Middlewares/nanoprintf/nanoprintf.h:290:5:npf_parse_format_spec	24	static
../Core/Src/../../Middlewares/nanoprintf/nanoprintf.h:498:5:npf_itoa_rev	24	static
../Core/Src/../../Middlewares/nanoprintf/nanoprintf.h:505:5:npf_utoa_rev	32	static
../Core/Src/../../Middlewares/nanoprintf/nanoprintf.h:525:5:npf_fsplit_abs	240	static
../Core/Src/../../Middlewares/nanoprintf/nanoprintf.h:595:5:npf_ftoa_rev	80	static
../Core/Src/../../Middlewares/nanoprintf/nanoprintf.h:676:6:npf_bufputc	24	static
../Core/Src/../../Middlewares/nanoprintf/nanoprintf.h:681:6:npf_bufputc_nop	16	static
../Core/Src/../../Middlewares/nanoprintf/nanoprintf.h:689:13:npf_putc_cnt	24	static
../Core/Src/../../Middlewares/nanoprintf/nanoprintf.h:703:5:npf_vpprintf	168	static
../Core/Src/../../Middlewares/nanoprintf/nanoprintf.h:1030:5:npf_pprintf	24	static
../Core/Src/../../Middlewares/nanoprintf/nanoprintf.h:1038:5:npf_snprintf	24	static
../Core/Src/../../Middlewares/nanoprintf/nanoprintf.h:1046:5:npf_vsnprintf	48	static
../Core/Src/main.c:100:5:main	8	static
../Core/Src/main.c:168:6:SystemClock_Config	104	static
../Core/Src/main.c:223:6:PeriphCommonClock_Config	72	static
../Core/Src/main.c:246:6:Error_Handler	4	static,ignoring_inline_asm
