../Core/Src/app_entry.c:298:13:APPE_Button1Action	0	static
../Core/Src/app_entry.c:496:13:Button_TriggerActions	8	static
../Core/Src/app_entry.c:529:13:RxCpltCallback	16	static
../Core/Src/app_entry.c:446:13:AMM_WrapperFree	0	static
../Core/Src/app_entry.c:441:19:AMM_WrapperAllocate	0	static
../Core/Src/app_entry.c:436:13:AMM_WrapperInit	0	static
../Core/Src/app_entry.c:307:13:APPE_Button2Action	0	static
../Core/Src/app_entry.c:316:13:APPE_Button3Action	0	static
../Core/Src/app_entry.c:203:6:MX_APPE_Config	16	static
../Core/Src/app_entry.c:212:10:MX_APPE_Init	32	static
../Core/Src/app_entry.c:277:9:APPE_ButtonIsLongPressed	0	static
../Core/Src/app_entry.c:617:6:MX_APPE_Process	0	static
../Core/Src/app_entry.c:628:6:UTIL_SEQ_Idle	0	static
../Core/Src/app_entry.c:638:6:UTIL_SEQ_PreIdle	0	static
../Core/Src/app_entry.c:668:6:UTIL_SEQ_PostIdle	0	static
../Core/Src/app_entry.c:683:6:BPKACB_Process	0	static
../Core/Src/app_entry.c:691:6:HWCB_RNG_Process	0	static
../Core/Src/app_entry.c:696:6:AMM_RegisterBasicMemoryManager	0	static
../Core/Src/app_entry.c:704:6:AMM_ProcessRequest	0	static
../Core/Src/app_entry.c:710:6:FM_ProcessRequest	0	static
../Core/Src/app_entry.c:720:6:RNG_KERNEL_CLK_OFF	0	static
../Core/Src/app_entry.c:729:6:SCM_HSI_CLK_OFF	0	static
../Core/Src/app_entry.c:738:6:UTIL_ADV_TRACE_PreSendHook	0	static
../Core/Src/app_entry.c:749:6:UTIL_ADV_TRACE_PostSendHook	0	static
../Core/Src/app_entry.c:764:6:BSP_PB_Callback	0	static
