../Core/Src/../../Middlewares/nanoprintf/nanoprintf.h:676:6:npf_bufputc	2
../Core/Src/../../Middlewares/nanoprintf/nanoprintf.h:681:6:npf_bufputc_nop	1
../Core/Src/../../Middlewares/nanoprintf/nanoprintf.h:689:13:npf_putc_cnt	1
../Core/Src/../../Middlewares/nanoprintf/nanoprintf.h:703:5:npf_vpprintf	125
../Core/Src/../../Middlewares/nanoprintf/nanoprintf.h:1030:5:npf_pprintf	1
../Core/Src/../../Middlewares/nanoprintf/nanoprintf.h:1046:5:npf_vsnprintf	1
../Core/Src/../../Middlewares/nanoprintf/nanoprintf.h:1038:5:npf_snprintf	1
../Core/Src/main.c:168:6:SystemClock_Config	4
../Core/Src/main.c:223:6:PeriphCommonClock_Config	2
../Core/Src/main.c:100:5:main	1
../Core/Src/main.c:246:6:Error_Handler	1
