../Core/Src/../../Middlewares/nanoprintf/nanoprintf.h:676:6:npf_bufputc	8	static
../Core/Src/../../Middlewares/nanoprintf/nanoprintf.h:681:6:npf_bufputc_nop	0	static
../Core/Src/../../Middlewares/nanoprintf/nanoprintf.h:689:13:npf_putc_cnt	0	static
../Core/Src/../../Middlewares/nanoprintf/nanoprintf.h:703:5:npf_vpprintf	128	static
../Core/Src/../../Middlewares/nanoprintf/nanoprintf.h:1030:5:npf_pprintf	16	static
../Core/Src/../../Middlewares/nanoprintf/nanoprintf.h:1046:5:npf_vsnprintf	32	static
../Core/Src/../../Middlewares/nanoprintf/nanoprintf.h:1038:5:npf_snprintf	16	static
../Core/Src/main.c:168:6:SystemClock_Config	112	static,ignoring_inline_asm
../Core/Src/main.c:223:6:PeriphCommonClock_Config	72	static,ignoring_inline_asm
../Core/Src/main.c:100:5:main	8	static
../Core/Src/main.c:246:6:Error_Handler	0	static,ignoring_inline_asm
