../Middlewares/Third_Party/FreeRTOS/Source/tasks.c:1031:13:prvAddNewTaskToReadyList	24	static
../Middlewares/Third_Party/FreeRTOS/Source/tasks.c:5303:13:prvAddCurrentTaskToDelayedList	32	static
../Middlewares/Third_Party/FreeRTOS/Source/tasks.c:2118:23:prvGetExpectedIdleTime	0	static
../Middlewares/Third_Party/FreeRTOS/Source/tasks.c:4005:13:prvResetNextTaskUnblockTime	0	static
../Middlewares/Third_Party/FreeRTOS/Source/tasks.c:3952:17:prvDeleteTCB	8	static
../Middlewares/Third_Party/FreeRTOS/Source/tasks.c:821:13:prvInitialiseNewTask.constprop	40	static
../Middlewares/Third_Party/FreeRTOS/Source/tasks.c:569:18:xTaskCreateStatic	56	static
../Middlewares/Third_Party/FreeRTOS/Source/tasks.c:726:16:xTaskCreate	48	static
../Middlewares/Third_Party/FreeRTOS/Source/tasks.c:1117:10:vTaskDelete	16	static
../Middlewares/Third_Party/FreeRTOS/Source/tasks.c:1351:16:eTaskGetState	24	static
../Middlewares/Third_Party/FreeRTOS/Source/tasks.c:1450:17:uxTaskPriorityGet	8	static
../Middlewares/Third_Party/FreeRTOS/Source/tasks.c:1472:17:uxTaskPriorityGetFromISR	8	static
../Middlewares/Third_Party/FreeRTOS/Source/tasks.c:1512:10:vTaskPrioritySet	24	static
../Middlewares/Third_Party/FreeRTOS/Source/tasks.c:1830:10:vTaskResume	24	static
../Middlewares/Third_Party/FreeRTOS/Source/tasks.c:1884:16:xTaskResumeFromISR	24	static
../Middlewares/Third_Party/FreeRTOS/Source/tasks.c:1959:6:vTaskStartScheduler	40	static
../Middlewares/Third_Party/FreeRTOS/Source/tasks.c:2084:6:vTaskEndScheduler	8	static
../Middlewares/Third_Party/FreeRTOS/Source/tasks.c:2095:6:vTaskSuspendAll	0	static,ignoring_inline_asm
../Middlewares/Third_Party/FreeRTOS/Source/tasks.c:2291:12:xTaskGetTickCount	0	static
../Middlewares/Third_Party/FreeRTOS/Source/tasks.c:2306:12:xTaskGetTickCountFromISR	0	static
../Middlewares/Third_Party/FreeRTOS/Source/tasks.c:2337:13:uxTaskGetNumberOfTasks	0	static
../Middlewares/Third_Party/FreeRTOS/Source/tasks.c:2345:8:pcTaskGetName	8	static
../Middlewares/Third_Party/FreeRTOS/Source/tasks.c:2586:10:vTaskStepTick	32	static
../Middlewares/Third_Party/FreeRTOS/Source/tasks.c:2725:12:xTaskIncrementTick	40	static
../Middlewares/Third_Party/FreeRTOS/Source/tasks.c:2179:12:xTaskResumeAll	40	static,ignoring_inline_asm
../Middlewares/Third_Party/FreeRTOS/Source/tasks.c:1219:16:xTaskDelayUntil	24	static
../Middlewares/Third_Party/FreeRTOS/Source/tasks.c:1306:10:vTaskDelay	8	static
../Middlewares/Third_Party/FreeRTOS/Source/tasks.c:3433:8:prvIdleTask	24	static
../Middlewares/Third_Party/FreeRTOS/Source/tasks.c:2621:12:xTaskCatchUpTicks	16	static
../Middlewares/Third_Party/FreeRTOS/Source/tasks.c:3015:6:vTaskSwitchContext	16	static
../Middlewares/Third_Party/FreeRTOS/Source/tasks.c:1678:10:vTaskSuspend	16	static
../Middlewares/Third_Party/FreeRTOS/Source/tasks.c:3089:6:vTaskPlaceOnEventList	16	static
../Middlewares/Third_Party/FreeRTOS/Source/tasks.c:3114:6:vTaskPlaceOnUnorderedEventList	16	static
../Middlewares/Third_Party/FreeRTOS/Source/tasks.c:3142:10:vTaskPlaceOnEventListRestricted	24	static
../Middlewares/Third_Party/FreeRTOS/Source/tasks.c:3175:12:xTaskRemoveFromEventList	16	static
../Middlewares/Third_Party/FreeRTOS/Source/tasks.c:3243:6:vTaskRemoveFromUnorderedEventList	24	static
../Middlewares/Third_Party/FreeRTOS/Source/tasks.c:3292:6:vTaskSetTimeOutState	8	static
../Middlewares/Third_Party/FreeRTOS/Source/tasks.c:3304:6:vTaskInternalSetTimeOutState	0	static
../Middlewares/Third_Party/FreeRTOS/Source/tasks.c:3312:12:xTaskCheckForTimeOut	24	static
../Middlewares/Third_Party/FreeRTOS/Source/tasks.c:3377:6:vTaskMissedYield	0	static
../Middlewares/Third_Party/FreeRTOS/Source/tasks.c:3385:17:uxTaskGetTaskNumber	0	static
../Middlewares/Third_Party/FreeRTOS/Source/tasks.c:3408:10:vTaskSetTaskNumber	0	static
../Middlewares/Third_Party/FreeRTOS/Source/tasks.c:3552:22:eTaskConfirmSleepModeStatus	0	static
../Middlewares/Third_Party/FreeRTOS/Source/tasks.c:3725:10:vTaskGetInfo	16	static
../Middlewares/Third_Party/FreeRTOS/Source/tasks.c:3828:24:prvListTasksWithinSingleList	40	static
../Middlewares/Third_Party/FreeRTOS/Source/tasks.c:2494:17:uxTaskGetSystemState	32	static
../Middlewares/Third_Party/FreeRTOS/Source/tasks.c:3924:17:uxTaskGetStackHighWaterMark	0	static
../Middlewares/Third_Party/FreeRTOS/Source/tasks.c:4028:18:xTaskGetCurrentTaskHandle	0	static
../Middlewares/Third_Party/FreeRTOS/Source/tasks.c:4045:16:xTaskGetSchedulerState	0	static
../Middlewares/Third_Party/FreeRTOS/Source/tasks.c:4073:16:xTaskPriorityInherit	24	static
../Middlewares/Third_Party/FreeRTOS/Source/tasks.c:4163:16:xTaskPriorityDisinherit	16	static
../Middlewares/Third_Party/FreeRTOS/Source/tasks.c:4243:10:vTaskPriorityDisinheritAfterTimeout	16	static
../Middlewares/Third_Party/FreeRTOS/Source/tasks.c:4664:12:uxTaskResetEventItemValue	8	static
../Middlewares/Third_Party/FreeRTOS/Source/tasks.c:4680:18:pvTaskIncrementMutexHeldCount	0	static
../Middlewares/Third_Party/FreeRTOS/Source/tasks.c:4697:14:ulTaskGenericNotifyTake	24	static
../Middlewares/Third_Party/FreeRTOS/Source/tasks.c:4769:16:xTaskGenericNotifyWait	32	static
../Middlewares/Third_Party/FreeRTOS/Source/tasks.c:4855:16:xTaskGenericNotify	24	static
../Middlewares/Third_Party/FreeRTOS/Source/tasks.c:4978:16:xTaskGenericNotifyFromISR	32	static
../Middlewares/Third_Party/FreeRTOS/Source/tasks.c:5117:10:vTaskGenericNotifyGiveFromISR	24	static
../Middlewares/Third_Party/FreeRTOS/Source/tasks.c:5206:16:xTaskGenericNotifyStateClear	8	static
../Middlewares/Third_Party/FreeRTOS/Source/tasks.c:5240:14:ulTaskGenericNotifyValueClear	16	static
