../Drivers/STM32WBAxx_HAL_Driver/Inc/stm32wbaxx_ll_adc.h:3357:22:LL_ADC_REG_SetDMATransfer	16	static
../Drivers/STM32WBAxx_HAL_Driver/Inc/stm32wbaxx_ll_adc.h:3390:26:LL_ADC_REG_GetDMATransfer	16	static
../Drivers/STM32WBAxx_HAL_Driver/Inc/stm32wbaxx_ll_adc.h:4125:22:LL_ADC_EnableInternalRegulator	16	static
../Drivers/STM32WBAxx_HAL_Driver/Inc/stm32wbaxx_ll_adc.h:4144:22:LL_ADC_DisableInternalRegulator	16	static
../Drivers/STM32WBAxx_HAL_Driver/Inc/stm32wbaxx_ll_adc.h:4155:26:LL_ADC_IsInternalRegulatorEnabled	16	static
../Drivers/STM32WBAxx_HAL_Driver/Inc/stm32wbaxx_ll_adc.h:4176:22:LL_ADC_Enable	16	static
../Drivers/STM32WBAxx_HAL_Driver/Inc/stm32wbaxx_ll_adc.h:4196:22:LL_ADC_Disable	16	static
../Drivers/STM32WBAxx_HAL_Driver/Inc/stm32wbaxx_ll_adc.h:4215:26:LL_ADC_IsEnabled	16	static
../Drivers/STM32WBAxx_HAL_Driver/Inc/stm32wbaxx_ll_adc.h:4226:26:LL_ADC_IsDisableOngoing	16	static
../Drivers/STM32WBAxx_HAL_Driver/Inc/stm32wbaxx_ll_adc.h:4259:22:LL_ADC_StartCalibration	16	static
../Drivers/STM32WBAxx_HAL_Driver/Inc/stm32wbaxx_ll_adc.h:4275:26:LL_ADC_IsCalibrationOnGoing	16	static
../Drivers/STM32WBAxx_HAL_Driver/Inc/stm32wbaxx_ll_adc.h:4306:22:LL_ADC_REG_StartConversion	16	static
../Drivers/STM32WBAxx_HAL_Driver/Inc/stm32wbaxx_ll_adc.h:4342:26:LL_ADC_REG_IsConversionOngoing	16	static
../Drivers/STM32WBAxx_HAL_Driver/Inc/stm32wbaxx_ll_adc.h:4353:26:LL_ADC_REG_IsStopConversionOngoing	16	static
../Drivers/STM32WBAxx_HAL_Driver/Inc/stm32wbaxx_ll_adc.h:4381:26:LL_ADC_REG_ReadConversionData12	16	static
../Drivers/STM32WBAxx_HAL_Driver/Inc/stm32wbaxx_ll_adc.h:4396:26:LL_ADC_REG_ReadConversionData10	16	static
../Drivers/STM32WBAxx_HAL_Driver/Inc/stm32wbaxx_ll_adc.h:4411:25:LL_ADC_REG_ReadConversionData8	16	static
../Drivers/STM32WBAxx_HAL_Driver/Inc/stm32wbaxx_ll_adc.h:4426:25:LL_ADC_REG_ReadConversionData6	16	static
../Drivers/STM32WBAxx_HAL_Driver/Inc/stm32wbaxx_ll_adc.h:4448:26:LL_ADC_IsActiveFlag_ADRDY	16	static
../Drivers/STM32WBAxx_HAL_Driver/Inc/stm32wbaxx_ll_adc.h:4470:26:LL_ADC_IsActiveFlag_EOC	16	static
../Drivers/STM32WBAxx_HAL_Driver/Inc/stm32wbaxx_ll_adc.h:4561:22:LL_ADC_ClearFlag_ADRDY	16	static
../Drivers/STM32WBAxx_HAL_Driver/Inc/stm32wbaxx_ll_adc.h:4583:22:LL_ADC_ClearFlag_EOC	16	static
../Drivers/STM32WBAxx_HAL_Driver/Inc/stm32wbaxx_ll_bus.h:725:22:LL_AHB4_GRP1_EnableClock	24	static
../Drivers/STM32WBAxx_HAL_Driver/Inc/stm32wbaxx_ll_bus.h:759:22:LL_AHB4_GRP1_DisableClock	16	static
../System/Modules/adc_ctrl.c:158:29:ADCCTRL_Init	16	static
../System/Modules/adc_ctrl.c:186:29:ADCCTRL_RegisterHandle	24	static
../System/Modules/adc_ctrl.c:220:29:ADCCTRL_RequestIpState	32	static,ignoring_inline_asm
../System/Modules/adc_ctrl.c:260:29:ADCCTRL_RequestRawValue	24	static
../System/Modules/adc_ctrl.c:322:29:ADCCTRL_RequestTemperature	24	static
../System/Modules/adc_ctrl.c:409:29:ADCCTRL_RequestCoreVoltage	24	static
../System/Modules/adc_ctrl.c:482:29:ADCCTRL_RequestRefVoltage	24	static
../System/Modules/adc_ctrl.c:555:6:AdcActivate	24	static,ignoring_inline_asm
../System/Modules/adc_ctrl.c:636:6:AdcDeactivate	24	static,ignoring_inline_asm
../System/Modules/adc_ctrl.c:669:19:AdcConfigure	24	static
../System/Modules/adc_ctrl.c:722:10:AdcReadRaw	24	static
../System/Modules/adc_ctrl.c:776:6:ConversionStartPoll_ADC_GrpRegular	8	static
../System/Modules/adc_ctrl.c:818:29:ADCCTRL_MutexTake	4	static
../System/Modules/adc_ctrl.c:823:29:ADCCTRL_MutexRelease	4	static
