../Drivers/Invn/DynamicProtocol/DynProtocol.c:64:19:DynProtocol_decodeVect16QxToQy	32	static
../Drivers/Invn/DynamicProtocol/DynProtocol.c:75:19:DynProtocol_encodeQxToQyVect16	32	static
../Drivers/Invn/DynamicProtocol/DynProtocol.c:87:12:DynProtocol_getPrecision	24	static
../Drivers/Invn/DynamicProtocol/DynProtocol.c:127:16:DynProtocol_getPayload	24	static
../Drivers/Invn/DynamicProtocol/DynProtocol.c:294:12:DynProtocol_decodeSensorEvent	48	static
../Drivers/Invn/DynamicProtocol/DynProtocol.c:467:12:DynProtocol_decodePktCommand	48	static
../Drivers/Invn/DynamicProtocol/DynProtocol.c:545:12:DynProtocol_decodePktResponse	40	static
../Drivers/Invn/DynamicProtocol/DynProtocol.c:609:12:DynProtocol_decodePktAsync	32	static
../Drivers/Invn/DynamicProtocol/DynProtocol.c:624:20:DynProtocol_callEventCB	32	static
../Drivers/Invn/DynamicProtocol/DynProtocol.c:635:12:DynProtocol_doProcess	160	static
../Drivers/Invn/DynamicProtocol/DynProtocol.c:674:12:DynProtocol_encodeSensorEvent	48	static
../Drivers/Invn/DynamicProtocol/DynProtocol.c:960:12:DynProtocol_checkFrameSize	16	static
../Drivers/Invn/DynamicProtocol/DynProtocol.c:984:6:DynProtocol_init	24	static
../Drivers/Invn/DynamicProtocol/DynProtocol.c:996:6:DynProtocol_processReset	16	static
../Drivers/Invn/DynamicProtocol/DynProtocol.c:1001:6:DynProtocol_setCurrentFrameSize	16	static
../Drivers/Invn/DynamicProtocol/DynProtocol.c:1006:5:DynProtocol_setPrecision	32	static
../Drivers/Invn/DynamicProtocol/DynProtocol.c:1024:5:DynProtocol_processPktByte	24	static
../Drivers/Invn/DynamicProtocol/DynProtocol.c:1094:5:DynProtocol_encodeCommand	48	static
../Drivers/Invn/DynamicProtocol/DynProtocol.c:1224:5:DynProtocol_encodeResponse	40	static
../Drivers/Invn/DynamicProtocol/DynProtocol.c:1344:5:DynProtocol_encodeAsync	40	static
../Drivers/Invn/DynamicProtocol/DynProtocol.c:1392:14:DynProtocol_sensorTypeToStr	16	static
