../../Drivers/STM32WB0x_HAL_Driver/Inc/stm32wb0x_ll_pwr.h:2694:22:LL_PWR_SetNoPullA	16	static
../../Drivers/STM32WB0x_HAL_Driver/Inc/stm32wb0x_ll_pwr.h:2723:22:LL_PWR_SetNoPullB	16	static
../../Drivers/STM32WB0x_HAL_Driver/Inc/stm32wb0x_ll_radio_timer.h:325:26:LL_RADIO_TIMER_GetAbsoluteTime	16	static
../../Drivers/STM32WB0x_HAL_Driver/Inc/stm32wb0x_ll_bus.h:229:22:LL_AHB1_GRP1_EnableClock	24	static
../../Drivers/STM32WB0x_HAL_Driver/Inc/stm32wb0x_ll_bus.h:642:22:LL_APB2_GRP1_EnableClock	24	static
../../Drivers/STM32WB0x_HAL_Driver/Inc/stm32wb0x_ll_bus.h:659:26:LL_APB2_GRP1_IsEnabledClock	16	static
../../Drivers/STM32WB0x_HAL_Driver/Inc/stm32wb0x_ll_bus.h:685:22:LL_APB2_GRP1_ForceReset	16	static
../../Drivers/STM32WB0x_HAL_Driver/Inc/stm32wb0x_ll_bus.h:698:22:LL_APB2_GRP1_ReleaseReset	16	static
C:/Users/jonac/Documents/GitHub/Plant-Sensor/V2/Software/BLE_Beacon/Core/Src/main.c:74:5:main	8	static
C:/Users/jonac/Documents/GitHub/Plant-Sensor/V2/Software/BLE_Beacon/Core/Src/main.c:138:6:SystemClock_Config	48	static
C:/Users/jonac/Documents/GitHub/Plant-Sensor/V2/Software/BLE_Beacon/Core/Src/main.c:169:6:PeriphCommonClock_Config	32	static
C:/Users/jonac/Documents/GitHub/Plant-Sensor/V2/Software/BLE_Beacon/Core/Src/main.c:189:13:MX_PKA_Init	8	static
C:/Users/jonac/Documents/GitHub/Plant-Sensor/V2/Software/BLE_Beacon/Core/Src/main.c:215:13:MX_RADIO_Init	16	static
C:/Users/jonac/Documents/GitHub/Plant-Sensor/V2/Software/BLE_Beacon/Core/Src/main.c:250:13:MX_RADIO_TIMER_Init	16	static
C:/Users/jonac/Documents/GitHub/Plant-Sensor/V2/Software/BLE_Beacon/Core/Src/main.c:289:13:MX_SPI3_Init	8	static
C:/Users/jonac/Documents/GitHub/Plant-Sensor/V2/Software/BLE_Beacon/Core/Src/main.c:329:6:MX_USART1_UART_Init	8	static
C:/Users/jonac/Documents/GitHub/Plant-Sensor/V2/Software/BLE_Beacon/Core/Src/main.c:377:13:MX_GPIO_Init	32	static
C:/Users/jonac/Documents/GitHub/Plant-Sensor/V2/Software/BLE_Beacon/Core/Src/main.c:422:13:function_TASK_LED	8	static
C:/Users/jonac/Documents/GitHub/Plant-Sensor/V2/Software/BLE_Beacon/Core/Src/main.c:432:6:Error_Handler	8	static,ignoring_inline_asm
