../../Drivers/STM32WB0x_HAL_Driver/Inc/stm32wb0x_ll_radio_timer.h:325:26:LL_RADIO_TIMER_GetAbsoluteTime	1
../../Drivers/STM32WB0x_HAL_Driver/Inc/stm32wb0x_ll_bus.h:229:22:LL_AHB1_GRP1_EnableClock	1
../../Drivers/STM32WB0x_HAL_Driver/Inc/stm32wb0x_ll_bus.h:642:22:LL_APB2_GRP1_EnableClock	1
../../Drivers/STM32WB0x_HAL_Driver/Inc/stm32wb0x_ll_bus.h:659:26:LL_APB2_GRP1_IsEnabledClock	2
../../Drivers/STM32WB0x_HAL_Driver/Inc/stm32wb0x_ll_bus.h:685:22:LL_APB2_GRP1_ForceReset	1
../../Drivers/STM32WB0x_HAL_Driver/Inc/stm32wb0x_ll_bus.h:698:22:LL_APB2_GRP1_ReleaseReset	1
C:/Users/jonac/Documents/GitHub/Plant-Sensor/V2/Software/BLE_Beacon/Core/Src/main.c:72:5:main	1
C:/Users/jonac/Documents/GitHub/Plant-Sensor/V2/Software/BLE_Beacon/Core/Src/main.c:127:6:SystemClock_Config	3
C:/Users/jonac/Documents/GitHub/Plant-Sensor/V2/Software/BLE_Beacon/Core/Src/main.c:158:6:PeriphCommonClock_Config	2
C:/Users/jonac/Documents/GitHub/Plant-Sensor/V2/Software/BLE_Beacon/Core/Src/main.c:178:13:MX_PKA_Init	2
C:/Users/jonac/Documents/GitHub/Plant-Sensor/V2/Software/BLE_Beacon/Core/Src/main.c:204:13:MX_RADIO_Init	2
C:/Users/jonac/Documents/GitHub/Plant-Sensor/V2/Software/BLE_Beacon/Core/Src/main.c:239:13:MX_RADIO_TIMER_Init	3
C:/Users/jonac/Documents/GitHub/Plant-Sensor/V2/Software/BLE_Beacon/Core/Src/main.c:278:6:MX_USART1_UART_Init	5
C:/Users/jonac/Documents/GitHub/Plant-Sensor/V2/Software/BLE_Beacon/Core/Src/main.c:326:13:MX_GPIO_Init	1
C:/Users/jonac/Documents/GitHub/Plant-Sensor/V2/Software/BLE_Beacon/Core/Src/main.c:350:6:Error_Handler	1
