C:/Users/jonac/STM32Cube/Repository/STM32Cube_FW_WB0_V1.1.0/Drivers/STM32WB0x_HAL_Driver/Inc/stm32wb0x_ll_pwr.h:2503:22:LL_PWR_EnableGPIOPullUp	16	static
C:/Users/jonac/STM32Cube/Repository/STM32Cube_FW_WB0_V1.1.0/Drivers/STM32WB0x_HAL_Driver/Inc/stm32wb0x_ll_radio_timer.h:325:26:LL_RADIO_TIMER_GetAbsoluteTime	16	static
C:/Users/jonac/STM32Cube/Repository/STM32Cube_FW_WB0_V1.1.0/Drivers/STM32WB0x_HAL_Driver/Inc/stm32wb0x_ll_bus.h:229:22:LL_AHB1_GRP1_EnableClock	24	static
C:/Users/jonac/STM32Cube/Repository/STM32Cube_FW_WB0_V1.1.0/Drivers/STM32WB0x_HAL_Driver/Inc/stm32wb0x_ll_bus.h:642:22:LL_APB2_GRP1_EnableClock	24	static
C:/Users/jonac/STM32Cube/Repository/STM32Cube_FW_WB0_V1.1.0/Drivers/STM32WB0x_HAL_Driver/Inc/stm32wb0x_ll_bus.h:659:26:LL_APB2_GRP1_IsEnabledClock	16	static
C:/Users/jonac/STM32Cube/Repository/STM32Cube_FW_WB0_V1.1.0/Drivers/STM32WB0x_HAL_Driver/Inc/stm32wb0x_ll_bus.h:685:22:LL_APB2_GRP1_ForceReset	16	static
C:/Users/jonac/STM32Cube/Repository/STM32Cube_FW_WB0_V1.1.0/Drivers/STM32WB0x_HAL_Driver/Inc/stm32wb0x_ll_bus.h:698:22:LL_APB2_GRP1_ReleaseReset	16	static
C:/Users/jonac/STM32Cube/Example/BLE_Beacon/Core/Src/main.c:72:5:main	8	static
C:/Users/jonac/STM32Cube/Example/BLE_Beacon/Core/Src/main.c:127:6:SystemClock_Config	48	static
C:/Users/jonac/STM32Cube/Example/BLE_Beacon/Core/Src/main.c:158:6:PeriphCommonClock_Config	32	static
C:/Users/jonac/STM32Cube/Example/BLE_Beacon/Core/Src/main.c:178:13:MX_PKA_Init	8	static
C:/Users/jonac/STM32Cube/Example/BLE_Beacon/Core/Src/main.c:204:13:MX_RADIO_Init	16	static
C:/Users/jonac/STM32Cube/Example/BLE_Beacon/Core/Src/main.c:239:13:MX_RADIO_TIMER_Init	16	static
C:/Users/jonac/STM32Cube/Example/BLE_Beacon/Core/Src/main.c:278:6:MX_USART1_UART_Init	8	static
C:/Users/jonac/STM32Cube/Example/BLE_Beacon/Core/Src/main.c:326:13:MX_GPIO_Init	32	static
C:/Users/jonac/STM32Cube/Example/BLE_Beacon/Core/Src/main.c:362:6:Error_Handler	8	static,ignoring_inline_asm
