C:/Users/jonac/STM32Cube/Repository/STM32Cube_FW_WB0_V1.1.0/Drivers/STM32WB0x_HAL_Driver/Inc/stm32wb0x_ll_usart.h:3019:26:LL_USART_IsActiveFlag_RXNE_RXFNE	16	static
C:/Users/jonac/STM32Cube/Repository/STM32Cube_FW_WB0_V1.1.0/Drivers/STM32WB0x_HAL_Driver/Inc/stm32wb0x_ll_usart.h:4293:25:LL_USART_ReceiveData8	16	static
C:/Users/jonac/STM32Cube/Example/BLE_Beacon/Core/Src/stm32wb0x_it.c:78:6:NMI_Handler	8	static
C:/Users/jonac/STM32Cube/Example/BLE_Beacon/Core/Src/stm32wb0x_it.c:91:6:HardFault_Handler	8	static
C:/Users/jonac/STM32Cube/Example/BLE_Beacon/Core/Src/stm32wb0x_it.c:106:6:SVC_Handler	8	static
C:/Users/jonac/STM32Cube/Example/BLE_Beacon/Core/Src/stm32wb0x_it.c:119:6:PendSV_Handler	8	static
C:/Users/jonac/STM32Cube/Example/BLE_Beacon/Core/Src/stm32wb0x_it.c:132:6:SysTick_Handler	8	static
C:/Users/jonac/STM32Cube/Example/BLE_Beacon/Core/Src/stm32wb0x_it.c:153:6:USART1_IRQHandler	16	static
C:/Users/jonac/STM32Cube/Example/BLE_Beacon/Core/Src/stm32wb0x_it.c:177:6:PKA_IRQHandler	8	static
C:/Users/jonac/STM32Cube/Example/BLE_Beacon/Core/Src/stm32wb0x_it.c:191:6:RADIO_TIMER_CPU_WKUP_IRQHandler	8	static
C:/Users/jonac/STM32Cube/Example/BLE_Beacon/Core/Src/stm32wb0x_it.c:205:6:RADIO_TIMER_ERROR_IRQHandler	8	static
C:/Users/jonac/STM32Cube/Example/BLE_Beacon/Core/Src/stm32wb0x_it.c:219:6:RADIO_TXRX_IRQHandler	8	static
C:/Users/jonac/STM32Cube/Example/BLE_Beacon/Core/Src/stm32wb0x_it.c:233:6:RADIO_TXRX_SEQ_IRQHandler	8	static
