../Drivers/STM32WBAxx_HAL_Driver/Inc/stm32wbaxx_ll_system.h:993:26:LL_FLASH_GetUDN	4	static
../Drivers/STM32WBAxx_HAL_Driver/Inc/stm32wbaxx_ll_system.h:1003:26:LL_FLASH_GetDeviceID	4	static
../Drivers/STM32WBAxx_HAL_Driver/Inc/stm32wbaxx_ll_system.h:1013:26:LL_FLASH_GetSTCompanyID	4	static
../STM32_WPAN/App/app_ble.c:241:6:APP_BLE_Init	24	static
../STM32_WPAN/App/app_ble.c:345:28:SVCCTL_App_Notification	120	static
../STM32_WPAN/App/app_ble.c:709:22:APP_BLE_Get_Server_Connection_Status	4	static
../STM32_WPAN/App/app_ble.c:714:6:APP_BLE_Procedure_Gap_General	32	static
../STM32_WPAN/App/app_ble.c:799:6:APP_BLE_Procedure_Gap_Peripheral	80	static
../STM32_WPAN/App/app_ble.c:967:9:HOST_BLE_Init	16	static
../STM32_WPAN/App/app_ble.c:997:13:Ble_Hci_Gap_Gatt_Init	72	static
../STM32_WPAN/App/app_ble.c:1200:13:Ble_UserEvtRx	16	static
../STM32_WPAN/App/app_ble.c:1228:23:BleGetBdAddress	32	static
../STM32_WPAN/App/app_ble.c:1276:13:BleStack_Process_BG	8	static
../STM32_WPAN/App/app_ble.c:1284:13:gap_cmd_resp_release	8	static
../STM32_WPAN/App/app_ble.c:1290:13:gap_cmd_resp_wait	8	static
../STM32_WPAN/App/app_ble.c:1301:13:BLE_ResumeFlowProcessCallback	16	static
../STM32_WPAN/App/app_ble.c:1311:13:BLE_NvmCallback	16	static
../STM32_WPAN/App/app_ble.c:1323:13:Adv_Cancel_Req	16	static
../STM32_WPAN/App/app_ble.c:1329:13:Switch_OFF_GPIO	16	static
../STM32_WPAN/App/app_ble.c:1335:13:Adv_Cancel	8	static
../STM32_WPAN/App/app_ble.c:1345:13:fill_advData	32	static
../STM32_WPAN/App/app_ble.c:1422:12:BLECB_Indication	32	static
../STM32_WPAN/App/app_ble.c:1462:6:NVMCB_Store	16	static
../STM32_WPAN/App/app_ble.c:1474:6:APPE_Button1Action	8	static
../STM32_WPAN/App/app_ble.c:1489:6:APPE_Button2Action	16	static
../STM32_WPAN/App/app_ble.c:1515:6:APPE_Button3Action	8	static
