../Drivers/CMSIS/Include/core_cm33.h:2378:26:__NVIC_GetPriorityGrouping	4	static
../Drivers/CMSIS/Include/core_cm33.h:2390:22:__NVIC_EnableIRQ	16	static,ignoring_inline_asm
../Drivers/CMSIS/Include/core_cm33.h:2587:22:__NVIC_SetPriority	16	static
../Drivers/CMSIS/Include/core_cm33.h:2634:26:NVIC_EncodePriority	40	static
../Drivers/STM32WBAxx_HAL_Driver/Inc/stm32wbaxx_ll_rcc.h:813:22:LL_RCC_HSE_Enable	4	static
../Drivers/STM32WBAxx_HAL_Driver/Inc/stm32wbaxx_ll_rcc.h:833:26:LL_RCC_HSE_IsReady	4	static
../Drivers/STM32WBAxx_HAL_Driver/Inc/stm32wbaxx_ll_rcc.h:844:22:LL_RCC_HSE_EnablePrescaler	4	static
../Drivers/STM32WBAxx_HAL_Driver/Inc/stm32wbaxx_ll_rcc.h:855:26:LL_RCC_HSE_IsEnabledPrescaler	4	static
../Drivers/STM32WBAxx_HAL_Driver/Inc/stm32wbaxx_ll_rcc.h:866:22:LL_RCC_HSE_DisablePrescaler	4	static
../Drivers/STM32WBAxx_HAL_Driver/Inc/stm32wbaxx_ll_rcc.h:946:22:LL_RCC_HSI_Enable	4	static
../Drivers/STM32WBAxx_HAL_Driver/Inc/stm32wbaxx_ll_rcc.h:966:26:LL_RCC_HSI_IsReady	4	static
../Drivers/STM32WBAxx_HAL_Driver/Inc/stm32wbaxx_ll_rcc.h:1432:22:LL_RCC_SetSysClkSource	16	static
../Drivers/STM32WBAxx_HAL_Driver/Inc/stm32wbaxx_ll_rcc.h:1445:26:LL_RCC_GetSysClkSource	4	static
../Drivers/STM32WBAxx_HAL_Driver/Inc/stm32wbaxx_ll_rcc.h:1539:22:LL_RCC_SetAHB5Prescaler	16	static
../Drivers/STM32WBAxx_HAL_Driver/Inc/stm32wbaxx_ll_rcc.h:1552:22:LL_RCC_SetAHB5Divider	16	static
../Drivers/STM32WBAxx_HAL_Driver/Inc/stm32wbaxx_ll_rcc.h:1640:26:LL_RCC_GetAHB5Prescaler	4	static
../Drivers/STM32WBAxx_HAL_Driver/Inc/stm32wbaxx_ll_rcc.h:2210:22:LL_RCC_PLL1_Disable	4	static
../Drivers/STM32WBAxx_HAL_Driver/Inc/stm32wbaxx_ll_rcc.h:2358:22:LL_RCC_PLL1_SetMainSource	16	static
../Drivers/STM32WBAxx_HAL_Driver/Inc/stm32wbaxx_ll_rcc.h:2391:26:LL_RCC_PLL1_GetN	4	static
../Drivers/STM32WBAxx_HAL_Driver/Inc/stm32wbaxx_ll_rcc.h:2414:26:LL_RCC_PLL1_GetP	4	static
../Drivers/STM32WBAxx_HAL_Driver/Inc/stm32wbaxx_ll_rcc.h:2437:26:LL_RCC_PLL1_GetQ	4	static
../Drivers/STM32WBAxx_HAL_Driver/Inc/stm32wbaxx_ll_rcc.h:2459:26:LL_RCC_PLL1_GetR	4	static
../Drivers/STM32WBAxx_HAL_Driver/Inc/stm32wbaxx_ll_rcc.h:2479:26:LL_RCC_PLL1_GetDivider	4	static
../Drivers/STM32WBAxx_HAL_Driver/Inc/stm32wbaxx_ll_rcc.h:2553:22:LL_RCC_PLL1_EnableDomain_PLL1R	4	static
../Drivers/STM32WBAxx_HAL_Driver/Inc/stm32wbaxx_ll_rcc.h:2587:22:LL_RCC_PLL1FRACN_Enable	4	static
../Drivers/STM32WBAxx_HAL_Driver/Inc/stm32wbaxx_ll_rcc.h:2607:22:LL_RCC_PLL1FRACN_Disable	4	static
../Drivers/STM32WBAxx_HAL_Driver/Inc/stm32wbaxx_ll_rcc.h:2617:22:LL_RCC_PLL1_SetFRACN	16	static
../Drivers/STM32WBAxx_HAL_Driver/Inc/stm32wbaxx_ll_rcc.h:2627:26:LL_RCC_PLL1_GetFRACN	4	static
../Drivers/STM32WBAxx_HAL_Driver/Inc/stm32wbaxx_ll_bus.h:1270:22:LL_APB2_GRP1_EnableClock	24	static
../Drivers/STM32WBAxx_HAL_Driver/Inc/stm32wbaxx_ll_pwr.h:713:22:LL_PWR_SetRegulVoltageScaling	16	static
../Drivers/STM32WBAxx_HAL_Driver/Inc/stm32wbaxx_ll_pwr.h:1375:26:LL_PWR_IsActiveFlag_VOS	4	static
../Drivers/STM32WBAxx_HAL_Driver/Inc/stm32wbaxx_ll_tim.h:1633:22:LL_TIM_EnableCounter	16	static
../Drivers/STM32WBAxx_HAL_Driver/Inc/stm32wbaxx_ll_tim.h:1644:22:LL_TIM_DisableCounter	16	static
../Drivers/STM32WBAxx_HAL_Driver/Inc/stm32wbaxx_ll_tim.h:1655:26:LL_TIM_IsEnabledCounter	16	static
../Drivers/STM32WBAxx_HAL_Driver/Inc/stm32wbaxx_ll_tim.h:1666:22:LL_TIM_EnableUpdateEvent	16	static
../Drivers/STM32WBAxx_HAL_Driver/Inc/stm32wbaxx_ll_tim.h:1677:22:LL_TIM_DisableUpdateEvent	16	static
../Drivers/STM32WBAxx_HAL_Driver/Inc/stm32wbaxx_ll_tim.h:1736:22:LL_TIM_SetOnePulseMode	16	static
../Drivers/STM32WBAxx_HAL_Driver/Inc/stm32wbaxx_ll_tim.h:1824:22:LL_TIM_DisableARRPreload	16	static
../Drivers/STM32WBAxx_HAL_Driver/Inc/stm32wbaxx_ll_tim.h:1901:26:LL_TIM_GetCounter	16	static
../Drivers/STM32WBAxx_HAL_Driver/Inc/stm32wbaxx_ll_tim.h:4837:22:LL_TIM_ClearFlag_UPDATE	16	static
../Drivers/STM32WBAxx_HAL_Driver/Inc/stm32wbaxx_ll_tim.h:5303:22:LL_TIM_EnableIT_UPDATE	16	static
../Drivers/STM32WBAxx_HAL_Driver/Inc/stm32wbaxx_ll_tim.h:5314:22:LL_TIM_DisableIT_UPDATE	16	static
../System/Modules/scm.c:28:13:SCM_HSI_CLK_ON	8	static
../System/Modules/scm.c:34:13:SCM_HSI_CLK_OFF	4	static
../System/Modules/scm.c:40:13:SCM_HSI_SwithSystemClock_Entry	4	static
../System/Modules/scm.c:45:13:SCM_HSI_SwithSystemClock_Exit	4	static
../System/Modules/scm.c:96:36:scm_getmaxfreq	0	static
../System/Modules/scm.c:112:23:scm_systemclockconfig	8	static
../System/Modules/scm.c:194:23:SwitchHsePre	8	static
../System/Modules/scm.c:245:23:SwitchHse16toHse32	8	static
../System/Modules/scm.c:269:23:SwitchHse32toHse16	8	static
../System/Modules/scm.c:291:23:SwitchPlltoHse32	8	static
../System/Modules/scm.c:311:23:ConfigStartPll	8	static
../System/Modules/scm.c:326:13:ConfigHwPll	24	static
../System/Modules/scm.c:370:13:SCM_HSE_TimerInit	32	static
../System/Modules/scm.c:399:16:scm_init	24	static
../System/Modules/scm.c:499:16:scm_setup	8	static
../System/Modules/scm.c:584:16:scm_pll_setconfig	12	static
../System/Modules/scm.c:607:16:scm_pll_fractional_update	8	static
../System/Modules/scm.c:633:16:scm_setsystemclock	16	static,ignoring_inline_asm
../System/Modules/scm.c:731:13:scm_pllready	4	static
../System/Modules/scm.c:746:16:scm_setwaitstates	8	static
../System/Modules/scm.c:806:16:scm_hserdy_isr	8	static
../System/Modules/scm.c:872:16:scm_pllrdy_isr	8	static
../System/Modules/scm.c:910:16:scm_notifyradiostate	0	static
../System/Modules/scm.c:929:16:scm_standbyexit	8	static
../System/Modules/scm.c:946:19:isRadioActive	4	static
../System/Modules/scm.c:951:19:SCM_HSE_Get_SW_HSERDY	0	static
../System/Modules/scm.c:956:16:SCM_HSE_Set_SW_HSERDY	0	static,ignoring_inline_asm
../System/Modules/scm.c:963:16:SCM_HSE_Clear_SW_HSERDY	0	static,ignoring_inline_asm
../System/Modules/scm.c:970:16:SCM_HSE_WaitUntilReady	8	static
../System/Modules/scm.c:1008:16:SCM_HSE_StartStabilizationTimer	8	static
../System/Modules/scm.c:1025:16:SCM_HSE_StopStabilizationTimer	16	static,ignoring_inline_asm
../System/Modules/scm.c:1039:16:SCM_HSE_SW_HSERDY_isr	8	static
