../Middlewares/ST/STM32_WPAN/link_layer/ll_sys/src/ll_sys_intf.c:29:6:ll_sys_init	0	static
../Middlewares/ST/STM32_WPAN/link_layer/ll_sys/src/ll_sys_intf.c:39:6:ll_sys_delay_us	0	static
../Middlewares/ST/STM32_WPAN/link_layer/ll_sys/src/ll_sys_intf.c:49:6:ll_sys_assert	0	static
../Middlewares/ST/STM32_WPAN/link_layer/ll_sys/src/ll_sys_intf.c:59:6:ll_sys_radio_ack_ctrl	0	static
../Middlewares/ST/STM32_WPAN/link_layer/ll_sys/src/ll_sys_intf.c:69:6:ll_sys_radio_wait_for_busclkrdy	0	static
../Middlewares/ST/STM32_WPAN/link_layer/ll_sys/src/ll_sys_intf.c:79:6:ll_sys_get_rng	0	static
../Middlewares/ST/STM32_WPAN/link_layer/ll_sys/src/ll_sys_intf.c:89:6:ll_sys_setup_radio_intr	0	static
../Middlewares/ST/STM32_WPAN/link_layer/ll_sys/src/ll_sys_intf.c:100:6:ll_sys_setup_radio_sw_low_intr	0	static
../Middlewares/ST/STM32_WPAN/link_layer/ll_sys/src/ll_sys_intf.c:110:6:ll_sys_radio_sw_low_intr_trigger	0	static
../Middlewares/ST/STM32_WPAN/link_layer/ll_sys/src/ll_sys_intf.c:120:6:ll_sys_radio_evt_not	0	static
../Middlewares/ST/STM32_WPAN/link_layer/ll_sys/src/ll_sys_intf.c:138:6:ll_sys_request_temperature	0	static
../Middlewares/ST/STM32_WPAN/link_layer/ll_sys/src/ll_sys_intf.c:164:13:HostStack_Process	0	static
../Middlewares/ST/STM32_WPAN/link_layer/ll_sys/src/ll_sys_intf.c:148:6:ll_sys_bg_process	8	static
