../Middlewares/Third_Party/FreeRTOS/Source/tasks.c:569:18:xTaskCreateStatic	56	static
../Middlewares/Third_Party/FreeRTOS/Source/tasks.c:726:16:xTaskCreate	56	static
../Middlewares/Third_Party/FreeRTOS/Source/tasks.c:821:13:prvInitialiseNewTask	48	static
../Middlewares/Third_Party/FreeRTOS/Source/tasks.c:1031:13:prvAddNewTaskToReadyList	24	static
../Middlewares/Third_Party/FreeRTOS/Source/tasks.c:1117:10:vTaskDelete	24	static
../Middlewares/Third_Party/FreeRTOS/Source/tasks.c:1219:16:xTaskDelayUntil	72	static
../Middlewares/Third_Party/FreeRTOS/Source/tasks.c:1306:10:vTaskDelay	24	static
../Middlewares/Third_Party/FreeRTOS/Source/tasks.c:1351:16:eTaskGetState	40	static
../Middlewares/Third_Party/FreeRTOS/Source/tasks.c:1450:17:uxTaskPriorityGet	24	static
../Middlewares/Third_Party/FreeRTOS/Source/tasks.c:1472:17:uxTaskPriorityGetFromISR	32	static
../Middlewares/Third_Party/FreeRTOS/Source/tasks.c:1512:10:vTaskPrioritySet	64	static
../Middlewares/Third_Party/FreeRTOS/Source/tasks.c:1678:10:vTaskSuspend	24	static
../Middlewares/Third_Party/FreeRTOS/Source/tasks.c:1784:23:prvTaskIsTaskSuspended	24	static
../Middlewares/Third_Party/FreeRTOS/Source/tasks.c:1830:10:vTaskResume	24	static
../Middlewares/Third_Party/FreeRTOS/Source/tasks.c:1884:16:xTaskResumeFromISR	32	static
../Middlewares/Third_Party/FreeRTOS/Source/tasks.c:1959:6:vTaskStartScheduler	40	static
../Middlewares/Third_Party/FreeRTOS/Source/tasks.c:2084:6:vTaskEndScheduler	8	static
../Middlewares/Third_Party/FreeRTOS/Source/tasks.c:2095:6:vTaskSuspendAll	4	static,ignoring_inline_asm
../Middlewares/Third_Party/FreeRTOS/Source/tasks.c:2118:23:prvGetExpectedIdleTime	32	static
../Middlewares/Third_Party/FreeRTOS/Source/tasks.c:2179:12:xTaskResumeAll	48	static,ignoring_inline_asm
../Middlewares/Third_Party/FreeRTOS/Source/tasks.c:2291:12:xTaskGetTickCount	16	static
../Middlewares/Third_Party/FreeRTOS/Source/tasks.c:2306:12:xTaskGetTickCountFromISR	24	static
../Middlewares/Third_Party/FreeRTOS/Source/tasks.c:2337:13:uxTaskGetNumberOfTasks	4	static
../Middlewares/Third_Party/FreeRTOS/Source/tasks.c:2345:8:pcTaskGetName	24	static
../Middlewares/Third_Party/FreeRTOS/Source/tasks.c:2494:17:uxTaskGetSystemState	32	static
../Middlewares/Third_Party/FreeRTOS/Source/tasks.c:2586:10:vTaskStepTick	56	static
../Middlewares/Third_Party/FreeRTOS/Source/tasks.c:2621:12:xTaskCatchUpTicks	32	static
../Middlewares/Third_Party/FreeRTOS/Source/tasks.c:2725:12:xTaskIncrementTick	64	static
../Middlewares/Third_Party/FreeRTOS/Source/tasks.c:3015:6:vTaskSwitchContext	16	static
../Middlewares/Third_Party/FreeRTOS/Source/tasks.c:3089:6:vTaskPlaceOnEventList	24	static
../Middlewares/Third_Party/FreeRTOS/Source/tasks.c:3114:6:vTaskPlaceOnUnorderedEventList	40	static
../Middlewares/Third_Party/FreeRTOS/Source/tasks.c:3142:10:vTaskPlaceOnEventListRestricted	32	static
../Middlewares/Third_Party/FreeRTOS/Source/tasks.c:3175:12:xTaskRemoveFromEventList	40	static
../Middlewares/Third_Party/FreeRTOS/Source/tasks.c:3243:6:vTaskRemoveFromUnorderedEventList	48	static
../Middlewares/Third_Party/FreeRTOS/Source/tasks.c:3292:6:vTaskSetTimeOutState	16	static
../Middlewares/Third_Party/FreeRTOS/Source/tasks.c:3304:6:vTaskInternalSetTimeOutState	16	static
../Middlewares/Third_Party/FreeRTOS/Source/tasks.c:3312:12:xTaskCheckForTimeOut	56	static
../Middlewares/Third_Party/FreeRTOS/Source/tasks.c:3377:6:vTaskMissedYield	4	static
../Middlewares/Third_Party/FreeRTOS/Source/tasks.c:3385:17:uxTaskGetTaskNumber	24	static
../Middlewares/Third_Party/FreeRTOS/Source/tasks.c:3408:10:vTaskSetTaskNumber	24	static
../Middlewares/Third_Party/FreeRTOS/Source/tasks.c:3433:8:prvIdleTask	24	static
../Middlewares/Third_Party/FreeRTOS/Source/tasks.c:3552:22:eTaskConfirmSleepModeStatus	16	static
../Middlewares/Third_Party/FreeRTOS/Source/tasks.c:3663:13:prvInitialiseTaskLists	16	static
../Middlewares/Third_Party/FreeRTOS/Source/tasks.c:3695:13:prvCheckTasksWaitingTermination	16	static
../Middlewares/Third_Party/FreeRTOS/Source/tasks.c:3725:10:vTaskGetInfo	32	static
../Middlewares/Third_Party/FreeRTOS/Source/tasks.c:3828:24:prvListTasksWithinSingleList	48	static
../Middlewares/Third_Party/FreeRTOS/Source/tasks.c:3864:35:prvTaskCheckFreeStackSpace	24	static
../Middlewares/Third_Party/FreeRTOS/Source/tasks.c:3924:17:uxTaskGetStackHighWaterMark	32	static
../Middlewares/Third_Party/FreeRTOS/Source/tasks.c:3952:17:prvDeleteTCB	16	static
../Middlewares/Third_Party/FreeRTOS/Source/tasks.c:4005:13:prvResetNextTaskUnblockTime	4	static
../Middlewares/Third_Party/FreeRTOS/Source/tasks.c:4028:18:xTaskGetCurrentTaskHandle	16	static
../Middlewares/Third_Party/FreeRTOS/Source/tasks.c:4045:16:xTaskGetSchedulerState	16	static
../Middlewares/Third_Party/FreeRTOS/Source/tasks.c:4073:16:xTaskPriorityInherit	48	static
../Middlewares/Third_Party/FreeRTOS/Source/tasks.c:4163:16:xTaskPriorityDisinherit	48	static
../Middlewares/Third_Party/FreeRTOS/Source/tasks.c:4243:10:vTaskPriorityDisinheritAfterTimeout	56	static
../Middlewares/Third_Party/FreeRTOS/Source/tasks.c:4664:12:uxTaskResetEventItemValue	24	static
../Middlewares/Third_Party/FreeRTOS/Source/tasks.c:4680:18:pvTaskIncrementMutexHeldCount	4	static
../Middlewares/Third_Party/FreeRTOS/Source/tasks.c:4697:14:ulTaskGenericNotifyTake	32	static
../Middlewares/Third_Party/FreeRTOS/Source/tasks.c:4769:16:xTaskGenericNotifyWait	32	static
../Middlewares/Third_Party/FreeRTOS/Source/tasks.c:4855:16:xTaskGenericNotify	48	static
../Middlewares/Third_Party/FreeRTOS/Source/tasks.c:4978:16:xTaskGenericNotifyFromISR	56	static
../Middlewares/Third_Party/FreeRTOS/Source/tasks.c:5117:10:vTaskGenericNotifyGiveFromISR	48	static
../Middlewares/Third_Party/FreeRTOS/Source/tasks.c:5206:16:xTaskGenericNotifyStateClear	24	static
../Middlewares/Third_Party/FreeRTOS/Source/tasks.c:5240:14:ulTaskGenericNotifyValueClear	32	static
../Middlewares/Third_Party/FreeRTOS/Source/tasks.c:5303:13:prvAddCurrentTaskToDelayedList	56	static
